
*** Running vivado
    with args -log image_block_wrapper.vds -m64 -product Vivado -mode batch -messageDb vivado.pb -notrace -source image_block_wrapper.tcl



****** Vivado v2025.2 (64-bit)
  **** SW Build 6299465 on Fri Nov 14 19:35:11 GMT 2025
  **** IP Build 6300035 on Fri Nov 14 10:48:45 MST 2025
  **** SharedData Build 6298862 on Thu Nov 13 04:50:51 MST 2025
  **** Start of session at: Thu Jul  9 19:14:03 2026
    ** Copyright 1986-2022 Xilinx, Inc. All Rights Reserved.
    ** Copyright 2022-2025 Advanced Micro Devices, Inc. All Rights Reserved.

source image_block_wrapper.tcl -notrace
create_project: Time (s): cpu = 00:00:26 ; elapsed = 00:00:28 . Memory (MB): peak = 557.074 ; gain = 223.355
INFO: [IP_Flow 19-234] Refreshing IP repositories
INFO: [IP_Flow 19-1704] No user IP repositories specified
INFO: [IP_Flow 19-2313] Loaded Vivado IP repository 'C:/AMDDesignTools/2025.2/Vivado/data/ip'.
INFO: [Project 1-5698] Found the below utility IPs instantiated in block design C:/Users/user/Desktop/project/FPGA/BARN AI/BARN AI.srcs/sources_1/bd/image_block/image_block.bd which have equivalent inline hdl with improved performance and reduced diskspace.
It is recommended to migrate these utility IPs to inline hdl  using the command upgrade_project -migrate_to_inline_hdl.  The utility IPs may be deprecated in future releases.
More information on inline hdl is available in UG994.
Utility IP Component Instances:
 image_block_xlconstant_0_0
image_block_xlconstant_0_1
add_files: Time (s): cpu = 00:00:06 ; elapsed = 00:00:09 . Memory (MB): peak = 605.645 ; gain = 48.570
Command: synth_design -top image_block_wrapper -part xc7z020clg400-1
Starting synth_design
Attempting to get a license for feature 'Synthesis' and/or device 'xc7z020'
INFO: [Common 17-349] Got license for feature 'Synthesis' and/or device 'xc7z020'
INFO: [Device 21-403] Loading part xc7z020clg400-1
INFO: [Synth 8-7079] Multithreading enabled for synth_design using a maximum of 2 processes.
INFO: [Synth 8-7078] Launching helper process for spawning children vivado processes
INFO: [Synth 8-7075] Helper process launched with PID 7824
---------------------------------------------------------------------------------
Starting RTL Elaboration : Time (s): cpu = 00:00:15 ; elapsed = 00:00:17 . Memory (MB): peak = 1379.113 ; gain = 540.953
---------------------------------------------------------------------------------
INFO: [Synth 8-6157] synthesizing module 'image_block_wrapper' [c:/Users/user/Desktop/project/FPGA/BARN AI/BARN AI.gen/sources_1/bd/image_block/hdl/image_block_wrapper.v:13]
INFO: [Synth 8-6157] synthesizing module 'image_block' [c:/Users/user/Desktop/project/FPGA/BARN AI/BARN AI.gen/sources_1/bd/image_block/synth/image_block.v:13]
INFO: [Synth 8-6157] synthesizing module 'image_block_axi_mem_intercon_0' [c:/Users/user/Desktop/project/FPGA/BARN AI/BARN AI.gen/sources_1/bd/image_block/synth/image_block.v:441]
INFO: [Synth 8-6157] synthesizing module 's00_couplers_imp_VHS1OY' [c:/Users/user/Desktop/project/FPGA/BARN AI/BARN AI.gen/sources_1/bd/image_block/synth/image_block.v:603]
INFO: [Synth 8-6157] synthesizing module 'image_block_axi_mem_intercon_imp_auto_pc_0' [C:/Users/user/Desktop/project/FPGA/BARN AI/BARN AI.runs/synth_1/.Xil/Vivado-30308-LAPTOP-MPD8ATBV/realtime/image_block_axi_mem_intercon_imp_auto_pc_0_stub.v:6]
INFO: [Synth 8-6155] done synthesizing module 'image_block_axi_mem_intercon_imp_auto_pc_0' (0#1) [C:/Users/user/Desktop/project/FPGA/BARN AI/BARN AI.runs/synth_1/.Xil/Vivado-30308-LAPTOP-MPD8ATBV/realtime/image_block_axi_mem_intercon_imp_auto_pc_0_stub.v:6]
INFO: [Synth 8-6155] done synthesizing module 's00_couplers_imp_VHS1OY' (0#1) [c:/Users/user/Desktop/project/FPGA/BARN AI/BARN AI.gen/sources_1/bd/image_block/synth/image_block.v:603]
INFO: [Synth 8-6155] done synthesizing module 'image_block_axi_mem_intercon_0' (0#1) [c:/Users/user/Desktop/project/FPGA/BARN AI/BARN AI.gen/sources_1/bd/image_block/synth/image_block.v:441]
INFO: [Synth 8-6157] synthesizing module 'image_block_axi_smc_0' [C:/Users/user/Desktop/project/FPGA/BARN AI/BARN AI.runs/synth_1/.Xil/Vivado-30308-LAPTOP-MPD8ATBV/realtime/image_block_axi_smc_0_stub.v:6]
INFO: [Synth 8-6155] done synthesizing module 'image_block_axi_smc_0' (0#1) [C:/Users/user/Desktop/project/FPGA/BARN AI/BARN AI.runs/synth_1/.Xil/Vivado-30308-LAPTOP-MPD8ATBV/realtime/image_block_axi_smc_0_stub.v:6]
WARNING: [Synth 8-7071] port 'M00_AXI_awprot' of module 'image_block_axi_smc_0' is unconnected for instance 'axi_smc' [c:/Users/user/Desktop/project/FPGA/BARN AI/BARN AI.gen/sources_1/bd/image_block/synth/image_block.v:219]
WARNING: [Synth 8-7071] port 'M00_AXI_wstrb' of module 'image_block_axi_smc_0' is unconnected for instance 'axi_smc' [c:/Users/user/Desktop/project/FPGA/BARN AI/BARN AI.gen/sources_1/bd/image_block/synth/image_block.v:219]
WARNING: [Synth 8-7071] port 'M00_AXI_arprot' of module 'image_block_axi_smc_0' is unconnected for instance 'axi_smc' [c:/Users/user/Desktop/project/FPGA/BARN AI/BARN AI.gen/sources_1/bd/image_block/synth/image_block.v:219]
WARNING: [Synth 8-7023] instance 'axi_smc' of module 'image_block_axi_smc_0' has 59 connections declared, but only 56 given [c:/Users/user/Desktop/project/FPGA/BARN AI/BARN AI.gen/sources_1/bd/image_block/synth/image_block.v:219]
INFO: [Synth 8-6157] synthesizing module 'image_block_axi_vdma_0_0' [C:/Users/user/Desktop/project/FPGA/BARN AI/BARN AI.runs/synth_1/.Xil/Vivado-30308-LAPTOP-MPD8ATBV/realtime/image_block_axi_vdma_0_0_stub.v:6]
INFO: [Synth 8-6155] done synthesizing module 'image_block_axi_vdma_0_0' (0#1) [C:/Users/user/Desktop/project/FPGA/BARN AI/BARN AI.runs/synth_1/.Xil/Vivado-30308-LAPTOP-MPD8ATBV/realtime/image_block_axi_vdma_0_0_stub.v:6]
WARNING: [Synth 8-7071] port 's2mm_frame_ptr_out' of module 'image_block_axi_vdma_0_0' is unconnected for instance 'axi_vdma_0' [c:/Users/user/Desktop/project/FPGA/BARN AI/BARN AI.gen/sources_1/bd/image_block/synth/image_block.v:276]
WARNING: [Synth 8-7071] port 's2mm_introut' of module 'image_block_axi_vdma_0_0' is unconnected for instance 'axi_vdma_0' [c:/Users/user/Desktop/project/FPGA/BARN AI/BARN AI.gen/sources_1/bd/image_block/synth/image_block.v:276]
WARNING: [Synth 8-7023] instance 'axi_vdma_0' of module 'image_block_axi_vdma_0_0' has 45 connections declared, but only 43 given [c:/Users/user/Desktop/project/FPGA/BARN AI/BARN AI.gen/sources_1/bd/image_block/synth/image_block.v:276]
INFO: [Synth 8-6157] synthesizing module 'image_block_axis_tpg_0_0' [C:/Users/user/Desktop/project/FPGA/BARN AI/BARN AI.runs/synth_1/.Xil/Vivado-30308-LAPTOP-MPD8ATBV/realtime/image_block_axis_tpg_0_0_stub.v:6]
INFO: [Synth 8-6155] done synthesizing module 'image_block_axis_tpg_0_0' (0#1) [C:/Users/user/Desktop/project/FPGA/BARN AI/BARN AI.runs/synth_1/.Xil/Vivado-30308-LAPTOP-MPD8ATBV/realtime/image_block_axis_tpg_0_0_stub.v:6]
INFO: [Synth 8-6157] synthesizing module 'image_block_processing_system7_0_0' [C:/Users/user/Desktop/project/FPGA/BARN AI/BARN AI.runs/synth_1/.Xil/Vivado-30308-LAPTOP-MPD8ATBV/realtime/image_block_processing_system7_0_0_stub.v:6]
INFO: [Synth 8-6155] done synthesizing module 'image_block_processing_system7_0_0' (0#1) [C:/Users/user/Desktop/project/FPGA/BARN AI/BARN AI.runs/synth_1/.Xil/Vivado-30308-LAPTOP-MPD8ATBV/realtime/image_block_processing_system7_0_0_stub.v:6]
WARNING: [Synth 8-7071] port 'USB0_PORT_INDCTL' of module 'image_block_processing_system7_0_0' is unconnected for instance 'processing_system7_0' [c:/Users/user/Desktop/project/FPGA/BARN AI/BARN AI.gen/sources_1/bd/image_block/synth/image_block.v:330]
WARNING: [Synth 8-7071] port 'USB0_VBUS_PWRSELECT' of module 'image_block_processing_system7_0_0' is unconnected for instance 'processing_system7_0' [c:/Users/user/Desktop/project/FPGA/BARN AI/BARN AI.gen/sources_1/bd/image_block/synth/image_block.v:330]
WARNING: [Synth 8-7071] port 'S_AXI_HP0_ARREADY' of module 'image_block_processing_system7_0_0' is unconnected for instance 'processing_system7_0' [c:/Users/user/Desktop/project/FPGA/BARN AI/BARN AI.gen/sources_1/bd/image_block/synth/image_block.v:330]
WARNING: [Synth 8-7071] port 'S_AXI_HP0_RLAST' of module 'image_block_processing_system7_0_0' is unconnected for instance 'processing_system7_0' [c:/Users/user/Desktop/project/FPGA/BARN AI/BARN AI.gen/sources_1/bd/image_block/synth/image_block.v:330]
WARNING: [Synth 8-7071] port 'S_AXI_HP0_RVALID' of module 'image_block_processing_system7_0_0' is unconnected for instance 'processing_system7_0' [c:/Users/user/Desktop/project/FPGA/BARN AI/BARN AI.gen/sources_1/bd/image_block/synth/image_block.v:330]
WARNING: [Synth 8-7071] port 'S_AXI_HP0_RRESP' of module 'image_block_processing_system7_0_0' is unconnected for instance 'processing_system7_0' [c:/Users/user/Desktop/project/FPGA/BARN AI/BARN AI.gen/sources_1/bd/image_block/synth/image_block.v:330]
WARNING: [Synth 8-7071] port 'S_AXI_HP0_BID' of module 'image_block_processing_system7_0_0' is unconnected for instance 'processing_system7_0' [c:/Users/user/Desktop/project/FPGA/BARN AI/BARN AI.gen/sources_1/bd/image_block/synth/image_block.v:330]
WARNING: [Synth 8-7071] port 'S_AXI_HP0_RID' of module 'image_block_processing_system7_0_0' is unconnected for instance 'processing_system7_0' [c:/Users/user/Desktop/project/FPGA/BARN AI/BARN AI.gen/sources_1/bd/image_block/synth/image_block.v:330]
WARNING: [Synth 8-7071] port 'S_AXI_HP0_RDATA' of module 'image_block_processing_system7_0_0' is unconnected for instance 'processing_system7_0' [c:/Users/user/Desktop/project/FPGA/BARN AI/BARN AI.gen/sources_1/bd/image_block/synth/image_block.v:330]
WARNING: [Synth 8-7071] port 'S_AXI_HP0_RCOUNT' of module 'image_block_processing_system7_0_0' is unconnected for instance 'processing_system7_0' [c:/Users/user/Desktop/project/FPGA/BARN AI/BARN AI.gen/sources_1/bd/image_block/synth/image_block.v:330]
WARNING: [Synth 8-7071] port 'S_AXI_HP0_WCOUNT' of module 'image_block_processing_system7_0_0' is unconnected for instance 'processing_system7_0' [c:/Users/user/Desktop/project/FPGA/BARN AI/BARN AI.gen/sources_1/bd/image_block/synth/image_block.v:330]
WARNING: [Synth 8-7071] port 'S_AXI_HP0_RACOUNT' of module 'image_block_processing_system7_0_0' is unconnected for instance 'processing_system7_0' [c:/Users/user/Desktop/project/FPGA/BARN AI/BARN AI.gen/sources_1/bd/image_block/synth/image_block.v:330]
WARNING: [Synth 8-7071] port 'S_AXI_HP0_WACOUNT' of module 'image_block_processing_system7_0_0' is unconnected for instance 'processing_system7_0' [c:/Users/user/Desktop/project/FPGA/BARN AI/BARN AI.gen/sources_1/bd/image_block/synth/image_block.v:330]
WARNING: [Synth 8-7023] instance 'processing_system7_0' of module 'image_block_processing_system7_0_0' has 110 connections declared, but only 97 given [c:/Users/user/Desktop/project/FPGA/BARN AI/BARN AI.gen/sources_1/bd/image_block/synth/image_block.v:330]
INFO: [Synth 8-6157] synthesizing module 'image_block_rst_ps7_0_100M_0' [C:/Users/user/Desktop/project/FPGA/BARN AI/BARN AI.runs/synth_1/.Xil/Vivado-30308-LAPTOP-MPD8ATBV/realtime/image_block_rst_ps7_0_100M_0_stub.v:6]
INFO: [Synth 8-6155] done synthesizing module 'image_block_rst_ps7_0_100M_0' (0#1) [C:/Users/user/Desktop/project/FPGA/BARN AI/BARN AI.runs/synth_1/.Xil/Vivado-30308-LAPTOP-MPD8ATBV/realtime/image_block_rst_ps7_0_100M_0_stub.v:6]
WARNING: [Synth 8-7071] port 'mb_reset' of module 'image_block_rst_ps7_0_100M_0' is unconnected for instance 'rst_ps7_0_100M' [c:/Users/user/Desktop/project/FPGA/BARN AI/BARN AI.gen/sources_1/bd/image_block/synth/image_block.v:428]
WARNING: [Synth 8-7071] port 'bus_struct_reset' of module 'image_block_rst_ps7_0_100M_0' is unconnected for instance 'rst_ps7_0_100M' [c:/Users/user/Desktop/project/FPGA/BARN AI/BARN AI.gen/sources_1/bd/image_block/synth/image_block.v:428]
WARNING: [Synth 8-7071] port 'peripheral_reset' of module 'image_block_rst_ps7_0_100M_0' is unconnected for instance 'rst_ps7_0_100M' [c:/Users/user/Desktop/project/FPGA/BARN AI/BARN AI.gen/sources_1/bd/image_block/synth/image_block.v:428]
WARNING: [Synth 8-7071] port 'interconnect_aresetn' of module 'image_block_rst_ps7_0_100M_0' is unconnected for instance 'rst_ps7_0_100M' [c:/Users/user/Desktop/project/FPGA/BARN AI/BARN AI.gen/sources_1/bd/image_block/synth/image_block.v:428]
WARNING: [Synth 8-7023] instance 'rst_ps7_0_100M' of module 'image_block_rst_ps7_0_100M_0' has 10 connections declared, but only 6 given [c:/Users/user/Desktop/project/FPGA/BARN AI/BARN AI.gen/sources_1/bd/image_block/synth/image_block.v:428]
INFO: [Synth 8-6157] synthesizing module 'image_block_xlconstant_0_0' [c:/Users/user/Desktop/project/FPGA/BARN AI/BARN AI.gen/sources_1/bd/image_block/ip/image_block_xlconstant_0_0/synth/image_block_xlconstant_0_0.v:53]
INFO: [Synth 8-6157] synthesizing module 'xlconstant_v1_1_10_xlconstant' [c:/Users/user/Desktop/project/FPGA/BARN AI/BARN AI.gen/sources_1/bd/image_block/ipshared/a165/hdl/xlconstant_v1_1_vl_rfs.v:68]
INFO: [Synth 8-6155] done synthesizing module 'xlconstant_v1_1_10_xlconstant' (0#1) [c:/Users/user/Desktop/project/FPGA/BARN AI/BARN AI.gen/sources_1/bd/image_block/ipshared/a165/hdl/xlconstant_v1_1_vl_rfs.v:68]
INFO: [Synth 8-6155] done synthesizing module 'image_block_xlconstant_0_0' (0#1) [c:/Users/user/Desktop/project/FPGA/BARN AI/BARN AI.gen/sources_1/bd/image_block/ip/image_block_xlconstant_0_0/synth/image_block_xlconstant_0_0.v:53]
INFO: [Synth 8-6157] synthesizing module 'image_block_xlconstant_0_1' [c:/Users/user/Desktop/project/FPGA/BARN AI/BARN AI.gen/sources_1/bd/image_block/ip/image_block_xlconstant_0_1/synth/image_block_xlconstant_0_1.v:53]
INFO: [Synth 8-6157] synthesizing module 'xlconstant_v1_1_10_xlconstant__parameterized0' [c:/Users/user/Desktop/project/FPGA/BARN AI/BARN AI.gen/sources_1/bd/image_block/ipshared/a165/hdl/xlconstant_v1_1_vl_rfs.v:68]
INFO: [Synth 8-6155] done synthesizing module 'xlconstant_v1_1_10_xlconstant__parameterized0' (0#1) [c:/Users/user/Desktop/project/FPGA/BARN AI/BARN AI.gen/sources_1/bd/image_block/ipshared/a165/hdl/xlconstant_v1_1_vl_rfs.v:68]
INFO: [Synth 8-6155] done synthesizing module 'image_block_xlconstant_0_1' (0#1) [c:/Users/user/Desktop/project/FPGA/BARN AI/BARN AI.gen/sources_1/bd/image_block/ip/image_block_xlconstant_0_1/synth/image_block_xlconstant_0_1.v:53]
INFO: [Synth 8-6155] done synthesizing module 'image_block' (0#1) [c:/Users/user/Desktop/project/FPGA/BARN AI/BARN AI.gen/sources_1/bd/image_block/synth/image_block.v:13]
INFO: [Synth 8-6155] done synthesizing module 'image_block_wrapper' (0#1) [c:/Users/user/Desktop/project/FPGA/BARN AI/BARN AI.gen/sources_1/bd/image_block/hdl/image_block_wrapper.v:13]
WARNING: [Synth 8-7129] Port M_ACLK in module s00_couplers_imp_VHS1OY is either unconnected or has no load
WARNING: [Synth 8-7129] Port M_ARESETN in module s00_couplers_imp_VHS1OY is either unconnected or has no load
WARNING: [Synth 8-7129] Port ACLK in module image_block_axi_mem_intercon_0 is either unconnected or has no load
WARNING: [Synth 8-7129] Port ARESETN in module image_block_axi_mem_intercon_0 is either unconnected or has no load
---------------------------------------------------------------------------------
Finished RTL Elaboration : Time (s): cpu = 00:00:20 ; elapsed = 00:00:23 . Memory (MB): peak = 1504.992 ; gain = 666.832
---------------------------------------------------------------------------------
---------------------------------------------------------------------------------
Start Handling Custom Attributes
---------------------------------------------------------------------------------
---------------------------------------------------------------------------------
Finished Handling Custom Attributes : Time (s): cpu = 00:00:20 ; elapsed = 00:00:24 . Memory (MB): peak = 1504.992 ; gain = 666.832
---------------------------------------------------------------------------------
---------------------------------------------------------------------------------
Finished RTL Optimization Phase 1 : Time (s): cpu = 00:00:20 ; elapsed = 00:00:24 . Memory (MB): peak = 1504.992 ; gain = 666.832
---------------------------------------------------------------------------------
Netlist sorting complete. Time (s): cpu = 00:00:00 ; elapsed = 00:00:00.032 . Memory (MB): peak = 1504.992 ; gain = 0.000
INFO: [Project 1-570] Preparing netlist for logic optimization

Processing XDC Constraints
Initializing timing engine
Parsing XDC File [c:/Users/user/Desktop/project/FPGA/BARN AI/BARN AI.gen/sources_1/bd/image_block/ip/image_block_processing_system7_0_0/image_block_processing_system7_0_0/image_block_processing_system7_0_0_in_context.xdc] for cell 'image_block_i/processing_system7_0'
Finished Parsing XDC File [c:/Users/user/Desktop/project/FPGA/BARN AI/BARN AI.gen/sources_1/bd/image_block/ip/image_block_processing_system7_0_0/image_block_processing_system7_0_0/image_block_processing_system7_0_0_in_context.xdc] for cell 'image_block_i/processing_system7_0'
Parsing XDC File [c:/Users/user/Desktop/project/FPGA/BARN AI/BARN AI.gen/sources_1/bd/image_block/ip/image_block_axis_tpg_0_0/image_block_axis_tpg_0_0/image_block_axis_tpg_0_0_in_context.xdc] for cell 'image_block_i/axis_tpg_0'
Finished Parsing XDC File [c:/Users/user/Desktop/project/FPGA/BARN AI/BARN AI.gen/sources_1/bd/image_block/ip/image_block_axis_tpg_0_0/image_block_axis_tpg_0_0/image_block_axis_tpg_0_0_in_context.xdc] for cell 'image_block_i/axis_tpg_0'
Parsing XDC File [c:/Users/user/Desktop/project/FPGA/BARN AI/BARN AI.gen/sources_1/bd/image_block/ip/image_block_axi_vdma_0_0/image_block_axi_vdma_0_0/image_block_axi_vdma_0_0_in_context.xdc] for cell 'image_block_i/axi_vdma_0'
Finished Parsing XDC File [c:/Users/user/Desktop/project/FPGA/BARN AI/BARN AI.gen/sources_1/bd/image_block/ip/image_block_axi_vdma_0_0/image_block_axi_vdma_0_0/image_block_axi_vdma_0_0_in_context.xdc] for cell 'image_block_i/axi_vdma_0'
Parsing XDC File [c:/Users/user/Desktop/project/FPGA/BARN AI/BARN AI.gen/sources_1/bd/image_block/ip/image_block_axi_smc_0/image_block_axi_smc_0/image_block_axi_smc_0_in_context.xdc] for cell 'image_block_i/axi_smc'
Finished Parsing XDC File [c:/Users/user/Desktop/project/FPGA/BARN AI/BARN AI.gen/sources_1/bd/image_block/ip/image_block_axi_smc_0/image_block_axi_smc_0/image_block_axi_smc_0_in_context.xdc] for cell 'image_block_i/axi_smc'
Parsing XDC File [c:/Users/user/Desktop/project/FPGA/BARN AI/BARN AI.gen/sources_1/bd/image_block/ip/image_block_rst_ps7_0_100M_0/image_block_rst_ps7_0_100M_0/image_block_rst_ps7_0_100M_0_in_context.xdc] for cell 'image_block_i/rst_ps7_0_100M'
Finished Parsing XDC File [c:/Users/user/Desktop/project/FPGA/BARN AI/BARN AI.gen/sources_1/bd/image_block/ip/image_block_rst_ps7_0_100M_0/image_block_rst_ps7_0_100M_0/image_block_rst_ps7_0_100M_0_in_context.xdc] for cell 'image_block_i/rst_ps7_0_100M'
Parsing XDC File [c:/Users/user/Desktop/project/FPGA/BARN AI/BARN AI.gen/sources_1/bd/image_block/ip/image_block_axi_mem_intercon_imp_auto_pc_0/image_block_axi_mem_intercon_imp_auto_pc_0/image_block_axi_mem_intercon_imp_auto_pc_0_in_context.xdc] for cell 'image_block_i/axi_mem_intercon/s00_couplers/auto_pc'
Finished Parsing XDC File [c:/Users/user/Desktop/project/FPGA/BARN AI/BARN AI.gen/sources_1/bd/image_block/ip/image_block_axi_mem_intercon_imp_auto_pc_0/image_block_axi_mem_intercon_imp_auto_pc_0/image_block_axi_mem_intercon_imp_auto_pc_0_in_context.xdc] for cell 'image_block_i/axi_mem_intercon/s00_couplers/auto_pc'
Parsing XDC File [C:/Users/user/Desktop/project/FPGA/BARN AI/BARN AI.runs/synth_1/dont_touch.xdc]
Finished Parsing XDC File [C:/Users/user/Desktop/project/FPGA/BARN AI/BARN AI.runs/synth_1/dont_touch.xdc]
Completed Processing XDC Constraints

Netlist sorting complete. Time (s): cpu = 00:00:00 ; elapsed = 00:00:00 . Memory (MB): peak = 1504.992 ; gain = 0.000
INFO: [Project 1-111] Unisim Transformation Summary:
No Unisim elements were transformed.

Constraint Validation Runtime : Time (s): cpu = 00:00:00 ; elapsed = 00:00:00.084 . Memory (MB): peak = 1504.992 ; gain = 0.000
---------------------------------------------------------------------------------
Finished Constraint Validation : Time (s): cpu = 00:00:43 ; elapsed = 00:00:49 . Memory (MB): peak = 1504.992 ; gain = 666.832
---------------------------------------------------------------------------------
---------------------------------------------------------------------------------
Start Loading Part and Timing Information
---------------------------------------------------------------------------------
Loading part: xc7z020clg400-1
---------------------------------------------------------------------------------
Finished Loading Part and Timing Information : Time (s): cpu = 00:00:43 ; elapsed = 00:00:49 . Memory (MB): peak = 1504.992 ; gain = 666.832
---------------------------------------------------------------------------------
---------------------------------------------------------------------------------
Start Applying 'set_property' XDC Constraints
---------------------------------------------------------------------------------
---------------------------------------------------------------------------------
Finished applying 'set_property' XDC Constraints : Time (s): cpu = 00:00:44 ; elapsed = 00:00:50 . Memory (MB): peak = 1504.992 ; gain = 666.832
---------------------------------------------------------------------------------
---------------------------------------------------------------------------------
Finished RTL Optimization Phase 2 : Time (s): cpu = 00:00:44 ; elapsed = 00:00:50 . Memory (MB): peak = 1504.992 ; gain = 666.832
---------------------------------------------------------------------------------
---------------------------------------------------------------------------------
Start RTL Component Statistics 
---------------------------------------------------------------------------------
Detailed RTL Component Info : 
---------------------------------------------------------------------------------
Finished RTL Component Statistics 
---------------------------------------------------------------------------------
---------------------------------------------------------------------------------
Start Part Resource Summary
---------------------------------------------------------------------------------
Part Resources:
DSPs: 220 (col length:60)
BRAMs: 280 (col length: RAMB18 60 RAMB36 30)
---------------------------------------------------------------------------------
Finished Part Resource Summary
---------------------------------------------------------------------------------
---------------------------------------------------------------------------------
Start Cross Boundary and Area Optimization
---------------------------------------------------------------------------------
WARNING: [Synth 8-7129] Port ACLK in module image_block_axi_mem_intercon_0 is either unconnected or has no load
WARNING: [Synth 8-7129] Port ARESETN in module image_block_axi_mem_intercon_0 is either unconnected or has no load
WARNING: [Synth 8-7129] Port M00_ACLK in module image_block_axi_mem_intercon_0 is either unconnected or has no load
WARNING: [Synth 8-7129] Port M00_ARESETN in module image_block_axi_mem_intercon_0 is either unconnected or has no load
---------------------------------------------------------------------------------
Finished Cross Boundary and Area Optimization : Time (s): cpu = 00:00:50 ; elapsed = 00:00:56 . Memory (MB): peak = 1521.145 ; gain = 682.984
---------------------------------------------------------------------------------
---------------------------------------------------------------------------------
Start Applying XDC Timing Constraints
---------------------------------------------------------------------------------
---------------------------------------------------------------------------------
Finished Applying XDC Timing Constraints : Time (s): cpu = 00:01:06 ; elapsed = 00:01:14 . Memory (MB): peak = 1690.500 ; gain = 852.340
---------------------------------------------------------------------------------
---------------------------------------------------------------------------------
Start Timing Optimization
---------------------------------------------------------------------------------
---------------------------------------------------------------------------------
Finished Timing Optimization : Time (s): cpu = 00:01:06 ; elapsed = 00:01:14 . Memory (MB): peak = 1691.207 ; gain = 853.047
---------------------------------------------------------------------------------
---------------------------------------------------------------------------------
Start Technology Mapping
---------------------------------------------------------------------------------
---------------------------------------------------------------------------------
Finished Technology Mapping : Time (s): cpu = 00:01:06 ; elapsed = 00:01:14 . Memory (MB): peak = 1701.398 ; gain = 863.238
---------------------------------------------------------------------------------
---------------------------------------------------------------------------------
Start IO Insertion
---------------------------------------------------------------------------------
---------------------------------------------------------------------------------
Start Flattening Before IO Insertion
---------------------------------------------------------------------------------
---------------------------------------------------------------------------------
Finished Flattening Before IO Insertion
---------------------------------------------------------------------------------
---------------------------------------------------------------------------------
Start Final Netlist Cleanup
---------------------------------------------------------------------------------
---------------------------------------------------------------------------------
Finished Final Netlist Cleanup
---------------------------------------------------------------------------------
---------------------------------------------------------------------------------
Finished IO Insertion : Time (s): cpu = 00:01:18 ; elapsed = 00:01:27 . Memory (MB): peak = 1950.258 ; gain = 1112.098
---------------------------------------------------------------------------------
---------------------------------------------------------------------------------
Start Renaming Generated Instances
---------------------------------------------------------------------------------
---------------------------------------------------------------------------------
Finished Renaming Generated Instances : Time (s): cpu = 00:01:18 ; elapsed = 00:01:27 . Memory (MB): peak = 1950.258 ; gain = 1112.098
---------------------------------------------------------------------------------
---------------------------------------------------------------------------------
Start Rebuilding User Hierarchy
---------------------------------------------------------------------------------
---------------------------------------------------------------------------------
Finished Rebuilding User Hierarchy : Time (s): cpu = 00:01:18 ; elapsed = 00:01:27 . Memory (MB): peak = 1950.258 ; gain = 1112.098
---------------------------------------------------------------------------------
---------------------------------------------------------------------------------
Start Renaming Generated Ports
---------------------------------------------------------------------------------
---------------------------------------------------------------------------------
Finished Renaming Generated Ports : Time (s): cpu = 00:01:18 ; elapsed = 00:01:27 . Memory (MB): peak = 1950.258 ; gain = 1112.098
---------------------------------------------------------------------------------
---------------------------------------------------------------------------------
Start Handling Custom Attributes
---------------------------------------------------------------------------------
---------------------------------------------------------------------------------
Finished Handling Custom Attributes : Time (s): cpu = 00:01:18 ; elapsed = 00:01:27 . Memory (MB): peak = 1950.258 ; gain = 1112.098
---------------------------------------------------------------------------------
---------------------------------------------------------------------------------
Start Renaming Generated Nets
---------------------------------------------------------------------------------
---------------------------------------------------------------------------------
Finished Renaming Generated Nets : Time (s): cpu = 00:01:18 ; elapsed = 00:01:27 . Memory (MB): peak = 1950.258 ; gain = 1112.098
---------------------------------------------------------------------------------
---------------------------------------------------------------------------------
Start Writing Synthesis Report
---------------------------------------------------------------------------------

Report BlackBoxes: 
+------+-------------------------------------------+----------+
|      |BlackBox name                              |Instances |
+------+-------------------------------------------+----------+
|1     |image_block_axi_mem_intercon_imp_auto_pc_0 |         1|
|2     |image_block_axi_smc_0                      |         1|
|3     |image_block_axi_vdma_0_0                   |         1|
|4     |image_block_axis_tpg_0_0                   |         1|
|5     |image_block_processing_system7_0_0         |         1|
|6     |image_block_rst_ps7_0_100M_0               |         1|
+------+-------------------------------------------+----------+

Report Cell Usage: 
+------+-----------------------------------------+------+
|      |Cell                                     |Count |
+------+-----------------------------------------+------+
|1     |image_block_axi_mem_intercon_imp_auto_pc |     1|
|2     |image_block_axi_smc                      |     1|
|3     |image_block_axi_vdma_0                   |     1|
|4     |image_block_axis_tpg_0                   |     1|
|5     |image_block_processing_system7_0         |     1|
|6     |image_block_rst_ps7_0_100M               |     1|
+------+-----------------------------------------+------+
---------------------------------------------------------------------------------
Finished Writing Synthesis Report : Time (s): cpu = 00:01:18 ; elapsed = 00:01:27 . Memory (MB): peak = 1950.258 ; gain = 1112.098
---------------------------------------------------------------------------------
Synthesis finished with 0 errors, 0 critical warnings and 4 warnings.
Synthesis Optimization Runtime : Time (s): cpu = 00:00:51 ; elapsed = 00:01:20 . Memory (MB): peak = 1950.258 ; gain = 1112.098
Synthesis Optimization Complete : Time (s): cpu = 00:01:18 ; elapsed = 00:01:27 . Memory (MB): peak = 1950.258 ; gain = 1112.098
INFO: [Project 1-571] Translating synthesized netlist
Netlist sorting complete. Time (s): cpu = 00:00:00 ; elapsed = 00:00:00.036 . Memory (MB): peak = 1950.258 ; gain = 0.000
INFO: [Project 1-570] Preparing netlist for logic optimization
INFO: [Opt 31-138] Pushed 0 inverter(s) to 0 load pin(s).
Netlist sorting complete. Time (s): cpu = 00:00:00 ; elapsed = 00:00:00 . Memory (MB): peak = 1957.680 ; gain = 0.000
INFO: [Project 1-111] Unisim Transformation Summary:
No Unisim elements were transformed.

Synth Design complete | Checksum: 8029c0ff
INFO: [Common 17-83] Releasing license: Synthesis
44 Infos, 34 Warnings, 0 Critical Warnings and 0 Errors encountered.
synth_design completed successfully
synth_design: Time (s): cpu = 00:01:30 ; elapsed = 00:01:52 . Memory (MB): peak = 1961.715 ; gain = 1356.070
INFO: [Common 17-1381] The checkpoint 'C:/Users/user/Desktop/project/FPGA/BARN AI/BARN AI.runs/synth_1/image_block_wrapper.dcp' has been generated.
INFO: [Vivado 12-24828] Executing command : report_utilization -file image_block_wrapper_utilization_synth.rpt -pb image_block_wrapper_utilization_synth.pb
INFO: [Common 17-206] Exiting Vivado at Thu Jul  9 19:16:50 2026...
