
*** Running vivado
    with args -log image_block_conv_b_0.vds -m64 -product Vivado -mode batch -messageDb vivado.pb -notrace -source image_block_conv_b_0.tcl



****** Vivado v2025.2 (64-bit)
  **** SW Build 6299465 on Fri Nov 14 19:35:11 GMT 2025
  **** IP Build 6300035 on Fri Nov 14 10:48:45 MST 2025
  **** SharedData Build 6298862 on Thu Nov 13 04:50:51 MST 2025
  **** Start of session at: Sat Jul 25 13:13:30 2026
    ** Copyright 1986-2022 Xilinx, Inc. All Rights Reserved.
    ** Copyright 2022-2025 Advanced Micro Devices, Inc. All Rights Reserved.

ERROR: [Common 17-354] Could not open 'C' for writing.
source image_block_conv_b_0.tcl -notrace
create_project: Time (s): cpu = 00:00:33 ; elapsed = 00:09:43 . Memory (MB): peak = 557.484 ; gain = 224.035
Command: synth_design -top image_block_conv_b_0 -part xc7z020clg400-1 -incremental_mode off -mode out_of_context
Starting synth_design
Attempting to get a license for feature 'Synthesis' and/or device 'xc7z020'
INFO: [Common 17-349] Got license for feature 'Synthesis' and/or device 'xc7z020'
INFO: [Device 21-403] Loading part xc7z020clg400-1
INFO: [Synth 8-7079] Multithreading enabled for synth_design using a maximum of 2 processes.
INFO: [Synth 8-7078] Launching helper process for spawning children vivado processes
INFO: [Synth 8-7075] Helper process launched with PID 8800
---------------------------------------------------------------------------------
Starting RTL Elaboration : Time (s): cpu = 00:00:20 ; elapsed = 00:05:48 . Memory (MB): peak = 1352.336 ; gain = 540.605
---------------------------------------------------------------------------------
INFO: [Synth 8-6157] synthesizing module 'image_block_conv_b_0' [c:/Users/user/Desktop/project/BARN_AI_FPGA_PL/BARN_AI/BARN AI.gen/sources_1/bd/image_block/ip/image_block_conv_b_0/synth/image_block_conv_b_0.v:53]
INFO: [Synth 8-6157] synthesizing module 'top_image_block_conv_b_0' [c:/Users/user/Desktop/project/BARN_AI_FPGA_PL/BARN_AI/BARN AI.gen/sources_1/bd/image_block/ip/image_block_conv_b_0/hdl/top_image_block_conv_b_0.v:60]
INFO: [Synth 8-6157] synthesizing module 'axis_subset_converter_v1_1_36_core' [c:/Users/user/Desktop/project/BARN_AI_FPGA_PL/BARN_AI/BARN AI.gen/sources_1/bd/image_block/ipshared/5e96/hdl/axis_subset_converter_v1_1_vl_rfs.v:61]
INFO: [Synth 8-6155] done synthesizing module 'axis_subset_converter_v1_1_36_core' (0#1) [c:/Users/user/Desktop/project/BARN_AI_FPGA_PL/BARN_AI/BARN AI.gen/sources_1/bd/image_block/ipshared/5e96/hdl/axis_subset_converter_v1_1_vl_rfs.v:61]
INFO: [Synth 8-6157] synthesizing module 'tdata_image_block_conv_b_0' [c:/Users/user/Desktop/project/BARN_AI_FPGA_PL/BARN_AI/BARN AI.gen/sources_1/bd/image_block/ip/image_block_conv_b_0/hdl/tdata_image_block_conv_b_0.v:48]
INFO: [Synth 8-6155] done synthesizing module 'tdata_image_block_conv_b_0' (0#1) [c:/Users/user/Desktop/project/BARN_AI_FPGA_PL/BARN_AI/BARN AI.gen/sources_1/bd/image_block/ip/image_block_conv_b_0/hdl/tdata_image_block_conv_b_0.v:48]
INFO: [Synth 8-6157] synthesizing module 'tuser_image_block_conv_b_0' [c:/Users/user/Desktop/project/BARN_AI_FPGA_PL/BARN_AI/BARN AI.gen/sources_1/bd/image_block/ip/image_block_conv_b_0/hdl/tuser_image_block_conv_b_0.v:48]
INFO: [Synth 8-6155] done synthesizing module 'tuser_image_block_conv_b_0' (0#1) [c:/Users/user/Desktop/project/BARN_AI_FPGA_PL/BARN_AI/BARN AI.gen/sources_1/bd/image_block/ip/image_block_conv_b_0/hdl/tuser_image_block_conv_b_0.v:48]
INFO: [Synth 8-6157] synthesizing module 'tid_image_block_conv_b_0' [c:/Users/user/Desktop/project/BARN_AI_FPGA_PL/BARN_AI/BARN AI.gen/sources_1/bd/image_block/ip/image_block_conv_b_0/hdl/tid_image_block_conv_b_0.v:48]
INFO: [Synth 8-6155] done synthesizing module 'tid_image_block_conv_b_0' (0#1) [c:/Users/user/Desktop/project/BARN_AI_FPGA_PL/BARN_AI/BARN AI.gen/sources_1/bd/image_block/ip/image_block_conv_b_0/hdl/tid_image_block_conv_b_0.v:48]
INFO: [Synth 8-6157] synthesizing module 'tdest_image_block_conv_b_0' [c:/Users/user/Desktop/project/BARN_AI_FPGA_PL/BARN_AI/BARN AI.gen/sources_1/bd/image_block/ip/image_block_conv_b_0/hdl/tdest_image_block_conv_b_0.v:48]
INFO: [Synth 8-6155] done synthesizing module 'tdest_image_block_conv_b_0' (0#1) [c:/Users/user/Desktop/project/BARN_AI_FPGA_PL/BARN_AI/BARN AI.gen/sources_1/bd/image_block/ip/image_block_conv_b_0/hdl/tdest_image_block_conv_b_0.v:48]
INFO: [Synth 8-6157] synthesizing module 'tstrb_image_block_conv_b_0' [c:/Users/user/Desktop/project/BARN_AI_FPGA_PL/BARN_AI/BARN AI.gen/sources_1/bd/image_block/ip/image_block_conv_b_0/hdl/tstrb_image_block_conv_b_0.v:48]
INFO: [Synth 8-6155] done synthesizing module 'tstrb_image_block_conv_b_0' (0#1) [c:/Users/user/Desktop/project/BARN_AI_FPGA_PL/BARN_AI/BARN AI.gen/sources_1/bd/image_block/ip/image_block_conv_b_0/hdl/tstrb_image_block_conv_b_0.v:48]
INFO: [Synth 8-6157] synthesizing module 'tkeep_image_block_conv_b_0' [c:/Users/user/Desktop/project/BARN_AI_FPGA_PL/BARN_AI/BARN AI.gen/sources_1/bd/image_block/ip/image_block_conv_b_0/hdl/tkeep_image_block_conv_b_0.v:48]
INFO: [Synth 8-6155] done synthesizing module 'tkeep_image_block_conv_b_0' (0#1) [c:/Users/user/Desktop/project/BARN_AI_FPGA_PL/BARN_AI/BARN AI.gen/sources_1/bd/image_block/ip/image_block_conv_b_0/hdl/tkeep_image_block_conv_b_0.v:48]
INFO: [Synth 8-6157] synthesizing module 'tlast_image_block_conv_b_0' [c:/Users/user/Desktop/project/BARN_AI_FPGA_PL/BARN_AI/BARN AI.gen/sources_1/bd/image_block/ip/image_block_conv_b_0/hdl/tlast_image_block_conv_b_0.v:48]
INFO: [Synth 8-6155] done synthesizing module 'tlast_image_block_conv_b_0' (0#1) [c:/Users/user/Desktop/project/BARN_AI_FPGA_PL/BARN_AI/BARN AI.gen/sources_1/bd/image_block/ip/image_block_conv_b_0/hdl/tlast_image_block_conv_b_0.v:48]
INFO: [Synth 8-6155] done synthesizing module 'top_image_block_conv_b_0' (0#1) [c:/Users/user/Desktop/project/BARN_AI_FPGA_PL/BARN_AI/BARN AI.gen/sources_1/bd/image_block/ip/image_block_conv_b_0/hdl/top_image_block_conv_b_0.v:60]
INFO: [Synth 8-6155] done synthesizing module 'image_block_conv_b_0' (0#1) [c:/Users/user/Desktop/project/BARN_AI_FPGA_PL/BARN_AI/BARN AI.gen/sources_1/bd/image_block/ip/image_block_conv_b_0/synth/image_block_conv_b_0.v:53]
INFO: [Synth 8-7129] Port tid[0] in module tlast_image_block_conv_b_0 is either unconnected or has no load
INFO: [Synth 8-7129] Port tdata[23] in module tlast_image_block_conv_b_0 is either unconnected or has no load
INFO: [Synth 8-7129] Port tdata[22] in module tlast_image_block_conv_b_0 is either unconnected or has no load
INFO: [Synth 8-7129] Port tdata[21] in module tlast_image_block_conv_b_0 is either unconnected or has no load
INFO: [Synth 8-7129] Port tdata[20] in module tlast_image_block_conv_b_0 is either unconnected or has no load
INFO: [Synth 8-7129] Port tdata[19] in module tlast_image_block_conv_b_0 is either unconnected or has no load
INFO: [Synth 8-7129] Port tdata[18] in module tlast_image_block_conv_b_0 is either unconnected or has no load
INFO: [Synth 8-7129] Port tdata[17] in module tlast_image_block_conv_b_0 is either unconnected or has no load
INFO: [Synth 8-7129] Port tdata[16] in module tlast_image_block_conv_b_0 is either unconnected or has no load
INFO: [Synth 8-7129] Port tdata[15] in module tlast_image_block_conv_b_0 is either unconnected or has no load
INFO: [Synth 8-7129] Port tdata[14] in module tlast_image_block_conv_b_0 is either unconnected or has no load
INFO: [Synth 8-7129] Port tdata[13] in module tlast_image_block_conv_b_0 is either unconnected or has no load
INFO: [Synth 8-7129] Port tdata[12] in module tlast_image_block_conv_b_0 is either unconnected or has no load
INFO: [Synth 8-7129] Port tdata[11] in module tlast_image_block_conv_b_0 is either unconnected or has no load
INFO: [Synth 8-7129] Port tdata[10] in module tlast_image_block_conv_b_0 is either unconnected or has no load
INFO: [Synth 8-7129] Port tdata[9] in module tlast_image_block_conv_b_0 is either unconnected or has no load
INFO: [Synth 8-7129] Port tdata[8] in module tlast_image_block_conv_b_0 is either unconnected or has no load
INFO: [Synth 8-7129] Port tdata[7] in module tlast_image_block_conv_b_0 is either unconnected or has no load
INFO: [Synth 8-7129] Port tdata[6] in module tlast_image_block_conv_b_0 is either unconnected or has no load
INFO: [Synth 8-7129] Port tdata[5] in module tlast_image_block_conv_b_0 is either unconnected or has no load
INFO: [Synth 8-7129] Port tdata[4] in module tlast_image_block_conv_b_0 is either unconnected or has no load
INFO: [Synth 8-7129] Port tdata[3] in module tlast_image_block_conv_b_0 is either unconnected or has no load
INFO: [Synth 8-7129] Port tdata[2] in module tlast_image_block_conv_b_0 is either unconnected or has no load
INFO: [Synth 8-7129] Port tdata[1] in module tlast_image_block_conv_b_0 is either unconnected or has no load
INFO: [Synth 8-7129] Port tdata[0] in module tlast_image_block_conv_b_0 is either unconnected or has no load
INFO: [Synth 8-7129] Port tuser[0] in module tlast_image_block_conv_b_0 is either unconnected or has no load
INFO: [Synth 8-7129] Port tdest[0] in module tlast_image_block_conv_b_0 is either unconnected or has no load
INFO: [Synth 8-7129] Port tkeep[2] in module tlast_image_block_conv_b_0 is either unconnected or has no load
INFO: [Synth 8-7129] Port tkeep[1] in module tlast_image_block_conv_b_0 is either unconnected or has no load
INFO: [Synth 8-7129] Port tkeep[0] in module tlast_image_block_conv_b_0 is either unconnected or has no load
INFO: [Synth 8-7129] Port tstrb[2] in module tlast_image_block_conv_b_0 is either unconnected or has no load
INFO: [Synth 8-7129] Port tstrb[1] in module tlast_image_block_conv_b_0 is either unconnected or has no load
INFO: [Synth 8-7129] Port tstrb[0] in module tlast_image_block_conv_b_0 is either unconnected or has no load
INFO: [Synth 8-7129] Port tdata[23] in module tkeep_image_block_conv_b_0 is either unconnected or has no load
INFO: [Synth 8-7129] Port tdata[22] in module tkeep_image_block_conv_b_0 is either unconnected or has no load
INFO: [Synth 8-7129] Port tdata[21] in module tkeep_image_block_conv_b_0 is either unconnected or has no load
INFO: [Synth 8-7129] Port tdata[20] in module tkeep_image_block_conv_b_0 is either unconnected or has no load
INFO: [Synth 8-7129] Port tdata[19] in module tkeep_image_block_conv_b_0 is either unconnected or has no load
INFO: [Synth 8-7129] Port tdata[18] in module tkeep_image_block_conv_b_0 is either unconnected or has no load
INFO: [Synth 8-7129] Port tdata[17] in module tkeep_image_block_conv_b_0 is either unconnected or has no load
INFO: [Synth 8-7129] Port tdata[16] in module tkeep_image_block_conv_b_0 is either unconnected or has no load
INFO: [Synth 8-7129] Port tdata[15] in module tkeep_image_block_conv_b_0 is either unconnected or has no load
INFO: [Synth 8-7129] Port tdata[14] in module tkeep_image_block_conv_b_0 is either unconnected or has no load
INFO: [Synth 8-7129] Port tdata[13] in module tkeep_image_block_conv_b_0 is either unconnected or has no load
INFO: [Synth 8-7129] Port tdata[12] in module tkeep_image_block_conv_b_0 is either unconnected or has no load
INFO: [Synth 8-7129] Port tdata[11] in module tkeep_image_block_conv_b_0 is either unconnected or has no load
INFO: [Synth 8-7129] Port tdata[10] in module tkeep_image_block_conv_b_0 is either unconnected or has no load
INFO: [Synth 8-7129] Port tdata[9] in module tkeep_image_block_conv_b_0 is either unconnected or has no load
INFO: [Synth 8-7129] Port tdata[8] in module tkeep_image_block_conv_b_0 is either unconnected or has no load
INFO: [Synth 8-7129] Port tdata[7] in module tkeep_image_block_conv_b_0 is either unconnected or has no load
INFO: [Synth 8-7129] Port tdata[6] in module tkeep_image_block_conv_b_0 is either unconnected or has no load
INFO: [Synth 8-7129] Port tdata[5] in module tkeep_image_block_conv_b_0 is either unconnected or has no load
INFO: [Synth 8-7129] Port tdata[4] in module tkeep_image_block_conv_b_0 is either unconnected or has no load
INFO: [Synth 8-7129] Port tdata[3] in module tkeep_image_block_conv_b_0 is either unconnected or has no load
INFO: [Synth 8-7129] Port tdata[2] in module tkeep_image_block_conv_b_0 is either unconnected or has no load
INFO: [Synth 8-7129] Port tdata[1] in module tkeep_image_block_conv_b_0 is either unconnected or has no load
INFO: [Synth 8-7129] Port tdata[0] in module tkeep_image_block_conv_b_0 is either unconnected or has no load
INFO: [Synth 8-7129] Port tuser[0] in module tkeep_image_block_conv_b_0 is either unconnected or has no load
INFO: [Synth 8-7129] Port tid[0] in module tkeep_image_block_conv_b_0 is either unconnected or has no load
INFO: [Synth 8-7129] Port tdest[0] in module tkeep_image_block_conv_b_0 is either unconnected or has no load
INFO: [Synth 8-7129] Port tkeep[2] in module tkeep_image_block_conv_b_0 is either unconnected or has no load
INFO: [Synth 8-7129] Port tkeep[1] in module tkeep_image_block_conv_b_0 is either unconnected or has no load
INFO: [Synth 8-7129] Port tkeep[0] in module tkeep_image_block_conv_b_0 is either unconnected or has no load
INFO: [Synth 8-7129] Port tstrb[2] in module tkeep_image_block_conv_b_0 is either unconnected or has no load
INFO: [Synth 8-7129] Port tstrb[1] in module tkeep_image_block_conv_b_0 is either unconnected or has no load
INFO: [Synth 8-7129] Port tstrb[0] in module tkeep_image_block_conv_b_0 is either unconnected or has no load
INFO: [Synth 8-7129] Port tlast in module tkeep_image_block_conv_b_0 is either unconnected or has no load
INFO: [Synth 8-7129] Port tdata[23] in module tstrb_image_block_conv_b_0 is either unconnected or has no load
INFO: [Synth 8-7129] Port tdata[22] in module tstrb_image_block_conv_b_0 is either unconnected or has no load
INFO: [Synth 8-7129] Port tdata[21] in module tstrb_image_block_conv_b_0 is either unconnected or has no load
INFO: [Synth 8-7129] Port tdata[20] in module tstrb_image_block_conv_b_0 is either unconnected or has no load
INFO: [Synth 8-7129] Port tdata[19] in module tstrb_image_block_conv_b_0 is either unconnected or has no load
INFO: [Synth 8-7129] Port tdata[18] in module tstrb_image_block_conv_b_0 is either unconnected or has no load
INFO: [Synth 8-7129] Port tdata[17] in module tstrb_image_block_conv_b_0 is either unconnected or has no load
INFO: [Synth 8-7129] Port tdata[16] in module tstrb_image_block_conv_b_0 is either unconnected or has no load
INFO: [Synth 8-7129] Port tdata[15] in module tstrb_image_block_conv_b_0 is either unconnected or has no load
INFO: [Synth 8-7129] Port tdata[14] in module tstrb_image_block_conv_b_0 is either unconnected or has no load
INFO: [Synth 8-7129] Port tdata[13] in module tstrb_image_block_conv_b_0 is either unconnected or has no load
INFO: [Synth 8-7129] Port tdata[12] in module tstrb_image_block_conv_b_0 is either unconnected or has no load
INFO: [Synth 8-7129] Port tdata[11] in module tstrb_image_block_conv_b_0 is either unconnected or has no load
INFO: [Synth 8-7129] Port tdata[10] in module tstrb_image_block_conv_b_0 is either unconnected or has no load
INFO: [Synth 8-7129] Port tdata[9] in module tstrb_image_block_conv_b_0 is either unconnected or has no load
INFO: [Synth 8-7129] Port tdata[8] in module tstrb_image_block_conv_b_0 is either unconnected or has no load
INFO: [Synth 8-7129] Port tdata[7] in module tstrb_image_block_conv_b_0 is either unconnected or has no load
INFO: [Synth 8-7129] Port tdata[6] in module tstrb_image_block_conv_b_0 is either unconnected or has no load
INFO: [Synth 8-7129] Port tdata[5] in module tstrb_image_block_conv_b_0 is either unconnected or has no load
INFO: [Synth 8-7129] Port tdata[4] in module tstrb_image_block_conv_b_0 is either unconnected or has no load
INFO: [Synth 8-7129] Port tdata[3] in module tstrb_image_block_conv_b_0 is either unconnected or has no load
INFO: [Synth 8-7129] Port tdata[2] in module tstrb_image_block_conv_b_0 is either unconnected or has no load
INFO: [Synth 8-7129] Port tdata[1] in module tstrb_image_block_conv_b_0 is either unconnected or has no load
INFO: [Synth 8-7129] Port tdata[0] in module tstrb_image_block_conv_b_0 is either unconnected or has no load
INFO: [Synth 8-7129] Port tuser[0] in module tstrb_image_block_conv_b_0 is either unconnected or has no load
INFO: [Synth 8-7129] Port tid[0] in module tstrb_image_block_conv_b_0 is either unconnected or has no load
INFO: [Synth 8-7129] Port tdest[0] in module tstrb_image_block_conv_b_0 is either unconnected or has no load
INFO: [Synth 8-7129] Port tkeep[2] in module tstrb_image_block_conv_b_0 is either unconnected or has no load
INFO: [Synth 8-7129] Port tkeep[1] in module tstrb_image_block_conv_b_0 is either unconnected or has no load
INFO: [Synth 8-7129] Port tkeep[0] in module tstrb_image_block_conv_b_0 is either unconnected or has no load
INFO: [Synth 8-7129] Port tstrb[2] in module tstrb_image_block_conv_b_0 is either unconnected or has no load
INFO: [Synth 8-7129] Port tstrb[1] in module tstrb_image_block_conv_b_0 is either unconnected or has no load
INFO: [Synth 8-7129] Port tstrb[0] in module tstrb_image_block_conv_b_0 is either unconnected or has no load
INFO: [Common 17-14] Message 'Synth 8-7129' appears 100 times and further instances of the messages will be disabled. Use the Tcl command set_msg_config to change the current settings.
---------------------------------------------------------------------------------
Finished RTL Elaboration : Time (s): cpu = 00:00:30 ; elapsed = 00:06:21 . Memory (MB): peak = 1477.465 ; gain = 665.734
---------------------------------------------------------------------------------
---------------------------------------------------------------------------------
Start Handling Custom Attributes
---------------------------------------------------------------------------------
---------------------------------------------------------------------------------
Finished Handling Custom Attributes : Time (s): cpu = 00:00:30 ; elapsed = 00:06:22 . Memory (MB): peak = 1477.465 ; gain = 665.734
---------------------------------------------------------------------------------
---------------------------------------------------------------------------------
Finished RTL Optimization Phase 1 : Time (s): cpu = 00:00:30 ; elapsed = 00:06:22 . Memory (MB): peak = 1477.465 ; gain = 665.734
---------------------------------------------------------------------------------
Netlist sorting complete. Time (s): cpu = 00:00:00 ; elapsed = 00:00:00.007 . Memory (MB): peak = 1477.465 ; gain = 0.000
INFO: [Project 1-570] Preparing netlist for logic optimization

Processing XDC Constraints
Initializing timing engine
Parsing XDC File [c:/Users/user/Desktop/project/BARN_AI_FPGA_PL/BARN_AI/BARN AI.gen/sources_1/bd/image_block/ip/image_block_conv_b_0/image_block_conv_b_0_ooc.xdc] for cell 'inst'
Finished Parsing XDC File [c:/Users/user/Desktop/project/BARN_AI_FPGA_PL/BARN_AI/BARN AI.gen/sources_1/bd/image_block/ip/image_block_conv_b_0/image_block_conv_b_0_ooc.xdc] for cell 'inst'
Parsing XDC File [C:/Users/user/Desktop/project/BARN_AI_FPGA_PL/BARN_AI/BARN AI.runs/image_block_conv_b_0_synth_1/dont_touch.xdc]
Finished Parsing XDC File [C:/Users/user/Desktop/project/BARN_AI_FPGA_PL/BARN_AI/BARN AI.runs/image_block_conv_b_0_synth_1/dont_touch.xdc]
Completed Processing XDC Constraints

Netlist sorting complete. Time (s): cpu = 00:00:00 ; elapsed = 00:00:00.003 . Memory (MB): peak = 1477.465 ; gain = 0.000
INFO: [Project 1-111] Unisim Transformation Summary:
No Unisim elements were transformed.

Constraint Validation Runtime : Time (s): cpu = 00:00:00 ; elapsed = 00:00:01 . Memory (MB): peak = 1477.465 ; gain = 0.000
INFO: [Designutils 20-5008] Incremental synthesis strategy off
---------------------------------------------------------------------------------
Finished Constraint Validation : Time (s): cpu = 00:01:11 ; elapsed = 00:08:15 . Memory (MB): peak = 1477.465 ; gain = 665.734
---------------------------------------------------------------------------------
---------------------------------------------------------------------------------
Start Loading Part and Timing Information
---------------------------------------------------------------------------------
Loading part: xc7z020clg400-1
---------------------------------------------------------------------------------
Finished Loading Part and Timing Information : Time (s): cpu = 00:01:11 ; elapsed = 00:08:15 . Memory (MB): peak = 1477.465 ; gain = 665.734
---------------------------------------------------------------------------------
---------------------------------------------------------------------------------
Start Applying 'set_property' XDC Constraints
---------------------------------------------------------------------------------
---------------------------------------------------------------------------------
Finished applying 'set_property' XDC Constraints : Time (s): cpu = 00:01:11 ; elapsed = 00:08:15 . Memory (MB): peak = 1477.465 ; gain = 665.734
---------------------------------------------------------------------------------
---------------------------------------------------------------------------------
Finished RTL Optimization Phase 2 : Time (s): cpu = 00:01:11 ; elapsed = 00:08:23 . Memory (MB): peak = 1477.465 ; gain = 665.734
---------------------------------------------------------------------------------
---------------------------------------------------------------------------------
Start RTL Component Statistics 
---------------------------------------------------------------------------------
Detailed RTL Component Info : 
---------------------------------------------------------------------------------
Finished RTL Component Statistics 
---------------------------------------------------------------------------------
---------------------------------------------------------------------------------
Start Part Resource Summary
---------------------------------------------------------------------------------
Part Resources:
DSPs: 220 (col length:60)
BRAMs: 280 (col length: RAMB18 60 RAMB36 30)
---------------------------------------------------------------------------------
Finished Part Resource Summary
---------------------------------------------------------------------------------
---------------------------------------------------------------------------------
Start Cross Boundary and Area Optimization
---------------------------------------------------------------------------------
---------------------------------------------------------------------------------
Finished Cross Boundary and Area Optimization : Time (s): cpu = 00:01:19 ; elapsed = 00:08:58 . Memory (MB): peak = 1489.996 ; gain = 678.266
---------------------------------------------------------------------------------
---------------------------------------------------------------------------------
Start Applying XDC Timing Constraints
---------------------------------------------------------------------------------
---------------------------------------------------------------------------------
Finished Applying XDC Timing Constraints : Time (s): cpu = 00:01:50 ; elapsed = 00:10:02 . Memory (MB): peak = 1659.148 ; gain = 847.418
---------------------------------------------------------------------------------
---------------------------------------------------------------------------------
Start Timing Optimization
---------------------------------------------------------------------------------
---------------------------------------------------------------------------------
Finished Timing Optimization : Time (s): cpu = 00:01:50 ; elapsed = 00:10:02 . Memory (MB): peak = 1659.148 ; gain = 847.418
---------------------------------------------------------------------------------
---------------------------------------------------------------------------------
Start Technology Mapping
---------------------------------------------------------------------------------
---------------------------------------------------------------------------------
Finished Technology Mapping : Time (s): cpu = 00:01:50 ; elapsed = 00:10:02 . Memory (MB): peak = 1668.707 ; gain = 856.977
---------------------------------------------------------------------------------
---------------------------------------------------------------------------------
Start IO Insertion
---------------------------------------------------------------------------------
---------------------------------------------------------------------------------
Start Flattening Before IO Insertion
---------------------------------------------------------------------------------
---------------------------------------------------------------------------------
Finished Flattening Before IO Insertion
---------------------------------------------------------------------------------
---------------------------------------------------------------------------------
Start Final Netlist Cleanup
---------------------------------------------------------------------------------
---------------------------------------------------------------------------------
Finished Final Netlist Cleanup
---------------------------------------------------------------------------------
---------------------------------------------------------------------------------
Finished IO Insertion : Time (s): cpu = 00:02:21 ; elapsed = 00:11:25 . Memory (MB): peak = 1918.227 ; gain = 1106.496
---------------------------------------------------------------------------------
---------------------------------------------------------------------------------
Start Renaming Generated Instances
---------------------------------------------------------------------------------
---------------------------------------------------------------------------------
Finished Renaming Generated Instances : Time (s): cpu = 00:02:21 ; elapsed = 00:11:25 . Memory (MB): peak = 1918.227 ; gain = 1106.496
---------------------------------------------------------------------------------
---------------------------------------------------------------------------------
Start Rebuilding User Hierarchy
---------------------------------------------------------------------------------
---------------------------------------------------------------------------------
Finished Rebuilding User Hierarchy : Time (s): cpu = 00:02:21 ; elapsed = 00:11:25 . Memory (MB): peak = 1918.227 ; gain = 1106.496
---------------------------------------------------------------------------------
---------------------------------------------------------------------------------
Start Renaming Generated Ports
---------------------------------------------------------------------------------
---------------------------------------------------------------------------------
Finished Renaming Generated Ports : Time (s): cpu = 00:02:21 ; elapsed = 00:11:25 . Memory (MB): peak = 1918.227 ; gain = 1106.496
---------------------------------------------------------------------------------
---------------------------------------------------------------------------------
Start Handling Custom Attributes
---------------------------------------------------------------------------------
---------------------------------------------------------------------------------
Finished Handling Custom Attributes : Time (s): cpu = 00:02:21 ; elapsed = 00:11:25 . Memory (MB): peak = 1918.227 ; gain = 1106.496
---------------------------------------------------------------------------------
---------------------------------------------------------------------------------
Start Renaming Generated Nets
---------------------------------------------------------------------------------
---------------------------------------------------------------------------------
Finished Renaming Generated Nets : Time (s): cpu = 00:02:21 ; elapsed = 00:11:25 . Memory (MB): peak = 1918.227 ; gain = 1106.496
---------------------------------------------------------------------------------
---------------------------------------------------------------------------------
Start Writing Synthesis Report
---------------------------------------------------------------------------------

Report BlackBoxes: 
+-+--------------+----------+
| |BlackBox name |Instances |
+-+--------------+----------+
+-+--------------+----------+

Report Cell Usage: 
+-+-----+------+
| |Cell |Count |
+-+-----+------+
+-+-----+------+
---------------------------------------------------------------------------------
Finished Writing Synthesis Report : Time (s): cpu = 00:02:21 ; elapsed = 00:11:25 . Memory (MB): peak = 1918.227 ; gain = 1106.496
---------------------------------------------------------------------------------
Synthesis finished with 0 errors, 0 critical warnings and 0 warnings.
Synthesis Optimization Runtime : Time (s): cpu = 00:01:44 ; elapsed = 00:10:51 . Memory (MB): peak = 1918.227 ; gain = 1106.496
Synthesis Optimization Complete : Time (s): cpu = 00:02:22 ; elapsed = 00:11:26 . Memory (MB): peak = 1918.227 ; gain = 1106.496
INFO: [Project 1-571] Translating synthesized netlist
Netlist sorting complete. Time (s): cpu = 00:00:00 ; elapsed = 00:00:00.001 . Memory (MB): peak = 1918.227 ; gain = 0.000
INFO: [Project 1-570] Preparing netlist for logic optimization
INFO: [Opt 31-138] Pushed 0 inverter(s) to 0 load pin(s).
Netlist sorting complete. Time (s): cpu = 00:00:00 ; elapsed = 00:00:00.001 . Memory (MB): peak = 1931.020 ; gain = 0.000
INFO: [Project 1-111] Unisim Transformation Summary:
No Unisim elements were transformed.

Synth Design complete | Checksum: 1b880d69
INFO: [Common 17-83] Releasing license: Synthesis
134 Infos, 0 Warnings, 0 Critical Warnings and 0 Errors encountered.
synth_design completed successfully
synth_design: Time (s): cpu = 00:02:39 ; elapsed = 00:12:46 . Memory (MB): peak = 1934.984 ; gain = 1352.441
INFO: [Common 17-1381] The checkpoint 'C:/Users/user/Desktop/project/BARN_AI_FPGA_PL/BARN_AI/BARN AI.runs/image_block_conv_b_0_synth_1/image_block_conv_b_0.dcp' has been generated.
INFO: [Coretcl 2-1648] Added synthesis output to IP cache for IP image_block_conv_b_0, cache-ID = 913b2f1d37e474c7
INFO: [Common 17-1381] The checkpoint 'C:/Users/user/Desktop/project/BARN_AI_FPGA_PL/BARN_AI/BARN AI.runs/image_block_conv_b_0_synth_1/image_block_conv_b_0.dcp' has been generated.
INFO: [Vivado 12-24828] Executing command : report_utilization -file image_block_conv_b_0_utilization_synth.rpt -pb image_block_conv_b_0_utilization_synth.pb
INFO: [Common 17-206] Exiting Vivado at Sat Jul 25 13:38:02 2026...

*** Running vivado
    with args -log image_block_conv_b_0.vds -m64 -product Vivado -mode batch -messageDb vivado.pb -notrace -source image_block_conv_b_0.tcl



****** Vivado v2025.2 (64-bit)
  **** SW Build 6299465 on Fri Nov 14 19:35:11 GMT 2025
  **** IP Build 6300035 on Fri Nov 14 10:48:45 MST 2025
  **** SharedData Build 6298862 on Thu Nov 13 04:50:51 MST 2025
  **** Start of session at: Sat Jul 25 23:10:01 2026
    ** Copyright 1986-2022 Xilinx, Inc. All Rights Reserved.
    ** Copyright 2022-2025 Advanced Micro Devices, Inc. All Rights Reserved.

source image_block_conv_b_0.tcl -notrace
create_project: Time (s): cpu = 00:00:36 ; elapsed = 00:00:41 . Memory (MB): peak = 556.105 ; gain = 221.457
INFO: [IP_Flow 19-4838] Using cached IP synthesis design for IP image_block_conv_b_0, cache-ID = 913b2f1d37e474c7.
INFO: [Common 17-206] Exiting Vivado at Sat Jul 25 23:11:23 2026...
