
*** Running vivado
    with args -log image_block_wrapper.vdi -applog -m64 -product Vivado -messageDb vivado.pb -mode batch -source image_block_wrapper.tcl -notrace



****** Vivado v2025.2 (64-bit)
  **** SW Build 6299465 on Fri Nov 14 19:35:11 GMT 2025
  **** IP Build 6300035 on Fri Nov 14 10:48:45 MST 2025
  **** SharedData Build 6298862 on Thu Nov 13 04:50:51 MST 2025
  **** Start of session at: Thu Jul  9 19:17:19 2026
    ** Copyright 1986-2022 Xilinx, Inc. All Rights Reserved.
    ** Copyright 2022-2025 Advanced Micro Devices, Inc. All Rights Reserved.

source image_block_wrapper.tcl -notrace
create_project: Time (s): cpu = 00:00:30 ; elapsed = 00:00:30 . Memory (MB): peak = 559.773 ; gain = 226.988
INFO: [IP_Flow 19-234] Refreshing IP repositories
INFO: [IP_Flow 19-1704] No user IP repositories specified
INFO: [IP_Flow 19-2313] Loaded Vivado IP repository 'C:/AMDDesignTools/2025.2/Vivado/data/ip'.
add_files: Time (s): cpu = 00:00:06 ; elapsed = 00:00:08 . Memory (MB): peak = 609.035 ; gain = 49.262
Command: link_design -top image_block_wrapper -part xc7z020clg400-1
Design is defaulting to srcset: sources_1
Design is defaulting to constrset: constrs_1
INFO: [Device 21-403] Loading part xc7z020clg400-1
INFO: [Project 1-5699] Read binary netlist with skipMacroContent - 1
INFO: [Project 1-454] Reading design checkpoint 'c:/Users/user/Desktop/project/FPGA/BARN AI/BARN AI.gen/sources_1/bd/image_block/ip/image_block_axi_smc_0/image_block_axi_smc_0.dcp' for cell 'image_block_i/axi_smc'
INFO: [Project 1-454] Reading design checkpoint 'c:/Users/user/Desktop/project/FPGA/BARN AI/BARN AI.gen/sources_1/bd/image_block/ip/image_block_axi_vdma_0_0/image_block_axi_vdma_0_0.dcp' for cell 'image_block_i/axi_vdma_0'
INFO: [Project 1-454] Reading design checkpoint 'c:/Users/user/Desktop/project/FPGA/BARN AI/BARN AI.gen/sources_1/bd/image_block/ip/image_block_axis_tpg_0_0/image_block_axis_tpg_0_0.dcp' for cell 'image_block_i/axis_tpg_0'
INFO: [Project 1-454] Reading design checkpoint 'c:/Users/user/Desktop/project/FPGA/BARN AI/BARN AI.gen/sources_1/bd/image_block/ip/image_block_processing_system7_0_0/image_block_processing_system7_0_0.dcp' for cell 'image_block_i/processing_system7_0'
INFO: [Project 1-454] Reading design checkpoint 'c:/Users/user/Desktop/project/FPGA/BARN AI/BARN AI.gen/sources_1/bd/image_block/ip/image_block_rst_ps7_0_100M_0/image_block_rst_ps7_0_100M_0.dcp' for cell 'image_block_i/rst_ps7_0_100M'
INFO: [Project 1-454] Reading design checkpoint 'c:/Users/user/Desktop/project/FPGA/BARN AI/BARN AI.gen/sources_1/bd/image_block/ip/image_block_axi_mem_intercon_imp_auto_pc_0/image_block_axi_mem_intercon_imp_auto_pc_0.dcp' for cell 'image_block_i/axi_mem_intercon/s00_couplers/auto_pc'
Netlist sorting complete. Time (s): cpu = 00:00:01 ; elapsed = 00:00:00.552 . Memory (MB): peak = 895.570 ; gain = 0.000
INFO: [Netlist 29-17] Analyzing 86 Unisim elements for replacement
INFO: [Netlist 29-28] Unisim Transformation completed in 0 CPU seconds
INFO: [Project 1-479] Netlist was created with Vivado 2025.2
INFO: [Project 1-570] Preparing netlist for logic optimization
Parsing XDC File [c:/Users/user/Desktop/project/FPGA/BARN AI/BARN AI.gen/sources_1/bd/image_block/ip/image_block_processing_system7_0_0/image_block_processing_system7_0_0.xdc] for cell 'image_block_i/processing_system7_0/inst'
Finished Parsing XDC File [c:/Users/user/Desktop/project/FPGA/BARN AI/BARN AI.gen/sources_1/bd/image_block/ip/image_block_processing_system7_0_0/image_block_processing_system7_0_0.xdc] for cell 'image_block_i/processing_system7_0/inst'
Parsing XDC File [c:/Users/user/Desktop/project/FPGA/BARN AI/BARN AI.gen/sources_1/bd/image_block/ip/image_block_axi_vdma_0_0/image_block_axi_vdma_0_0.xdc] for cell 'image_block_i/axi_vdma_0/U0'
Finished Parsing XDC File [c:/Users/user/Desktop/project/FPGA/BARN AI/BARN AI.gen/sources_1/bd/image_block/ip/image_block_axi_vdma_0_0/image_block_axi_vdma_0_0.xdc] for cell 'image_block_i/axi_vdma_0/U0'
Parsing XDC File [c:/Users/user/Desktop/project/FPGA/BARN AI/BARN AI.gen/sources_1/bd/image_block/ip/image_block_axi_smc_0/bd_0/ip/ip_1/bd_8deb_psr_aclk_0_board.xdc] for cell 'image_block_i/axi_smc/inst/clk_map/psr_aclk/U0'
Finished Parsing XDC File [c:/Users/user/Desktop/project/FPGA/BARN AI/BARN AI.gen/sources_1/bd/image_block/ip/image_block_axi_smc_0/bd_0/ip/ip_1/bd_8deb_psr_aclk_0_board.xdc] for cell 'image_block_i/axi_smc/inst/clk_map/psr_aclk/U0'
Parsing XDC File [c:/Users/user/Desktop/project/FPGA/BARN AI/BARN AI.gen/sources_1/bd/image_block/ip/image_block_axi_smc_0/smartconnect.xdc] for cell 'image_block_i/axi_smc/inst'
Finished Parsing XDC File [c:/Users/user/Desktop/project/FPGA/BARN AI/BARN AI.gen/sources_1/bd/image_block/ip/image_block_axi_smc_0/smartconnect.xdc] for cell 'image_block_i/axi_smc/inst'
Parsing XDC File [c:/Users/user/Desktop/project/FPGA/BARN AI/BARN AI.gen/sources_1/bd/image_block/ip/image_block_rst_ps7_0_100M_0/image_block_rst_ps7_0_100M_0_board.xdc] for cell 'image_block_i/rst_ps7_0_100M/U0'
Finished Parsing XDC File [c:/Users/user/Desktop/project/FPGA/BARN AI/BARN AI.gen/sources_1/bd/image_block/ip/image_block_rst_ps7_0_100M_0/image_block_rst_ps7_0_100M_0_board.xdc] for cell 'image_block_i/rst_ps7_0_100M/U0'
Parsing XDC File [c:/Users/user/Desktop/project/FPGA/BARN AI/BARN AI.gen/sources_1/bd/image_block/ip/image_block_axi_vdma_0_0/image_block_axi_vdma_0_0_clocks.xdc] for cell 'image_block_i/axi_vdma_0/U0'
Finished Parsing XDC File [c:/Users/user/Desktop/project/FPGA/BARN AI/BARN AI.gen/sources_1/bd/image_block/ip/image_block_axi_vdma_0_0/image_block_axi_vdma_0_0_clocks.xdc] for cell 'image_block_i/axi_vdma_0/U0'
WARNING: [XPM_CDC_SINGLE: TCL-1000] The source and destination clocks are the same. 
     Instance: image_block_i/axi_vdma_0/U0/I_RST_MODULE/GEN_RESET_FOR_S2MM.RESET_I/GEN_RESET_FOR_ASYNC.AXIS_RESET_CDC_I 
  This will add unnecessary latency to the design. Please check the design for the following: 
 1) Manually instantiated XPM_CDC modules: AMD recommends that you remove these modules. 
 2) AMD IP that contains XPM_CDC modules: Verify the connections to the IP to determine whether you can safely ignore this message.
 [C:/AMDDesignTools/2025.2/Vivado/data/ip/xpm/xpm_cdc/tcl/xpm_cdc_single.tcl:5]
WARNING: [XPM_CDC_SINGLE: TCL-1000] The source and destination clocks are the same. 
     Instance: image_block_i/axi_vdma_0/U0/I_RST_MODULE/GEN_RESET_FOR_S2MM.RESET_I/GEN_MIN_FOR_ASYNC.LITE_IDLE_CDC_I 
  This will add unnecessary latency to the design. Please check the design for the following: 
 1) Manually instantiated XPM_CDC modules: AMD recommends that you remove these modules. 
 2) AMD IP that contains XPM_CDC modules: Verify the connections to the IP to determine whether you can safely ignore this message.
 [C:/AMDDesignTools/2025.2/Vivado/data/ip/xpm/xpm_cdc/tcl/xpm_cdc_single.tcl:5]
WARNING: [XPM_CDC_SINGLE: TCL-1000] The source and destination clocks are the same. 
     Instance: image_block_i/axi_vdma_0/U0/I_RST_MODULE/GEN_RESET_FOR_S2MM.RESET_I/GEN_MIN_FOR_ASYNC.LITE_MIN_CDC_I 
  This will add unnecessary latency to the design. Please check the design for the following: 
 1) Manually instantiated XPM_CDC modules: AMD recommends that you remove these modules. 
 2) AMD IP that contains XPM_CDC modules: Verify the connections to the IP to determine whether you can safely ignore this message.
 [C:/AMDDesignTools/2025.2/Vivado/data/ip/xpm/xpm_cdc/tcl/xpm_cdc_single.tcl:5]
WARNING: [XPM_CDC_SINGLE: TCL-1000] The source and destination clocks are the same. 
     Instance: image_block_i/axi_vdma_0/U0/I_RST_MODULE/GEN_RESET_FOR_S2MM.RESET_I/GEN_MIN_FOR_ASYNC.AXIS_IDLE_CDC_I 
  This will add unnecessary latency to the design. Please check the design for the following: 
 1) Manually instantiated XPM_CDC modules: AMD recommends that you remove these modules. 
 2) AMD IP that contains XPM_CDC modules: Verify the connections to the IP to determine whether you can safely ignore this message.
 [C:/AMDDesignTools/2025.2/Vivado/data/ip/xpm/xpm_cdc/tcl/xpm_cdc_single.tcl:5]
WARNING: [XPM_CDC_SINGLE: TCL-1000] The source and destination clocks are the same. 
     Instance: image_block_i/axi_vdma_0/U0/I_RST_MODULE/GEN_RESET_FOR_S2MM.RESET_I/GEN_MIN_FOR_ASYNC.AXIS_MIN_CDC_I 
  This will add unnecessary latency to the design. Please check the design for the following: 
 1) Manually instantiated XPM_CDC modules: AMD recommends that you remove these modules. 
 2) AMD IP that contains XPM_CDC modules: Verify the connections to the IP to determine whether you can safely ignore this message.
 [C:/AMDDesignTools/2025.2/Vivado/data/ip/xpm/xpm_cdc/tcl/xpm_cdc_single.tcl:5]
WARNING: [XPM_CDC_SINGLE: TCL-1000] The source and destination clocks are the same. 
     Instance: image_block_i/axi_vdma_0/U0/I_RST_MODULE/GEN_RESET_FOR_S2MM.RESET_I/GEN_RESET_FOR_ASYNC.HARD_RESET_CDC_I 
  This will add unnecessary latency to the design. Please check the design for the following: 
 1) Manually instantiated XPM_CDC modules: AMD recommends that you remove these modules. 
 2) AMD IP that contains XPM_CDC modules: Verify the connections to the IP to determine whether you can safely ignore this message.
 [C:/AMDDesignTools/2025.2/Vivado/data/ip/xpm/xpm_cdc/tcl/xpm_cdc_single.tcl:5]
WARNING: [XPM_CDC_SINGLE: TCL-1000] The source and destination clocks are the same. 
     Instance: image_block_i/axi_vdma_0/U0/AXI_LITE_REG_INTERFACE_I/GEN_S2MM_LITE_CROSSINGS.GEN_S2MM_CROSSINGS_ASYNC.S2MM_INTRPT_CROSSING_I 
  This will add unnecessary latency to the design. Please check the design for the following: 
 1) Manually instantiated XPM_CDC modules: AMD recommends that you remove these modules. 
 2) AMD IP that contains XPM_CDC modules: Verify the connections to the IP to determine whether you can safely ignore this message.
 [C:/AMDDesignTools/2025.2/Vivado/data/ip/xpm/xpm_cdc/tcl/xpm_cdc_single.tcl:5]
INFO: [Project 1-1714] 35 XPM XDC files have been applied to the design.
INFO: [Opt 31-138] Pushed 0 inverter(s) to 0 load pin(s).
Netlist sorting complete. Time (s): cpu = 00:00:00 ; elapsed = 00:00:00.004 . Memory (MB): peak = 1601.527 ; gain = 0.000
INFO: [Project 1-111] Unisim Transformation Summary:
  A total of 4 instances were transformed.
  RAM32M => RAM32M (RAMD32(x6), RAMS32(x2)): 4 instances

18 Infos, 7 Warnings, 0 Critical Warnings and 0 Errors encountered.
link_design completed successfully
link_design: Time (s): cpu = 00:00:44 ; elapsed = 00:01:04 . Memory (MB): peak = 1601.527 ; gain = 992.492
Command: opt_design
Attempting to get a license for feature 'Implementation' and/or device 'xc7z020'
INFO: [Common 17-349] Got license for feature 'Implementation' and/or device 'xc7z020'
Running DRC as a precondition to command opt_design

Starting DRC Task
INFO: [DRC 23-27] Running DRC with 2 threads
INFO: [Project 1-461] DRC finished with 0 Errors
INFO: [Project 1-462] Please refer to the DRC report (report_drc) for more information.

Time (s): cpu = 00:00:01 ; elapsed = 00:00:02 . Memory (MB): peak = 1601.527 ; gain = 0.000

Starting Cache Timing Information Task
INFO: [Timing 38-35] Done setting XDC timing constraints.
Ending Cache Timing Information Task | Checksum: 1646a2ecc

Time (s): cpu = 00:00:01 ; elapsed = 00:00:00.532 . Memory (MB): peak = 1601.527 ; gain = 0.000

Starting Logic Optimization Task

Phase 1 Initialization

Phase 1.1 Core Generation And Design Setup
Phase 1.1 Core Generation And Design Setup | Checksum: 1646a2ecc

Time (s): cpu = 00:00:00 ; elapsed = 00:00:00.019 . Memory (MB): peak = 2032.055 ; gain = 0.000

Phase 1.2 Setup Constraints And Sort Netlist
Phase 1.2 Setup Constraints And Sort Netlist | Checksum: 1646a2ecc

Time (s): cpu = 00:00:00 ; elapsed = 00:00:00.035 . Memory (MB): peak = 2032.055 ; gain = 0.000
Phase 1 Initialization | Checksum: 1646a2ecc

Time (s): cpu = 00:00:00 ; elapsed = 00:00:00.039 . Memory (MB): peak = 2032.055 ; gain = 0.000

Phase 2 Timer Update And Timing Data Collection

Phase 2.1 Detect if minReqCache needed
Phase 2.1 Detect if minReqCache needed | Checksum: 1646a2ecc

Time (s): cpu = 00:00:00 ; elapsed = 00:00:00.069 . Memory (MB): peak = 2032.055 ; gain = 0.000

Phase 2.2 Timer Update
Phase 2.2 Timer Update | Checksum: 1646a2ecc

Time (s): cpu = 00:00:00 ; elapsed = 00:00:00.234 . Memory (MB): peak = 2032.055 ; gain = 0.000

Phase 2.3 Timing Data Collection
Phase 2.3 Timing Data Collection | Checksum: 1646a2ecc

Time (s): cpu = 00:00:00 ; elapsed = 00:00:00.250 . Memory (MB): peak = 2032.055 ; gain = 0.000
Phase 2 Timer Update And Timing Data Collection | Checksum: 1646a2ecc

Time (s): cpu = 00:00:00 ; elapsed = 00:00:00.253 . Memory (MB): peak = 2032.055 ; gain = 0.000

Phase 3 Retarget
INFO: [Opt 31-1851] Number of loadless carry chains removed were: 0
INFO: [Opt 31-1834] Total Chains To Be Transformed Were: 0 AND Number of Transformed insts Created are: 0
INFO: [Opt 31-1566] Pulled 1 inverters resulting in an inversion of 18 pins
INFO: [Opt 31-138] Pushed 12 inverter(s) to 39 load pin(s).
INFO: [Opt 31-49] Retargeted 0 cell(s).
Phase 3 Retarget | Checksum: 19dca5474

Time (s): cpu = 00:00:00 ; elapsed = 00:00:00.664 . Memory (MB): peak = 2032.055 ; gain = 0.000
Retarget | Checksum: 19dca5474
INFO: [Opt 31-389] Phase Retarget created 22 cells and removed 285 cells
INFO: [Opt 31-1021] In phase Retarget, 38 netlist objects are constrained preventing optimization. Please run opt_design with -debug_log to get more detail. 

Phase 4 Constant propagation
INFO: [Opt 31-138] Pushed 2 inverter(s) to 2 load pin(s).
Phase 4 Constant propagation | Checksum: 18adfd104

Time (s): cpu = 00:00:00 ; elapsed = 00:00:00.863 . Memory (MB): peak = 2032.055 ; gain = 0.000
Constant propagation | Checksum: 18adfd104
INFO: [Opt 31-389] Phase Constant propagation created 50 cells and removed 200 cells
INFO: [Opt 31-1021] In phase Constant propagation, 38 netlist objects are constrained preventing optimization. Please run opt_design with -debug_log to get more detail. 

Phase 5 Sweep
INFO: [Constraints 18-11670] Building netlist checker database with flags, 0x8
Done building netlist checker database: Time (s): cpu = 00:00:00 ; elapsed = 00:00:00.008 . Memory (MB): peak = 2032.055 ; gain = 0.000
INFO: [Constraints 18-11670] Building netlist checker database with flags, 0x8
Done building netlist checker database: Time (s): cpu = 00:00:00 ; elapsed = 00:00:00.005 . Memory (MB): peak = 2032.055 ; gain = 0.000
Phase 5 Sweep | Checksum: 174a7ab51

Time (s): cpu = 00:00:01 ; elapsed = 00:00:02 . Memory (MB): peak = 2032.055 ; gain = 0.000
Sweep | Checksum: 174a7ab51
INFO: [Opt 31-389] Phase Sweep created 0 cells and removed 258 cells
INFO: [Opt 31-1021] In phase Sweep, 123 netlist objects are constrained preventing optimization. Please run opt_design with -debug_log to get more detail. 

Phase 6 BUFG optimization
Phase 6 BUFG optimization | Checksum: 174a7ab51

Time (s): cpu = 00:00:02 ; elapsed = 00:00:02 . Memory (MB): peak = 2032.055 ; gain = 0.000
BUFG optimization | Checksum: 174a7ab51
INFO: [Opt 31-662] Phase BUFG optimization created 0 cells of which 0 are BUFGs and removed 0 cells.

Phase 7 Shift Register Optimization
INFO: [Opt 31-1064] SRL Remap converted 0 SRLs to 0 registers and converted 0 registers of register chains to 0 SRLs
Phase 7 Shift Register Optimization | Checksum: 174a7ab51

Time (s): cpu = 00:00:02 ; elapsed = 00:00:02 . Memory (MB): peak = 2032.055 ; gain = 0.000
Shift Register Optimization | Checksum: 174a7ab51
INFO: [Opt 31-389] Phase Shift Register Optimization created 0 cells and removed 0 cells

Phase 8 Post Processing Netlist
Phase 8 Post Processing Netlist | Checksum: 1929ce4b5

Time (s): cpu = 00:00:02 ; elapsed = 00:00:02 . Memory (MB): peak = 2032.055 ; gain = 0.000
Post Processing Netlist | Checksum: 1929ce4b5
INFO: [Opt 31-389] Phase Post Processing Netlist created 0 cells and removed 0 cells
INFO: [Opt 31-1021] In phase Post Processing Netlist, 42 netlist objects are constrained preventing optimization. Please run opt_design with -debug_log to get more detail. 

Phase 9 Finalization

Phase 9.1 Finalizing Design Cores and Updating Shapes
Phase 9.1 Finalizing Design Cores and Updating Shapes | Checksum: 1ef7e092b

Time (s): cpu = 00:00:02 ; elapsed = 00:00:02 . Memory (MB): peak = 2032.055 ; gain = 0.000

Phase 9.2 Verifying Netlist Connectivity

Starting Connectivity Check Task

Time (s): cpu = 00:00:00 ; elapsed = 00:00:00.052 . Memory (MB): peak = 2032.055 ; gain = 0.000
Phase 9.2 Verifying Netlist Connectivity | Checksum: 1ef7e092b

Time (s): cpu = 00:00:02 ; elapsed = 00:00:03 . Memory (MB): peak = 2032.055 ; gain = 0.000
Phase 9 Finalization | Checksum: 1ef7e092b

Time (s): cpu = 00:00:02 ; elapsed = 00:00:03 . Memory (MB): peak = 2032.055 ; gain = 0.000
Opt_design Change Summary
=========================


-------------------------------------------------------------------------------------------------------------------------
|  Phase                        |  #Cells created  |  #Cells Removed  |  #Constrained objects preventing optimizations  |
-------------------------------------------------------------------------------------------------------------------------
|  Retarget                     |              22  |             285  |                                             38  |
|  Constant propagation         |              50  |             200  |                                             38  |
|  Sweep                        |               0  |             258  |                                            123  |
|  BUFG optimization            |               0  |               0  |                                              0  |
|  Shift Register Optimization  |               0  |               0  |                                              0  |
|  Post Processing Netlist      |               0  |               0  |                                             42  |
-------------------------------------------------------------------------------------------------------------------------


Ending Logic Optimization Task | Checksum: 1ef7e092b

Time (s): cpu = 00:00:02 ; elapsed = 00:00:03 . Memory (MB): peak = 2032.055 ; gain = 0.000

Starting Power Optimization Task
INFO: [Pwropt 34-132] Skipping clock gating for clocks with a period < 2.00 ns.
INFO: [Pwropt 34-9] Applying IDT optimizations ...
INFO: [Pwropt 34-10] Applying ODC optimizations ...
INFO: [Timing 38-35] Done setting XDC timing constraints.
Running Vector-less Activity Propagation...

Finished Running Vector-less Activity Propagation


Starting PowerOpt Patch Enables Task
INFO: [Pwropt 34-162] WRITE_MODE attribute of 0 BRAM(s) out of a total of 3 has been updated to save power. Run report_power_opt to get a complete listing of the BRAMs updated.
INFO: [Pwropt 34-201] Structural ODC has moved 1 WE to EN ports
Number of BRAM Ports augmented: 5 newly gated: 1 Total Ports: 6
Ending PowerOpt Patch Enables Task | Checksum: 1982f220f

Time (s): cpu = 00:00:00 ; elapsed = 00:00:00.105 . Memory (MB): peak = 2032.055 ; gain = 0.000
Ending Power Optimization Task | Checksum: 1982f220f

Time (s): cpu = 00:00:04 ; elapsed = 00:00:04 . Memory (MB): peak = 2032.055 ; gain = 0.000

Starting Final Cleanup Task
Ending Final Cleanup Task | Checksum: 1982f220f

Time (s): cpu = 00:00:00 ; elapsed = 00:00:00.003 . Memory (MB): peak = 2032.055 ; gain = 0.000
Netlist sorting complete. Time (s): cpu = 00:00:00 ; elapsed = 00:00:00.021 . Memory (MB): peak = 2032.055 ; gain = 0.000
INFO: [Common 17-83] Releasing license: Implementation
49 Infos, 7 Warnings, 0 Critical Warnings and 0 Errors encountered.
opt_design completed successfully
opt_design: Time (s): cpu = 00:00:15 ; elapsed = 00:00:19 . Memory (MB): peak = 2032.055 ; gain = 430.527
INFO: [Vivado 12-24828] Executing command : report_drc -file image_block_wrapper_drc_opted.rpt -pb image_block_wrapper_drc_opted.pb -rpx image_block_wrapper_drc_opted.rpx
Command: report_drc -file image_block_wrapper_drc_opted.rpt -pb image_block_wrapper_drc_opted.pb -rpx image_block_wrapper_drc_opted.rpx
INFO: [IP_Flow 19-1839] IP Catalog is up to date.
INFO: [DRC 23-27] Running DRC with 2 threads
INFO: [Vivado_Tcl 2-168] The results of DRC are in file C:/Users/user/Desktop/project/FPGA/BARN AI/BARN AI.runs/impl_1/image_block_wrapper_drc_opted.rpt.
report_drc completed successfully
report_drc: Time (s): cpu = 00:00:08 ; elapsed = 00:00:15 . Memory (MB): peak = 2032.055 ; gain = 0.000
generate_parallel_reports: Time (s): cpu = 00:00:08 ; elapsed = 00:00:15 . Memory (MB): peak = 2032.055 ; gain = 0.000
INFO: [Timing 38-480] Writing timing data to binary archive.
Wrote PlaceDB: Time (s): cpu = 00:00:00 ; elapsed = 00:00:00 . Memory (MB): peak = 2032.055 ; gain = 0.000
Wrote PulsedLatchDB: Time (s): cpu = 00:00:01 ; elapsed = 00:00:00.012 . Memory (MB): peak = 2032.055 ; gain = 0.000
Writing XDEF routing.
Write ShapeDB Complete: Time (s): cpu = 00:00:01 ; elapsed = 00:00:00.050 . Memory (MB): peak = 2032.055 ; gain = 0.000
Writing XDEF routing logical nets.
Writing XDEF routing special nets.
Wrote RouteStorage: Time (s): cpu = 00:00:00 ; elapsed = 00:00:00.069 . Memory (MB): peak = 2032.055 ; gain = 0.000
Wrote PlaceStorage: Time (s): cpu = 00:00:00 ; elapsed = 00:00:00.036 . Memory (MB): peak = 2032.055 ; gain = 0.000
Wrote Netlist Cache: Time (s): cpu = 00:00:00 ; elapsed = 00:00:00.006 . Memory (MB): peak = 2032.055 ; gain = 0.000
Wrote Device Cache: Time (s): cpu = 00:00:00 ; elapsed = 00:00:00.034 . Memory (MB): peak = 2032.055 ; gain = 0.000
Write Physdb Complete: Time (s): cpu = 00:00:01 ; elapsed = 00:00:00.193 . Memory (MB): peak = 2032.055 ; gain = 0.000
INFO: [Common 17-1381] The checkpoint 'C:/Users/user/Desktop/project/FPGA/BARN AI/BARN AI.runs/impl_1/image_block_wrapper_opt.dcp' has been generated.
Command: place_design
Attempting to get a license for feature 'Implementation' and/or device 'xc7z020'
INFO: [Common 17-349] Got license for feature 'Implementation' and/or device 'xc7z020'
INFO: [Common 17-83] Releasing license: Implementation
INFO: [DRC 23-27] Running DRC with 2 threads
INFO: [Vivado_Tcl 4-198] DRC finished with 0 Errors
INFO: [Vivado_Tcl 4-199] Please refer to the DRC report (report_drc) for more information.
INFO: [Timing 38-35] Done setting XDC timing constraints.
Running DRC as a precondition to command place_design
INFO: [DRC 23-27] Running DRC with 2 threads
INFO: [Vivado_Tcl 4-198] DRC finished with 0 Errors
INFO: [Vivado_Tcl 4-199] Please refer to the DRC report (report_drc) for more information.
INFO: [Place 30-611] Multithreading enabled for place_design using a maximum of 2 CPUs

Starting Placer Task

Phase 1 Placer Initialization

Phase 1.1 Placer Initialization Netlist Sorting
Netlist sorting complete. Time (s): cpu = 00:00:00 ; elapsed = 00:00:00.008 . Memory (MB): peak = 2032.055 ; gain = 0.000
Phase 1.1 Placer Initialization Netlist Sorting | Checksum: c3ce7b8a

Time (s): cpu = 00:00:00 ; elapsed = 00:00:00.026 . Memory (MB): peak = 2032.055 ; gain = 0.000
Netlist sorting complete. Time (s): cpu = 00:00:00 ; elapsed = 00:00:00.007 . Memory (MB): peak = 2032.055 ; gain = 0.000

Phase 1.2 IO Placement/ Clock Placement/ Build Placer Device
Phase 1.2 IO Placement/ Clock Placement/ Build Placer Device | Checksum: d672fcda

Time (s): cpu = 00:00:01 ; elapsed = 00:00:01 . Memory (MB): peak = 2032.055 ; gain = 0.000

Phase 1.3 Build Placer Netlist Model
Phase 1.3 Build Placer Netlist Model | Checksum: 1167d7bcf

Time (s): cpu = 00:00:04 ; elapsed = 00:00:04 . Memory (MB): peak = 2032.055 ; gain = 0.000

Phase 1.4 Constrain Clocks/Macros
Phase 1.4 Constrain Clocks/Macros | Checksum: 1167d7bcf

Time (s): cpu = 00:00:04 ; elapsed = 00:00:04 . Memory (MB): peak = 2032.055 ; gain = 0.000
Phase 1 Placer Initialization | Checksum: 1167d7bcf

Time (s): cpu = 00:00:04 ; elapsed = 00:00:05 . Memory (MB): peak = 2032.055 ; gain = 0.000

Phase 2 Global Placement

Phase 2.1 Floorplanning
Phase 2.1 Floorplanning | Checksum: c4700694

Time (s): cpu = 00:00:06 ; elapsed = 00:00:07 . Memory (MB): peak = 2032.055 ; gain = 0.000

Phase 2.2 Update Timing before SLR Path Opt
Phase 2.2 Update Timing before SLR Path Opt | Checksum: 13e1b771d

Time (s): cpu = 00:00:07 ; elapsed = 00:00:08 . Memory (MB): peak = 2032.055 ; gain = 0.000

Phase 2.3 Post-Processing in Floorplanning
Phase 2.3 Post-Processing in Floorplanning | Checksum: 13e1b771d

Time (s): cpu = 00:00:07 ; elapsed = 00:00:08 . Memory (MB): peak = 2032.055 ; gain = 0.000

Phase 2.4 Global Place Phase1
Phase 2.4 Global Place Phase1 | Checksum: 10850beae

Time (s): cpu = 00:00:17 ; elapsed = 00:00:20 . Memory (MB): peak = 2032.055 ; gain = 0.000

Phase 2.5 Global Place Phase2

Phase 2.5.1 UpdateTiming Before Physical Synthesis
Phase 2.5.1 UpdateTiming Before Physical Synthesis | Checksum: 10850beae

Time (s): cpu = 00:00:21 ; elapsed = 00:00:23 . Memory (MB): peak = 2032.055 ; gain = 0.000

Phase 2.5.2 Physical Synthesis In Placer
INFO: [Physopt 32-1035] Found 0 LUTNM shape to break, 229 LUT instances to create LUTNM shape
INFO: [Physopt 32-1044] Break lutnm for timing: one critical 0, two critical 0, total 0, new lutff created 0
INFO: [Physopt 32-1138] End 1 Pass. Optimized 74 nets or LUTs. Breaked 0 LUT, combined 74 existing LUTs and moved 0 existing LUT
INFO: [Physopt 32-65] No nets found for high-fanout optimization.
INFO: [Physopt 32-232] Optimized 0 net. Created 0 new instance.
INFO: [Physopt 32-775] End 1 Pass. Optimized 0 net or cell. Created 0 new cell, deleted 0 existing cell and moved 0 existing cell
INFO: [Physopt 32-670] No setup violation found.  DSP Register Optimization was not performed.
INFO: [Physopt 32-670] No setup violation found.  Shift Register to Pipeline Optimization was not performed.
INFO: [Physopt 32-670] No setup violation found.  Shift Register Optimization was not performed.
INFO: [Physopt 32-670] No setup violation found.  BRAM Register Optimization was not performed.
INFO: [Physopt 32-670] No setup violation found.  URAM Register Optimization was not performed.
INFO: [Physopt 32-949] No candidate nets found for dynamic/static region interface net replication
INFO: [Physopt 32-775] End 1 Pass. Optimized 0 net or cell. Created 0 new cell, deleted 0 existing cell and moved 0 existing cell
Netlist sorting complete. Time (s): cpu = 00:00:00 ; elapsed = 00:00:00.013 . Memory (MB): peak = 2032.055 ; gain = 0.000

Summary of Physical Synthesis Optimizations
============================================


-----------------------------------------------------------------------------------------------------------------------------------------------------------
|  Optimization                                     |  Added Cells  |  Removed Cells  |  Optimized Cells/Nets  |  Dont Touch  |  Iterations  |  Elapsed   |
-----------------------------------------------------------------------------------------------------------------------------------------------------------
|  LUT Combining                                    |            0  |             74  |                    74  |           0  |           1  |  00:00:02  |
|  Retime                                           |            0  |              0  |                     0  |           0  |           1  |  00:00:00  |
|  Very High Fanout                                 |            0  |              0  |                     0  |           0  |           1  |  00:00:00  |
|  DSP Register                                     |            0  |              0  |                     0  |           0  |           0  |  00:00:00  |
|  Shift Register to Pipeline                       |            0  |              0  |                     0  |           0  |           0  |  00:00:00  |
|  Shift Register                                   |            0  |              0  |                     0  |           0  |           0  |  00:00:00  |
|  BRAM Register                                    |            0  |              0  |                     0  |           0  |           0  |  00:00:00  |
|  URAM Register                                    |            0  |              0  |                     0  |           0  |           0  |  00:00:00  |
|  Dynamic/Static Region Interface Net Replication  |            0  |              0  |                     0  |           0  |           1  |  00:00:00  |
|  Total                                            |            0  |             74  |                    74  |           0  |           4  |  00:00:02  |
-----------------------------------------------------------------------------------------------------------------------------------------------------------


Phase 2.5.2 Physical Synthesis In Placer | Checksum: 197e24b4a

Time (s): cpu = 00:00:25 ; elapsed = 00:00:31 . Memory (MB): peak = 2032.055 ; gain = 0.000
Phase 2.5 Global Place Phase2 | Checksum: 160509a0a

Time (s): cpu = 00:00:25 ; elapsed = 00:00:32 . Memory (MB): peak = 2032.055 ; gain = 0.000
Phase 2 Global Placement | Checksum: 160509a0a

Time (s): cpu = 00:00:26 ; elapsed = 00:00:32 . Memory (MB): peak = 2032.055 ; gain = 0.000

Phase 3 Detail Placement

Phase 3.1 Commit Multi Column Macros
Phase 3.1 Commit Multi Column Macros | Checksum: 200cb0dbd

Time (s): cpu = 00:00:28 ; elapsed = 00:00:35 . Memory (MB): peak = 2032.055 ; gain = 0.000

Phase 3.2 Commit Most Macros & LUTRAMs
Phase 3.2 Commit Most Macros & LUTRAMs | Checksum: 2bb815727

Time (s): cpu = 00:00:34 ; elapsed = 00:00:41 . Memory (MB): peak = 2032.055 ; gain = 0.000

Phase 3.3 Area Swap Optimization
Phase 3.3 Area Swap Optimization | Checksum: 22e53aa2b

Time (s): cpu = 00:00:34 ; elapsed = 00:00:41 . Memory (MB): peak = 2032.055 ; gain = 0.000

Phase 3.4 Pipeline Register Optimization
Phase 3.4 Pipeline Register Optimization | Checksum: 25e2c377b

Time (s): cpu = 00:00:34 ; elapsed = 00:00:42 . Memory (MB): peak = 2032.055 ; gain = 0.000

Phase 3.5 Small Shape Detail Placement
Phase 3.5 Small Shape Detail Placement | Checksum: 275607d7a

Time (s): cpu = 00:00:38 ; elapsed = 00:00:47 . Memory (MB): peak = 2032.055 ; gain = 0.000

Phase 3.6 Re-assign LUT pins
Phase 3.6 Re-assign LUT pins | Checksum: 1d0e1429e

Time (s): cpu = 00:00:40 ; elapsed = 00:00:49 . Memory (MB): peak = 2032.055 ; gain = 0.000

Phase 3.7 Pipeline Register Optimization
Phase 3.7 Pipeline Register Optimization | Checksum: 1e487d412

Time (s): cpu = 00:00:40 ; elapsed = 00:00:50 . Memory (MB): peak = 2032.055 ; gain = 0.000
Phase 3 Detail Placement | Checksum: 1e487d412

Time (s): cpu = 00:00:40 ; elapsed = 00:00:50 . Memory (MB): peak = 2032.055 ; gain = 0.000

Phase 4 Post Placement Optimization and Clean-Up

Phase 4.1 Post Commit Optimization
INFO: [Timing 38-35] Done setting XDC timing constraints.

Phase 4.1.1 Post Placement Optimization
Post Placement Optimization Initialization | Checksum: 164117118

Phase 4.1.1.1 BUFG Insertion

Starting Physical Synthesis Task

Phase 1 Physical Synthesis Initialization
INFO: [Physopt 32-721] Multithreading enabled for phys_opt_design using a maximum of 2 CPUs
INFO: [Physopt 32-619] Estimated Timing Summary | WNS=2.682 | TNS=0.000 |
Phase 1 Physical Synthesis Initialization | Checksum: 1eca88141

Time (s): cpu = 00:00:00 ; elapsed = 00:00:00.186 . Memory (MB): peak = 2032.055 ; gain = 0.000
INFO: [Place 46-56] BUFG insertion identified 0 candidate nets. Inserted BUFG: 0, Replicated BUFG Driver: 0, Skipped due to Placement/Routing Conflicts: 0, Skipped due to Timing Degradation: 0, Skipped due to netlist editing failed: 0.
Ending Physical Synthesis Task | Checksum: 19de267b4

Time (s): cpu = 00:00:00 ; elapsed = 00:00:00.213 . Memory (MB): peak = 2032.055 ; gain = 0.000
Phase 4.1.1.1 BUFG Insertion | Checksum: 164117118

Time (s): cpu = 00:00:43 ; elapsed = 00:00:53 . Memory (MB): peak = 2032.055 ; gain = 0.000

Phase 4.1.1.2 Post Placement Timing Optimization
INFO: [Place 30-746] Post Placement Timing Summary WNS=2.682. For the most accurate timing information please run report_timing.
Phase 4.1.1.2 Post Placement Timing Optimization | Checksum: 10fe78a71

Time (s): cpu = 00:00:43 ; elapsed = 00:00:53 . Memory (MB): peak = 2032.055 ; gain = 0.000

Time (s): cpu = 00:00:43 ; elapsed = 00:00:53 . Memory (MB): peak = 2032.055 ; gain = 0.000
Phase 4.1 Post Commit Optimization | Checksum: 10fe78a71

Time (s): cpu = 00:00:43 ; elapsed = 00:00:53 . Memory (MB): peak = 2032.055 ; gain = 0.000

Phase 4.2 Post Placement Cleanup
Phase 4.2 Post Placement Cleanup | Checksum: 10fe78a71

Time (s): cpu = 00:00:44 ; elapsed = 00:00:53 . Memory (MB): peak = 2032.055 ; gain = 0.000

Phase 4.3 Placer Reporting

Phase 4.3.1 Print Estimated Congestion
INFO: [Place 30-612] Post-Placement Estimated Congestion 
 ____________________________________________________
|           | Global Congestion | Short Congestion  |
| Direction | Region Size       | Region Size       |
|___________|___________________|___________________|
|      North|                1x1|                1x1|
|___________|___________________|___________________|
|      South|                1x1|                2x2|
|___________|___________________|___________________|
|       East|                1x1|                1x1|
|___________|___________________|___________________|
|       West|                1x1|                1x1|
|___________|___________________|___________________|

Phase 4.3.1 Print Estimated Congestion | Checksum: 10fe78a71

Time (s): cpu = 00:00:44 ; elapsed = 00:00:53 . Memory (MB): peak = 2032.055 ; gain = 0.000
Phase 4.3 Placer Reporting | Checksum: 10fe78a71

Time (s): cpu = 00:00:44 ; elapsed = 00:00:53 . Memory (MB): peak = 2032.055 ; gain = 0.000

Phase 4.4 Final Placement Cleanup
Netlist sorting complete. Time (s): cpu = 00:00:00 ; elapsed = 00:00:00.004 . Memory (MB): peak = 2032.055 ; gain = 0.000

Time (s): cpu = 00:00:44 ; elapsed = 00:00:53 . Memory (MB): peak = 2032.055 ; gain = 0.000
Phase 4 Post Placement Optimization and Clean-Up | Checksum: 1d4fdf742

Time (s): cpu = 00:00:44 ; elapsed = 00:00:53 . Memory (MB): peak = 2032.055 ; gain = 0.000
Ending Placer Task | Checksum: 1900e8122

Time (s): cpu = 00:00:44 ; elapsed = 00:00:53 . Memory (MB): peak = 2032.055 ; gain = 0.000
84 Infos, 7 Warnings, 0 Critical Warnings and 0 Errors encountered.
place_design completed successfully
place_design: Time (s): cpu = 00:00:47 ; elapsed = 00:00:57 . Memory (MB): peak = 2032.055 ; gain = 0.000
INFO: [Vivado 12-24838] Running report commands "report_control_sets, report_io, report_utilization" in parallel.
Running report generation with 2 threads.
INFO: [Vivado 12-24828] Executing command : report_utilization -file image_block_wrapper_utilization_placed.rpt -pb image_block_wrapper_utilization_placed.pb
INFO: [Vivado 12-24828] Executing command : report_io -file image_block_wrapper_io_placed.rpt
report_io: Time (s): cpu = 00:00:00 ; elapsed = 00:00:00.250 . Memory (MB): peak = 2032.055 ; gain = 0.000
INFO: [Vivado 12-24828] Executing command : report_control_sets -verbose -file image_block_wrapper_control_sets_placed.rpt
report_control_sets: Time (s): cpu = 00:00:00 ; elapsed = 00:00:00.051 . Memory (MB): peak = 2032.055 ; gain = 0.000
INFO: [Timing 38-480] Writing timing data to binary archive.
Wrote PlaceDB: Time (s): cpu = 00:00:00 ; elapsed = 00:00:00 . Memory (MB): peak = 2032.055 ; gain = 0.000
Wrote PulsedLatchDB: Time (s): cpu = 00:00:00 ; elapsed = 00:00:00.001 . Memory (MB): peak = 2032.055 ; gain = 0.000
Writing XDEF routing.
Write ShapeDB Complete: Time (s): cpu = 00:00:00 ; elapsed = 00:00:00.085 . Memory (MB): peak = 2032.055 ; gain = 0.000
Writing XDEF routing logical nets.
Writing XDEF routing special nets.
Wrote RouteStorage: Time (s): cpu = 00:00:01 ; elapsed = 00:00:00.088 . Memory (MB): peak = 2032.055 ; gain = 0.000
Wrote PlaceStorage: Time (s): cpu = 00:00:01 ; elapsed = 00:00:00.513 . Memory (MB): peak = 2032.055 ; gain = 0.000
Wrote Netlist Cache: Time (s): cpu = 00:00:00 ; elapsed = 00:00:00.018 . Memory (MB): peak = 2032.055 ; gain = 0.000
Wrote Device Cache: Time (s): cpu = 00:00:00 ; elapsed = 00:00:00.025 . Memory (MB): peak = 2032.055 ; gain = 0.000
Write Physdb Complete: Time (s): cpu = 00:00:02 ; elapsed = 00:00:00.675 . Memory (MB): peak = 2032.055 ; gain = 0.000
INFO: [Common 17-1381] The checkpoint 'C:/Users/user/Desktop/project/FPGA/BARN AI/BARN AI.runs/impl_1/image_block_wrapper_placed.dcp' has been generated.
Command: phys_opt_design
Attempting to get a license for feature 'Implementation' and/or device 'xc7z020'
INFO: [Common 17-349] Got license for feature 'Implementation' and/or device 'xc7z020'

Starting Initial Update Timing Task

Time (s): cpu = 00:00:04 ; elapsed = 00:00:03 . Memory (MB): peak = 2032.055 ; gain = 0.000
INFO: [Vivado_Tcl 4-2279] Estimated Timing Summary | WNS= 2.682 | TNS= 0.000 | 
INFO: [Vivado_Tcl 4-383] Design worst setup slack (WNS) is greater than or equal to 0.000 ns. All physical synthesis setup optimizations will be skipped.
INFO: [Vivado_Tcl 4-232] No setup violation found. The netlist was not modified.
INFO: [Common 17-83] Releasing license: Implementation
95 Infos, 7 Warnings, 0 Critical Warnings and 0 Errors encountered.
phys_opt_design completed successfully
Wrote PlaceDB: Time (s): cpu = 00:00:00 ; elapsed = 00:00:00 . Memory (MB): peak = 2032.055 ; gain = 0.000
INFO: [Timing 38-480] Writing timing data to binary archive.
Wrote PulsedLatchDB: Time (s): cpu = 00:00:00 ; elapsed = 00:00:00 . Memory (MB): peak = 2032.055 ; gain = 0.000
Writing XDEF routing.
Writing XDEF routing logical nets.
Write ShapeDB Complete: Time (s): cpu = 00:00:01 ; elapsed = 00:00:00.091 . Memory (MB): peak = 2032.055 ; gain = 0.000
Writing XDEF routing special nets.
Wrote RouteStorage: Time (s): cpu = 00:00:01 ; elapsed = 00:00:00.089 . Memory (MB): peak = 2032.055 ; gain = 0.000
Wrote PlaceStorage: Time (s): cpu = 00:00:01 ; elapsed = 00:00:00.552 . Memory (MB): peak = 2032.055 ; gain = 0.000
Wrote Netlist Cache: Time (s): cpu = 00:00:01 ; elapsed = 00:00:00.027 . Memory (MB): peak = 2032.055 ; gain = 0.000
Wrote Device Cache: Time (s): cpu = 00:00:00 ; elapsed = 00:00:00.033 . Memory (MB): peak = 2032.055 ; gain = 0.000
Write Physdb Complete: Time (s): cpu = 00:00:03 ; elapsed = 00:00:00.729 . Memory (MB): peak = 2032.055 ; gain = 0.000
INFO: [Common 17-1381] The checkpoint 'C:/Users/user/Desktop/project/FPGA/BARN AI/BARN AI.runs/impl_1/image_block_wrapper_physopt.dcp' has been generated.
Command: route_design
Attempting to get a license for feature 'Implementation' and/or device 'xc7z020'
INFO: [Common 17-349] Got license for feature 'Implementation' and/or device 'xc7z020'


Starting Routing Task
INFO: [Route 35-254] Multithreading enabled for route_design using a maximum of 2 CPUs

Phase 1 Build RT Design
Checksum: PlaceDB: b6ffbd50 ConstDB: 0 ShapeSum: c31550e2 RouteDB: 15f972f0
Post Restoration Checksum: NetGraph: be3e5e9d | NumContArr: 2e85943 | Constraints: c2a8fa9d | Timing: c2a8fa9d
Phase 1 Build RT Design | Checksum: 24678ad1a

Time (s): cpu = 00:00:49 ; elapsed = 00:00:52 . Memory (MB): peak = 2032.055 ; gain = 0.000

Phase 2 Router Initialization

Phase 2.1 Fix Topology Constraints
Phase 2.1 Fix Topology Constraints | Checksum: 24678ad1a

Time (s): cpu = 00:00:49 ; elapsed = 00:00:52 . Memory (MB): peak = 2032.055 ; gain = 0.000

Phase 2.2 Pre Route Cleanup
Phase 2.2 Pre Route Cleanup | Checksum: 24678ad1a

Time (s): cpu = 00:00:49 ; elapsed = 00:00:52 . Memory (MB): peak = 2032.055 ; gain = 0.000
 Number of Nodes with overlaps = 0

Phase 2.3 Update Timing
Phase 2.3 Update Timing | Checksum: 1bcbcd4e7

Time (s): cpu = 00:00:53 ; elapsed = 00:00:55 . Memory (MB): peak = 2050.668 ; gain = 18.613
INFO: [Route 35-416] Intermediate Timing Summary | WNS=2.681  | TNS=0.000  | WHS=-0.311 | THS=-106.564|


Phase 2.4 Soft Constraint Pins - Fast Budgeting
Phase 2.4 Soft Constraint Pins - Fast Budgeting | Checksum: 19eabbd7f

Time (s): cpu = 00:00:54 ; elapsed = 00:00:55 . Memory (MB): peak = 2075.176 ; gain = 43.121

Router Utilization Summary
  Global Vertical Routing Utilization    = 0 %
  Global Horizontal Routing Utilization  = 0 %
  Routable Net Status*
  *Does not include unroutable nets such as driverless and loadless.
  Run report_route_status for detailed report.
  Number of Failed Nets               = 4814
    (Failed Nets is the sum of unrouted and partially routed nets)
  Number of Unrouted Nets             = 4814
  Number of Partially Routed Nets     = 0
  Number of Node Overlaps             = 0

Phase 2 Router Initialization | Checksum: 24545624f

Time (s): cpu = 00:00:54 ; elapsed = 00:00:56 . Memory (MB): peak = 2075.176 ; gain = 43.121

Phase 3 Global Routing
Phase 3 Global Routing | Checksum: 24545624f

Time (s): cpu = 00:00:54 ; elapsed = 00:00:56 . Memory (MB): peak = 2075.176 ; gain = 43.121

Phase 4 Initial Routing

Phase 4.1 Initial Net Routing Pass
Phase 4.1 Initial Net Routing Pass | Checksum: 10dcb5238

Time (s): cpu = 00:00:56 ; elapsed = 00:00:57 . Memory (MB): peak = 2075.176 ; gain = 43.121
Phase 4 Initial Routing | Checksum: 10dcb5238

Time (s): cpu = 00:00:56 ; elapsed = 00:00:57 . Memory (MB): peak = 2075.176 ; gain = 43.121

Phase 5 Rip-up And Reroute

Phase 5.1 Global Iteration 0
 Number of Nodes with overlaps = 299
 Number of Nodes with overlaps = 11
 Number of Nodes with overlaps = 0
INFO: [Route 35-416] Intermediate Timing Summary | WNS=2.734  | TNS=0.000  | WHS=N/A    | THS=N/A    |

Phase 5.1 Global Iteration 0 | Checksum: 2d8d9b426

Time (s): cpu = 00:01:00 ; elapsed = 00:00:59 . Memory (MB): peak = 2075.176 ; gain = 43.121

Phase 5.2 Global Iteration 1
 Number of Nodes with overlaps = 1
 Number of Nodes with overlaps = 0
INFO: [Route 35-416] Intermediate Timing Summary | WNS=2.734  | TNS=0.000  | WHS=N/A    | THS=N/A    |

Phase 5.2 Global Iteration 1 | Checksum: 1fe4d6335

Time (s): cpu = 00:01:00 ; elapsed = 00:01:00 . Memory (MB): peak = 2075.176 ; gain = 43.121
Phase 5 Rip-up And Reroute | Checksum: 1fe4d6335

Time (s): cpu = 00:01:00 ; elapsed = 00:01:00 . Memory (MB): peak = 2075.176 ; gain = 43.121

Phase 6 Delay and Skew Optimization

Phase 6.1 Delay CleanUp

Phase 6.1.1 Update Timing
Phase 6.1.1 Update Timing | Checksum: 1874fd6e8

Time (s): cpu = 00:01:00 ; elapsed = 00:01:00 . Memory (MB): peak = 2075.176 ; gain = 43.121
INFO: [Route 35-416] Intermediate Timing Summary | WNS=2.849  | TNS=0.000  | WHS=N/A    | THS=N/A    |

Phase 6.1 Delay CleanUp | Checksum: 1874fd6e8

Time (s): cpu = 00:01:00 ; elapsed = 00:01:00 . Memory (MB): peak = 2075.176 ; gain = 43.121

Phase 6.2 Clock Skew Optimization
Phase 6.2 Clock Skew Optimization | Checksum: 1874fd6e8

Time (s): cpu = 00:01:00 ; elapsed = 00:01:00 . Memory (MB): peak = 2075.176 ; gain = 43.121
Phase 6 Delay and Skew Optimization | Checksum: 1874fd6e8

Time (s): cpu = 00:01:00 ; elapsed = 00:01:00 . Memory (MB): peak = 2075.176 ; gain = 43.121

Phase 7 Post Hold Fix

Phase 7.1 Hold Fix Iter
INFO: [Route 35-416] Intermediate Timing Summary | WNS=2.849  | TNS=0.000  | WHS=0.030  | THS=0.000  |

Phase 7.1 Hold Fix Iter | Checksum: 257b316ac

Time (s): cpu = 00:01:01 ; elapsed = 00:01:00 . Memory (MB): peak = 2075.176 ; gain = 43.121
Phase 7 Post Hold Fix | Checksum: 257b316ac

Time (s): cpu = 00:01:01 ; elapsed = 00:01:00 . Memory (MB): peak = 2075.176 ; gain = 43.121

Phase 8 Route finalize

Router Utilization Summary
  Global Vertical Routing Utilization    = 0.681992 %
  Global Horizontal Routing Utilization  = 0.838489 %
  Routable Net Status*
  *Does not include unroutable nets such as driverless and loadless.
  Run report_route_status for detailed report.
  Number of Failed Nets               = 0
    (Failed Nets is the sum of unrouted and partially routed nets)
  Number of Unrouted Nets             = 0
  Number of Partially Routed Nets     = 0
  Number of Node Overlaps             = 0

Phase 8 Route finalize | Checksum: 257b316ac

Time (s): cpu = 00:01:01 ; elapsed = 00:01:00 . Memory (MB): peak = 2075.176 ; gain = 43.121

Phase 9 Verifying routed nets

 Verification completed successfully
Phase 9 Verifying routed nets | Checksum: 257b316ac

Time (s): cpu = 00:01:01 ; elapsed = 00:01:00 . Memory (MB): peak = 2075.176 ; gain = 43.121

Phase 10 Depositing Routes
Phase 10 Depositing Routes | Checksum: 262a4ff7d

Time (s): cpu = 00:01:02 ; elapsed = 00:01:01 . Memory (MB): peak = 2075.176 ; gain = 43.121

Phase 11 Post Process Routing
Phase 11 Post Process Routing | Checksum: 262a4ff7d

Time (s): cpu = 00:01:02 ; elapsed = 00:01:01 . Memory (MB): peak = 2075.176 ; gain = 43.121

Phase 12 Post Router Timing
INFO: [Route 35-57] Estimated Timing Summary | WNS=2.849  | TNS=0.000  | WHS=0.030  | THS=0.000  |

INFO: [Route 35-327] The final timing numbers are based on the router estimated timing analysis. For a complete and accurate timing signoff, please run report_timing_summary.
Phase 12 Post Router Timing | Checksum: 262a4ff7d

Time (s): cpu = 00:01:02 ; elapsed = 00:01:01 . Memory (MB): peak = 2075.176 ; gain = 43.121
Total Elapsed time in route_design: 61.193 secs

Phase 13 Post-Route Event Processing
Phase 13 Post-Route Event Processing | Checksum: 1639ec50f

Time (s): cpu = 00:01:02 ; elapsed = 00:01:01 . Memory (MB): peak = 2075.176 ; gain = 43.121
INFO: [Route 35-16] Router Completed Successfully
Ending Routing Task | Checksum: 1639ec50f

Time (s): cpu = 00:01:02 ; elapsed = 00:01:02 . Memory (MB): peak = 2075.176 ; gain = 43.121

Routing Is Done.
INFO: [Common 17-83] Releasing license: Implementation
108 Infos, 7 Warnings, 0 Critical Warnings and 0 Errors encountered.
route_design completed successfully
route_design: Time (s): cpu = 00:01:02 ; elapsed = 00:01:02 . Memory (MB): peak = 2075.176 ; gain = 43.121
INFO: [Vivado 12-24828] Executing command : report_drc -file image_block_wrapper_drc_routed.rpt -pb image_block_wrapper_drc_routed.pb -rpx image_block_wrapper_drc_routed.rpx
Command: report_drc -file image_block_wrapper_drc_routed.rpt -pb image_block_wrapper_drc_routed.pb -rpx image_block_wrapper_drc_routed.rpx
INFO: [IP_Flow 19-1839] IP Catalog is up to date.
INFO: [DRC 23-27] Running DRC with 2 threads
INFO: [Vivado_Tcl 2-168] The results of DRC are in file C:/Users/user/Desktop/project/FPGA/BARN AI/BARN AI.runs/impl_1/image_block_wrapper_drc_routed.rpt.
report_drc completed successfully
report_drc: Time (s): cpu = 00:00:08 ; elapsed = 00:00:08 . Memory (MB): peak = 2075.176 ; gain = 0.000
INFO: [Vivado 12-24828] Executing command : report_methodology -file image_block_wrapper_methodology_drc_routed.rpt -pb image_block_wrapper_methodology_drc_routed.pb -rpx image_block_wrapper_methodology_drc_routed.rpx
Command: report_methodology -file image_block_wrapper_methodology_drc_routed.rpt -pb image_block_wrapper_methodology_drc_routed.pb -rpx image_block_wrapper_methodology_drc_routed.rpx
INFO: [Timing 38-35] Done setting XDC timing constraints.
INFO: [DRC 23-133] Running Methodology with 2 threads
INFO: [Vivado_Tcl 2-1520] The results of Report Methodology are in file C:/Users/user/Desktop/project/FPGA/BARN AI/BARN AI.runs/impl_1/image_block_wrapper_methodology_drc_routed.rpt.
report_methodology completed successfully
report_methodology: Time (s): cpu = 00:00:09 ; elapsed = 00:00:08 . Memory (MB): peak = 2075.176 ; gain = 0.000
INFO: [Vivado 12-24828] Executing command : report_timing_summary -max_paths 10 -routable_nets -report_unconstrained -file image_block_wrapper_timing_summary_routed.rpt -pb image_block_wrapper_timing_summary_routed.pb -rpx image_block_wrapper_timing_summary_routed.rpx -warn_on_violation 
INFO: [Timing 38-35] Done setting XDC timing constraints.
INFO: [Timing 38-91] UpdateTimingParams: Speed grade: -1, Delay Type: min_max.
INFO: [Timing 38-191] Multithreading enabled for timing update using a maximum of 2 CPUs
INFO: [Vivado 12-24838] Running report commands "report_incremental_reuse, report_route_status" in parallel.
Running report generation with 2 threads.
INFO: [Vivado 12-24828] Executing command : report_incremental_reuse -file image_block_wrapper_incremental_reuse_routed.rpt
INFO: [Vivado_Tcl 4-1062] Incremental flow is disabled. No incremental reuse Info to report.
INFO: [Vivado 12-24828] Executing command : report_route_status -file image_block_wrapper_route_status.rpt -pb image_block_wrapper_route_status.pb
INFO: [Vivado 12-24828] Executing command : report_power -file image_block_wrapper_power_routed.rpt -pb image_block_wrapper_power_summary_routed.pb -rpx image_block_wrapper_power_routed.rpx
Command: report_power -file image_block_wrapper_power_routed.rpt -pb image_block_wrapper_power_summary_routed.pb -rpx image_block_wrapper_power_routed.rpx
Running Vector-less Activity Propagation...

Finished Running Vector-less Activity Propagation
WARNING: [Power 33-332] Found switching activity that implies high-fanout reset nets being asserted for excessive periods of time which may result in inaccurate power analysis.
Resolution: To review and fix problems, please run Power Constraints Advisor in the GUI from Tools > Power Constraints Advisor or run report_power with the -advisory option to generate a text report.
125 Infos, 8 Warnings, 0 Critical Warnings and 0 Errors encountered.
report_power completed successfully
INFO: [Vivado 12-24828] Executing command : report_clock_utilization -file image_block_wrapper_clock_utilization_routed.rpt
INFO: [Vivado 12-24828] Executing command : report_bus_skew -warn_on_violation -file image_block_wrapper_bus_skew_routed.rpt -pb image_block_wrapper_bus_skew_routed.pb -rpx image_block_wrapper_bus_skew_routed.rpx
INFO: [Timing 38-91] UpdateTimingParams: Speed grade: -1, Delay Type: min_max.
INFO: [Timing 38-191] Multithreading enabled for timing update using a maximum of 2 CPUs
generate_parallel_reports: Time (s): cpu = 00:00:22 ; elapsed = 00:00:22 . Memory (MB): peak = 2075.176 ; gain = 0.000
INFO: [Timing 38-480] Writing timing data to binary archive.
Wrote PlaceDB: Time (s): cpu = 00:00:00 ; elapsed = 00:00:00 . Memory (MB): peak = 2075.176 ; gain = 0.000
Wrote PulsedLatchDB: Time (s): cpu = 00:00:00 ; elapsed = 00:00:00 . Memory (MB): peak = 2075.176 ; gain = 0.000
Writing XDEF routing.
Write ShapeDB Complete: Time (s): cpu = 00:00:01 ; elapsed = 00:00:00.078 . Memory (MB): peak = 2075.176 ; gain = 0.000
Writing XDEF routing logical nets.
Writing XDEF routing special nets.
Wrote RouteStorage: Time (s): cpu = 00:00:00 ; elapsed = 00:00:00.215 . Memory (MB): peak = 2075.176 ; gain = 0.000
Wrote PlaceStorage: Time (s): cpu = 00:00:02 ; elapsed = 00:00:00.474 . Memory (MB): peak = 2075.176 ; gain = 0.000
Wrote Netlist Cache: Time (s): cpu = 00:00:00 ; elapsed = 00:00:00.018 . Memory (MB): peak = 2075.176 ; gain = 0.000
Wrote Device Cache: Time (s): cpu = 00:00:00 ; elapsed = 00:00:00.019 . Memory (MB): peak = 2075.176 ; gain = 0.000
Write Physdb Complete: Time (s): cpu = 00:00:02 ; elapsed = 00:00:00.780 . Memory (MB): peak = 2075.176 ; gain = 0.000
INFO: [Common 17-1381] The checkpoint 'C:/Users/user/Desktop/project/FPGA/BARN AI/BARN AI.runs/impl_1/image_block_wrapper_routed.dcp' has been generated.
INFO: [Memdata 28-167] Found XPM memory block image_block_i/axi_vdma_0/U0/I_PRMRY_DATAMOVER/GEN_S2MM_FULL.I_S2MM_FULL_WRAPPER/GEN_ENABLE_INDET_BTT_SF.I_INDET_BTT/I_XD_FIFO/NON_BLK_MEM.I_SYNC_FIFOGEN_FIFO/xpm_fifo_base_inst/gen_sdpram.xpm_memory_base_inst with a P_MEMORY_PRIMITIVE property set to auto. A value of block is required. You will not be able to use the updatemem program to update the bitstream with new data for the image_block_i/axi_vdma_0/U0/I_PRMRY_DATAMOVER/GEN_S2MM_FULL.I_S2MM_FULL_WRAPPER/GEN_ENABLE_INDET_BTT_SF.I_INDET_BTT/I_XD_FIFO/NON_BLK_MEM.I_SYNC_FIFOGEN_FIFO/xpm_fifo_base_inst/gen_sdpram.xpm_memory_base_inst block.
INFO: [Memdata 28-208] The XPM instance: <image_block_i/axi_vdma_0/U0/I_PRMRY_DATAMOVER/GEN_S2MM_FULL.I_S2MM_FULL_WRAPPER/GEN_ENABLE_INDET_BTT_SF.I_INDET_BTT/I_DATA_FIFO/BLK_MEM.I_SYNC_FIFOGEN_FIFO/xpm_fifo_base_inst/gen_sdpram.xpm_memory_base_inst> is part of IP: <image_block_i/axi_vdma_0>. This XPM instance will be excluded from the .mmi because updatemem is prohibited from making changes to an XPM that is part of an IP.
INFO: [Memdata 28-208] The XPM instance: <image_block_i/axi_vdma_0/U0/GEN_SPRT_FOR_S2MM.S2MM_LINEBUFFER_I/GEN_S2MM_FLUSH_SOF_LOGIC.GEN_LINEBUFFER_FLUSH_SOF.GEN_SYNC_FIFO_FLUSH_SOF.I_LINEBUFFER_FIFO/xpm_fifo_sync_inst/xpm_fifo_base_inst/gen_sdpram.xpm_memory_base_inst> is part of IP: <image_block_i/axi_vdma_0>. This XPM instance will be excluded from the .mmi because updatemem is prohibited from making changes to an XPM that is part of an IP.
Command: write_bitstream -force image_block_wrapper.bit
Attempting to get a license for feature 'Implementation' and/or device 'xc7z020'
INFO: [Common 17-349] Got license for feature 'Implementation' and/or device 'xc7z020'
Running DRC as a precondition to command write_bitstream
INFO: [IP_Flow 19-1839] IP Catalog is up to date.
INFO: [DRC 23-27] Running DRC with 2 threads
INFO: [Vivado 12-3199] DRC finished with 0 Errors
INFO: [Vivado 12-3200] Please refer to the DRC report (report_drc) for more information.
Integrating Hard IP ELF/MEM with the PDI.
INFO: [Designutils 20-2272] Running write_bitstream with 2 threads.
Loading data files...
Loading site data...
Loading route data...
Processing options...
Creating bitmap...
Creating bitstream...
Writing bitstream ./image_block_wrapper.bit...
INFO: [Vivado 12-1842] Bitgen Completed Successfully.
INFO: [Common 17-83] Releasing license: Implementation
142 Infos, 8 Warnings, 0 Critical Warnings and 0 Errors encountered.
write_bitstream completed successfully
write_bitstream: Time (s): cpu = 00:00:24 ; elapsed = 00:00:24 . Memory (MB): peak = 2365.992 ; gain = 290.816
INFO: [Common 17-206] Exiting Vivado at Thu Jul  9 19:23:00 2026...
