
*** Running vivado
    with args -log image_block_axis_gamma_0_0.vds -m64 -product Vivado -mode batch -messageDb vivado.pb -notrace -source image_block_axis_gamma_0_0.tcl



****** Vivado v2025.2 (64-bit)
  **** SW Build 6299465 on Fri Nov 14 19:35:11 GMT 2025
  **** IP Build 6300035 on Fri Nov 14 10:48:45 MST 2025
  **** SharedData Build 6298862 on Thu Nov 13 04:50:51 MST 2025
  **** Start of session at: Wed Jul 29 21:54:20 2026
    ** Copyright 1986-2022 Xilinx, Inc. All Rights Reserved.
    ** Copyright 2022-2025 Advanced Micro Devices, Inc. All Rights Reserved.

source image_block_axis_gamma_0_0.tcl -notrace
create_project: Time (s): cpu = 00:00:58 ; elapsed = 00:04:25 . Memory (MB): peak = 557.727 ; gain = 223.527
INFO: [IP_Flow 19-234] Refreshing IP repositories
INFO: [IP_Flow 19-1704] No user IP repositories specified
INFO: [IP_Flow 19-2313] Loaded Vivado IP repository 'C:/AMDDesignTools/2025.2/Vivado/data/ip'.
update_ip_catalog: Time (s): cpu = 00:00:02 ; elapsed = 00:00:09 . Memory (MB): peak = 572.980 ; gain = 15.254
Command: synth_design -top image_block_axis_gamma_0_0 -part xc7z020clg400-1 -incremental_mode off -mode out_of_context
Starting synth_design
Attempting to get a license for feature 'Synthesis' and/or device 'xc7z020'
INFO: [Common 17-349] Got license for feature 'Synthesis' and/or device 'xc7z020'
INFO: [Device 21-403] Loading part xc7z020clg400-1
INFO: [Synth 8-7079] Multithreading enabled for synth_design using a maximum of 2 processes.
INFO: [Synth 8-7078] Launching helper process for spawning children vivado processes
INFO: [Synth 8-7075] Helper process launched with PID 19912
---------------------------------------------------------------------------------
Starting RTL Elaboration : Time (s): cpu = 00:00:37 ; elapsed = 00:01:29 . Memory (MB): peak = 1350.434 ; gain = 540.219
---------------------------------------------------------------------------------
INFO: [Synth 8-6157] synthesizing module 'image_block_axis_gamma_0_0' [c:/Users/user/Desktop/project/BARN_AI_FPGA_PL/BARN_AI/BARN AI.gen/sources_1/bd/image_block/ip/image_block_axis_gamma_0_0/synth/image_block_axis_gamma_0_0.v:53]
INFO: [Synth 8-6157] synthesizing module 'axis_gamma' [C:/Users/user/Desktop/project/BARN_AI_FPGA_PL/rtl/axis_gamma.v:3]
	Parameter LUT_FILE bound to: C:/Users/user/Desktop/project/BARN_AI_FPGA_PL/rtl/gamma_lut.mem - type: string 
INFO: [Synth 8-3876] $readmem data file 'C:/Users/user/Desktop/project/BARN_AI_FPGA_PL/rtl/gamma_lut.mem' is read successfully [C:/Users/user/Desktop/project/BARN_AI_FPGA_PL/rtl/axis_gamma.v:23]
INFO: [Synth 8-6155] done synthesizing module 'axis_gamma' (0#1) [C:/Users/user/Desktop/project/BARN_AI_FPGA_PL/rtl/axis_gamma.v:3]
INFO: [Synth 8-6155] done synthesizing module 'image_block_axis_gamma_0_0' (0#1) [c:/Users/user/Desktop/project/BARN_AI_FPGA_PL/BARN_AI/BARN AI.gen/sources_1/bd/image_block/ip/image_block_axis_gamma_0_0/synth/image_block_axis_gamma_0_0.v:53]
---------------------------------------------------------------------------------
Finished RTL Elaboration : Time (s): cpu = 00:00:50 ; elapsed = 00:02:05 . Memory (MB): peak = 1474.871 ; gain = 664.656
---------------------------------------------------------------------------------
---------------------------------------------------------------------------------
Start Handling Custom Attributes
---------------------------------------------------------------------------------
---------------------------------------------------------------------------------
Finished Handling Custom Attributes : Time (s): cpu = 00:00:51 ; elapsed = 00:02:06 . Memory (MB): peak = 1474.871 ; gain = 664.656
---------------------------------------------------------------------------------
---------------------------------------------------------------------------------
Finished RTL Optimization Phase 1 : Time (s): cpu = 00:00:51 ; elapsed = 00:02:06 . Memory (MB): peak = 1474.871 ; gain = 664.656
---------------------------------------------------------------------------------
Netlist sorting complete. Time (s): cpu = 00:00:00 ; elapsed = 00:00:00.011 . Memory (MB): peak = 1474.871 ; gain = 0.000
INFO: [Project 1-570] Preparing netlist for logic optimization

Processing XDC Constraints
Initializing timing engine
Completed Processing XDC Constraints

Netlist sorting complete. Time (s): cpu = 00:00:00 ; elapsed = 00:00:00.001 . Memory (MB): peak = 1507.426 ; gain = 0.000
INFO: [Project 1-111] Unisim Transformation Summary:
No Unisim elements were transformed.

Constraint Validation Runtime : Time (s): cpu = 00:00:00 ; elapsed = 00:00:00.661 . Memory (MB): peak = 1507.434 ; gain = 0.008
INFO: [Designutils 20-5008] Incremental synthesis strategy off
---------------------------------------------------------------------------------
Finished Constraint Validation : Time (s): cpu = 00:01:45 ; elapsed = 00:04:10 . Memory (MB): peak = 1507.434 ; gain = 697.219
---------------------------------------------------------------------------------
---------------------------------------------------------------------------------
Start Loading Part and Timing Information
---------------------------------------------------------------------------------
Loading part: xc7z020clg400-1
---------------------------------------------------------------------------------
Finished Loading Part and Timing Information : Time (s): cpu = 00:01:45 ; elapsed = 00:04:10 . Memory (MB): peak = 1507.434 ; gain = 697.219
---------------------------------------------------------------------------------
---------------------------------------------------------------------------------
Start Applying 'set_property' XDC Constraints
---------------------------------------------------------------------------------
---------------------------------------------------------------------------------
Finished applying 'set_property' XDC Constraints : Time (s): cpu = 00:01:46 ; elapsed = 00:04:11 . Memory (MB): peak = 1507.434 ; gain = 697.219
---------------------------------------------------------------------------------
---------------------------------------------------------------------------------
Finished RTL Optimization Phase 2 : Time (s): cpu = 00:01:47 ; elapsed = 00:04:15 . Memory (MB): peak = 1507.434 ; gain = 697.219
---------------------------------------------------------------------------------
No constraint files found.
---------------------------------------------------------------------------------
Start RTL Component Statistics 
---------------------------------------------------------------------------------
Detailed RTL Component Info : 
+---Registers : 
	               24 Bit    Registers := 1     
	                1 Bit    Registers := 3     
---------------------------------------------------------------------------------
Finished RTL Component Statistics 
---------------------------------------------------------------------------------
---------------------------------------------------------------------------------
Start Part Resource Summary
---------------------------------------------------------------------------------
Part Resources:
DSPs: 220 (col length:60)
BRAMs: 280 (col length: RAMB18 60 RAMB36 30)
---------------------------------------------------------------------------------
Finished Part Resource Summary
---------------------------------------------------------------------------------
No constraint files found.
---------------------------------------------------------------------------------
Start Cross Boundary and Area Optimization
---------------------------------------------------------------------------------
---------------------------------------------------------------------------------
Finished Cross Boundary and Area Optimization : Time (s): cpu = 00:02:15 ; elapsed = 00:05:20 . Memory (MB): peak = 1520.305 ; gain = 710.090
---------------------------------------------------------------------------------
---------------------------------------------------------------------------------
Start ROM, RAM, DSP, Shift Register and Retiming Reporting
---------------------------------------------------------------------------------

ROM: Preliminary Mapping Report
+---------------------------+------------+---------------+----------------+
|Module Name                | RTL Object | Depth x Width | Implemented As | 
+---------------------------+------------+---------------+----------------+
|axis_gamma                 | lut        | 256x8         | LUT            | 
|axis_gamma                 | lut        | 256x8         | LUT            | 
|axis_gamma                 | lut        | 256x8         | LUT            | 
|image_block_axis_gamma_0_0 | p_0_out    | 256x8         | LUT            | 
|image_block_axis_gamma_0_0 | p_0_out    | 256x8         | LUT            | 
+---------------------------+------------+---------------+----------------+

---------------------------------------------------------------------------------
Finished ROM, RAM, DSP, Shift Register and Retiming Reporting
---------------------------------------------------------------------------------
No constraint files found.
---------------------------------------------------------------------------------
Start Timing Optimization
---------------------------------------------------------------------------------
---------------------------------------------------------------------------------
Finished Timing Optimization : Time (s): cpu = 00:02:15 ; elapsed = 00:05:20 . Memory (MB): peak = 1520.305 ; gain = 710.090
---------------------------------------------------------------------------------
---------------------------------------------------------------------------------
Start Technology Mapping
---------------------------------------------------------------------------------
---------------------------------------------------------------------------------
Finished Technology Mapping : Time (s): cpu = 00:02:16 ; elapsed = 00:05:22 . Memory (MB): peak = 1520.305 ; gain = 710.090
---------------------------------------------------------------------------------
---------------------------------------------------------------------------------
Start IO Insertion
---------------------------------------------------------------------------------
---------------------------------------------------------------------------------
Start Flattening Before IO Insertion
---------------------------------------------------------------------------------
---------------------------------------------------------------------------------
Finished Flattening Before IO Insertion
---------------------------------------------------------------------------------
---------------------------------------------------------------------------------
Start Final Netlist Cleanup
---------------------------------------------------------------------------------
---------------------------------------------------------------------------------
Finished Final Netlist Cleanup
---------------------------------------------------------------------------------
---------------------------------------------------------------------------------
Finished IO Insertion : Time (s): cpu = 00:02:54 ; elapsed = 00:06:39 . Memory (MB): peak = 1756.930 ; gain = 946.715
---------------------------------------------------------------------------------
---------------------------------------------------------------------------------
Start Renaming Generated Instances
---------------------------------------------------------------------------------
---------------------------------------------------------------------------------
Finished Renaming Generated Instances : Time (s): cpu = 00:02:54 ; elapsed = 00:06:39 . Memory (MB): peak = 1756.930 ; gain = 946.715
---------------------------------------------------------------------------------
---------------------------------------------------------------------------------
Start Rebuilding User Hierarchy
---------------------------------------------------------------------------------
---------------------------------------------------------------------------------
Finished Rebuilding User Hierarchy : Time (s): cpu = 00:02:54 ; elapsed = 00:06:39 . Memory (MB): peak = 1756.930 ; gain = 946.715
---------------------------------------------------------------------------------
---------------------------------------------------------------------------------
Start Renaming Generated Ports
---------------------------------------------------------------------------------
---------------------------------------------------------------------------------
Finished Renaming Generated Ports : Time (s): cpu = 00:02:54 ; elapsed = 00:06:39 . Memory (MB): peak = 1756.930 ; gain = 946.715
---------------------------------------------------------------------------------
---------------------------------------------------------------------------------
Start Handling Custom Attributes
---------------------------------------------------------------------------------
---------------------------------------------------------------------------------
Finished Handling Custom Attributes : Time (s): cpu = 00:02:54 ; elapsed = 00:06:39 . Memory (MB): peak = 1756.930 ; gain = 946.715
---------------------------------------------------------------------------------
---------------------------------------------------------------------------------
Start Renaming Generated Nets
---------------------------------------------------------------------------------
---------------------------------------------------------------------------------
Finished Renaming Generated Nets : Time (s): cpu = 00:02:54 ; elapsed = 00:06:39 . Memory (MB): peak = 1756.930 ; gain = 946.715
---------------------------------------------------------------------------------
---------------------------------------------------------------------------------
Start Writing Synthesis Report
---------------------------------------------------------------------------------

Report BlackBoxes: 
+-+--------------+----------+
| |BlackBox name |Instances |
+-+--------------+----------+
+-+--------------+----------+

Report Cell Usage: 
+------+------+------+
|      |Cell  |Count |
+------+------+------+
|1     |LUT1  |     1|
|2     |LUT2  |     1|
|3     |LUT3  |     1|
|4     |LUT4  |     1|
|5     |LUT5  |     6|
|6     |LUT6  |    72|
|7     |MUXF7 |    30|
|8     |MUXF8 |    15|
|9     |FDRE  |    27|
+------+------+------+
---------------------------------------------------------------------------------
Finished Writing Synthesis Report : Time (s): cpu = 00:02:54 ; elapsed = 00:06:39 . Memory (MB): peak = 1756.930 ; gain = 946.715
---------------------------------------------------------------------------------
Synthesis finished with 0 errors, 0 critical warnings and 0 warnings.
Synthesis Optimization Runtime : Time (s): cpu = 00:01:52 ; elapsed = 00:06:08 . Memory (MB): peak = 1756.930 ; gain = 914.152
Synthesis Optimization Complete : Time (s): cpu = 00:02:54 ; elapsed = 00:06:40 . Memory (MB): peak = 1756.930 ; gain = 946.715
INFO: [Project 1-571] Translating synthesized netlist
Netlist sorting complete. Time (s): cpu = 00:00:00 ; elapsed = 00:00:00.013 . Memory (MB): peak = 1769.004 ; gain = 0.000
INFO: [Netlist 29-17] Analyzing 45 Unisim elements for replacement
INFO: [Netlist 29-28] Unisim Transformation completed in 0 CPU seconds
INFO: [Project 1-570] Preparing netlist for logic optimization
INFO: [Opt 31-138] Pushed 0 inverter(s) to 0 load pin(s).
Netlist sorting complete. Time (s): cpu = 00:00:00 ; elapsed = 00:00:00.001 . Memory (MB): peak = 1861.645 ; gain = 0.000
INFO: [Project 1-111] Unisim Transformation Summary:
No Unisim elements were transformed.

Synth Design complete | Checksum: 42e80bba
INFO: [Common 17-83] Releasing license: Synthesis
23 Infos, 0 Warnings, 0 Critical Warnings and 0 Errors encountered.
synth_design completed successfully
synth_design: Time (s): cpu = 00:03:22 ; elapsed = 00:09:32 . Memory (MB): peak = 1861.645 ; gain = 1274.395
Write ShapeDB Complete: Time (s): cpu = 00:00:00 ; elapsed = 00:00:00.027 . Memory (MB): peak = 1861.645 ; gain = 0.000
INFO: [Common 17-1381] The checkpoint 'C:/Users/user/Desktop/project/BARN_AI_FPGA_PL/BARN_AI/BARN AI.runs/image_block_axis_gamma_0_0_synth_1/image_block_axis_gamma_0_0.dcp' has been generated.
INFO: [Vivado 12-24828] Executing command : report_utilization -file image_block_axis_gamma_0_0_utilization_synth.rpt -pb image_block_axis_gamma_0_0_utilization_synth.pb
INFO: [Common 17-206] Exiting Vivado at Wed Jul 29 22:12:54 2026...
