
****** Vivado v2025.2 (64-bit)
  **** SW Build 6299465 on Fri Nov 14 19:35:11 GMT 2025
  **** IP Build 6300035 on Fri Nov 14 10:48:45 MST 2025
  **** SharedData Build 6298862 on Thu Nov 13 04:50:51 MST 2025
  **** Start of session at: Sun Jul 26 20:34:10 2026
    ** Copyright 1986-2022 Xilinx, Inc. All Rights Reserved.
    ** Copyright 2022-2025 Advanced Micro Devices, Inc. All Rights Reserved.

source build_bitstream.tcl
# set PROJ "C:/Users/user/Desktop/project/BARN_AI_FPGA_PL/BARN_AI/BARN AI.xpr"
# set XSA  "C:/Users/user/Desktop/project/BARN_AI_FPGA_PL/BARN_AI/image_block_wrapper.xsa"
# open_project $PROJ
Scanning sources...
Finished scanning sources
WARNING: [Board 49-26] cannot add Board Part xilinx.com:emb-plus-vpr-4616:part0:1.0 available at C:/AMDDesignTools/2025.2/data/xhub/boards\XilinxBoardStore\boards\Xilinx\emb-plus-vpr-4616\1.0\board.xml as part xcve2302-sfva784-2mp-e-s specified in board_part file is either invalid or not available
WARNING: [Board 49-26] cannot add Board Part xilinx.com:emb-plus-vpr-4616:part0:1.1 available at C:/AMDDesignTools/2025.2/data/xhub/boards\XilinxBoardStore\boards\Xilinx\emb-plus-vpr-4616\1.1\board.xml as part xcve2302-sfva784-2mp-e-s specified in board_part file is either invalid or not available
WARNING: [Board 49-26] cannot add Board Part xilinx.com:kc705:part0:1.6 available at C:/AMDDesignTools/2025.2/data/xhub/boards\XilinxBoardStore\boards\Xilinx\kc705\1.6\board.xml as part xc7k325tffg900-2 specified in board_part file is either invalid or not available
WARNING: [Board 49-26] cannot add Board Part xilinx.com:kc705:part0:1.7 available at C:/AMDDesignTools/2025.2/data/xhub/boards\XilinxBoardStore\boards\Xilinx\kc705\1.7\board.xml as part xc7k325tffg900-2 specified in board_part file is either invalid or not available
WARNING: [Board 49-26] cannot add Board Part xilinx.com:kcu105:part0:1.6 available at C:/AMDDesignTools/2025.2/data/xhub/boards\XilinxBoardStore\boards\Xilinx\kcu105\1.6\board.xml as part xcku040-ffva1156-2-e specified in board_part file is either invalid or not available
WARNING: [Board 49-26] cannot add Board Part xilinx.com:kcu105:part0:1.7 available at C:/AMDDesignTools/2025.2/data/xhub/boards\XilinxBoardStore\boards\Xilinx\kcu105\1.7\board.xml as part xcku040-ffva1156-2-e specified in board_part file is either invalid or not available
WARNING: [Board 49-26] cannot add Board Part xilinx.com:kcu1500:part0:1.2 available at C:/AMDDesignTools/2025.2/data/xhub/boards\XilinxBoardStore\boards\Xilinx\kcu1500\1.2\board.xml as part xcku115-flvb2104-2-e specified in board_part file is either invalid or not available
WARNING: [Board 49-26] cannot add Board Part xilinx.com:v80:part0:1.0 available at C:/AMDDesignTools/2025.2/data/xhub/boards\XilinxBoardStore\boards\Xilinx\v80\1.0\board.xml as part xcv80-lsva4737-2mhp-e-s specified in board_part file is either invalid or not available
WARNING: [Board 49-26] cannot add Board Part xilinx.com:vc707:part0:1.4 available at C:/AMDDesignTools/2025.2/data/xhub/boards\XilinxBoardStore\boards\Xilinx\vc707\1.4\board.xml as part xc7vx485tffg1761-2 specified in board_part file is either invalid or not available
WARNING: [Board 49-26] cannot add Board Part xilinx.com:vc707:part0:1.5 available at C:/AMDDesignTools/2025.2/data/xhub/boards\XilinxBoardStore\boards\Xilinx\vc707\1.5\board.xml as part xc7vx485tffg1761-2 specified in board_part file is either invalid or not available
WARNING: [Board 49-26] cannot add Board Part xilinx.com:vc709:part0:1.8 available at C:/AMDDesignTools/2025.2/data/xhub/boards\XilinxBoardStore\boards\Xilinx\vc709\1.8\board.xml as part xc7vx690tffg1761-2 specified in board_part file is either invalid or not available
WARNING: [Board 49-26] cannot add Board Part xilinx.com:vck190:part0:2.2 available at C:/AMDDesignTools/2025.2/data/xhub/boards\XilinxBoardStore\boards\Xilinx\vck190\production\2.2\board.xml as part xcvc1902-vsva2197-2mp-e-s specified in board_part file is either invalid or not available
WARNING: [Board 49-26] cannot add Board Part xilinx.com:vck190:part0:3.0 available at C:/AMDDesignTools/2025.2/data/xhub/boards\XilinxBoardStore\boards\Xilinx\vck190\production\3.0\board.xml as part xcvc1902-vsva2197-2mp-e-s specified in board_part file is either invalid or not available
WARNING: [Board 49-26] cannot add Board Part xilinx.com:vck190:part0:3.1 available at C:/AMDDesignTools/2025.2/data/xhub/boards\XilinxBoardStore\boards\Xilinx\vck190\production\3.1\board.xml as part xcvc1902-vsva2197-2mp-e-s specified in board_part file is either invalid or not available
WARNING: [Board 49-26] cannot add Board Part xilinx.com:vck190:part0:3.2 available at C:/AMDDesignTools/2025.2/data/xhub/boards\XilinxBoardStore\boards\Xilinx\vck190\production\3.2\board.xml as part xcvc1902-vsva2197-2mp-e-s specified in board_part file is either invalid or not available
WARNING: [Board 49-26] cannot add Board Part xilinx.com:vck190:part0:3.3 available at C:/AMDDesignTools/2025.2/data/xhub/boards\XilinxBoardStore\boards\Xilinx\vck190\production\3.3\board.xml as part xcvc1902-vsva2197-2mp-e-s specified in board_part file is either invalid or not available
WARNING: [Board 49-26] cannot add Board Part xilinx.com:vck190:part0:3.4 available at C:/AMDDesignTools/2025.2/data/xhub/boards\XilinxBoardStore\boards\Xilinx\vck190\production\3.4\board.xml as part xcvc1902-vsva2197-2mp-e-s specified in board_part file is either invalid or not available
WARNING: [Board 49-26] cannot add Board Part xilinx.com:vck190_newl:part0:1.0 available at C:/AMDDesignTools/2025.2/data/xhub/boards\XilinxBoardStore\boards\Xilinx\vck190_newl\production\1.0\board.xml as part xcvc1902-vsva2197-2mp-e-s specified in board_part file is either invalid or not available
WARNING: [Board 49-26] cannot add Board Part xilinx.com:vck190_newl:part0:1.1 available at C:/AMDDesignTools/2025.2/data/xhub/boards\XilinxBoardStore\boards\Xilinx\vck190_newl\production\1.1\board.xml as part xcvc1902-vsva2197-2mp-e-s specified in board_part file is either invalid or not available
WARNING: [Board 49-26] cannot add Board Part xilinx.com:vck190_newl:part0:1.2 available at C:/AMDDesignTools/2025.2/data/xhub/boards\XilinxBoardStore\boards\Xilinx\vck190_newl\production\1.2\board.xml as part xcvc1902-vsva2197-2mp-e-s specified in board_part file is either invalid or not available
WARNING: [Board 49-26] cannot add Board Part xilinx.com:vck190_newl:part0:1.3 available at C:/AMDDesignTools/2025.2/data/xhub/boards\XilinxBoardStore\boards\Xilinx\vck190_newl\production\1.3\board.xml as part xcvc1902-vsva2197-2mp-e-s specified in board_part file is either invalid or not available
WARNING: [Board 49-26] cannot add Board Part xilinx.com:vcu108:part0:1.6 available at C:/AMDDesignTools/2025.2/data/xhub/boards\XilinxBoardStore\boards\Xilinx\vcu108\1.6\board.xml as part xcvu095-ffva2104-2-e specified in board_part file is either invalid or not available
WARNING: [Board 49-26] cannot add Board Part xilinx.com:vcu108:part0:1.7 available at C:/AMDDesignTools/2025.2/data/xhub/boards\XilinxBoardStore\boards\Xilinx\vcu108\1.7\board.xml as part xcvu095-ffva2104-2-e specified in board_part file is either invalid or not available
WARNING: [Board 49-26] cannot add Board Part xilinx.com:vcu110:part0:1.4 available at C:/AMDDesignTools/2025.2/data/xhub/boards\XilinxBoardStore\boards\Xilinx\vcu110\1.4\board.xml as part xcvu190-flgc2104-2-e specified in board_part file is either invalid or not available
WARNING: [Board 49-26] cannot add Board Part xilinx.com:vcu118:part0:2.0 available at C:/AMDDesignTools/2025.2/data/xhub/boards\XilinxBoardStore\boards\Xilinx\vcu118\2.0\board.xml as part xcvu9p-flga2104-2l-e specified in board_part file is either invalid or not available
WARNING: [Board 49-26] cannot add Board Part xilinx.com:vcu118:part0:2.3 available at C:/AMDDesignTools/2025.2/data/xhub/boards\XilinxBoardStore\boards\Xilinx\vcu118\2.3\board.xml as part xcvu9p-flga2104-2l-e specified in board_part file is either invalid or not available
WARNING: [Board 49-26] cannot add Board Part xilinx.com:vcu118:part0:2.4 available at C:/AMDDesignTools/2025.2/data/xhub/boards\XilinxBoardStore\boards\Xilinx\vcu118\2.4\board.xml as part xcvu9p-flga2104-2l-e specified in board_part file is either invalid or not available
WARNING: [Board 49-26] cannot add Board Part xilinx.com:vcu128:part0:1.0 available at C:/AMDDesignTools/2025.2/data/xhub/boards\XilinxBoardStore\boards\Xilinx\vcu128\production\1.0\board.xml as part xcvu37p-fsvh2892-2l-e specified in board_part file is either invalid or not available
WARNING: [Board 49-26] cannot add Board Part xilinx.com:vcu129:part0:1.0 available at C:/AMDDesignTools/2025.2/data/xhub/boards\XilinxBoardStore\boards\Xilinx\vcu129\production\1.0\board.xml as part xcvu29p-fsga2577-2l-e specified in board_part file is either invalid or not available
WARNING: [Board 49-26] cannot add Board Part xilinx.com:vcu1525:part0:1.3 available at C:/AMDDesignTools/2025.2/data/xhub/boards\XilinxBoardStore\boards\Xilinx\vcu1525\1.3\board.xml as part xcvu9p-fsgd2104-2l-e specified in board_part file is either invalid or not available
WARNING: [Board 49-26] cannot add Board Part xilinx.com:vek280:part0:1.0 available at C:/AMDDesignTools/2025.2/data/xhub/boards\XilinxBoardStore\boards\Xilinx\vek280\production\1.0\board.xml as part xcve2802-vsvh1760-2mp-e-s specified in board_part file is either invalid or not available
WARNING: [Board 49-26] cannot add Board Part xilinx.com:vek280:part0:1.1 available at C:/AMDDesignTools/2025.2/data/xhub/boards\XilinxBoardStore\boards\Xilinx\vek280\production\1.1\board.xml as part xcve2802-vsvh1760-2mp-e-s specified in board_part file is either invalid or not available
WARNING: [Board 49-26] cannot add Board Part xilinx.com:vek280:part0:1.2 available at C:/AMDDesignTools/2025.2/data/xhub/boards\XilinxBoardStore\boards\Xilinx\vek280\production\1.2\board.xml as part xcve2802-vsvh1760-2mp-e-s specified in board_part file is either invalid or not available
WARNING: [Board 49-26] cannot add Board Part xilinx.com:vek385:part0:1.0 available at C:/AMDDesignTools/2025.2/data/xhub/boards\XilinxBoardStore\boards\Xilinx\vek385\1.0\board.xml as part xc2ve3858-ssva2112-2mp-e-s specified in board_part file is either invalid or not available
WARNING: [Board 49-26] cannot add Board Part xilinx.com:vek385:part0:1.1 available at C:/AMDDesignTools/2025.2/data/xhub/boards\XilinxBoardStore\boards\Xilinx\vek385\1.1\board.xml as part xc2ve3858-ssva2112-2mp-e-s specified in board_part file is either invalid or not available
WARNING: [Board 49-26] cannot add Board Part xilinx.com:vek385_1:part0:1.0 available at C:/AMDDesignTools/2025.2/data/xhub/boards\XilinxBoardStore\boards\Xilinx\vek385_2\1.0\board.xml as part xc2ve3858-ssva2112-2mp-e-s specified in board_part file is either invalid or not available
WARNING: [Board 49-26] cannot add Board Part xilinx.com:vermeo_t1_mpsoc:part0:1.0 available at C:/AMDDesignTools/2025.2/data/xhub/boards\XilinxBoardStore\boards\Xilinx\vermeo_t1_mpsoc\1.0\board.xml as part xczu19eg-ffvd1760-2l-e specified in board_part file is either invalid or not available
WARNING: [Board 49-26] cannot add Board Part xilinx.com:vermeo_t1_rfsoc:part0:1.0 available at C:/AMDDesignTools/2025.2/data/xhub/boards\XilinxBoardStore\boards\Xilinx\vermeo_t1_rfsoc\1.0\board.xml as part xczu21dr-ffvd1156-2l-e specified in board_part file is either invalid or not available
WARNING: [Board 49-26] cannot add Board Part xilinx.com:vhk158:part0:1.0 available at C:/AMDDesignTools/2025.2/data/xhub/boards\XilinxBoardStore\boards\Xilinx\vhk158\production\1.0\board.xml as part xcvh1582-vsva3697-2mp-e-s specified in board_part file is either invalid or not available
WARNING: [Board 49-26] cannot add Board Part xilinx.com:vhk158:part0:1.1 available at C:/AMDDesignTools/2025.2/data/xhub/boards\XilinxBoardStore\boards\Xilinx\vhk158\production\1.1\board.xml as part xcvh1582-vsva3697-2mp-e-s specified in board_part file is either invalid or not available
WARNING: [Board 49-26] cannot add Board Part xilinx.com:vhk158:part0:1.2 available at C:/AMDDesignTools/2025.2/data/xhub/boards\XilinxBoardStore\boards\Xilinx\vhk158\production\1.2\board.xml as part xcvh1582-vsva3697-2mp-e-s specified in board_part file is either invalid or not available
WARNING: [Board 49-26] cannot add Board Part xilinx.com:vmk180:part0:2.2 available at C:/AMDDesignTools/2025.2/data/xhub/boards\XilinxBoardStore\boards\Xilinx\vmk180\production\2.2\board.xml as part xcvm1802-vsva2197-2mp-e-s specified in board_part file is either invalid or not available
WARNING: [Board 49-26] cannot add Board Part xilinx.com:vmk180:part0:3.0 available at C:/AMDDesignTools/2025.2/data/xhub/boards\XilinxBoardStore\boards\Xilinx\vmk180\production\3.0\board.xml as part xcvm1802-vsva2197-2mp-e-s specified in board_part file is either invalid or not available
WARNING: [Board 49-26] cannot add Board Part xilinx.com:vmk180:part0:3.1 available at C:/AMDDesignTools/2025.2/data/xhub/boards\XilinxBoardStore\boards\Xilinx\vmk180\production\3.1\board.xml as part xcvm1802-vsva2197-2mp-e-s specified in board_part file is either invalid or not available
WARNING: [Board 49-26] cannot add Board Part xilinx.com:vmk180:part0:3.2 available at C:/AMDDesignTools/2025.2/data/xhub/boards\XilinxBoardStore\boards\Xilinx\vmk180\production\3.2\board.xml as part xcvm1802-vsva2197-2mp-e-s specified in board_part file is either invalid or not available
WARNING: [Board 49-26] cannot add Board Part xilinx.com:vmk180:part0:3.3 available at C:/AMDDesignTools/2025.2/data/xhub/boards\XilinxBoardStore\boards\Xilinx\vmk180\production\3.3\board.xml as part xcvm1802-vsva2197-2mp-e-s specified in board_part file is either invalid or not available
WARNING: [Board 49-26] cannot add Board Part xilinx.com:vmk180_newl:part0:1.0 available at C:/AMDDesignTools/2025.2/data/xhub/boards\XilinxBoardStore\boards\Xilinx\vmk180_newl\production\1.0\board.xml as part xcvm1802-vsva2197-2mp-e-s specified in board_part file is either invalid or not available
WARNING: [Board 49-26] cannot add Board Part xilinx.com:vmk180_newl:part0:1.1 available at C:/AMDDesignTools/2025.2/data/xhub/boards\XilinxBoardStore\boards\Xilinx\vmk180_newl\production\1.1\board.xml as part xcvm1802-vsva2197-2mp-e-s specified in board_part file is either invalid or not available
WARNING: [Board 49-26] cannot add Board Part xilinx.com:vpk120:part0:1.0 available at C:/AMDDesignTools/2025.2/data/xhub/boards\XilinxBoardStore\boards\Xilinx\vpk120\production\1.0\board.xml as part xcvp1202-vsva2785-2mp-e-s specified in board_part file is either invalid or not available
WARNING: [Board 49-26] cannot add Board Part xilinx.com:vpk120:part0:1.1 available at C:/AMDDesignTools/2025.2/data/xhub/boards\XilinxBoardStore\boards\Xilinx\vpk120\production\1.1\board.xml as part xcvp1202-vsva2785-2mp-e-s specified in board_part file is either invalid or not available
WARNING: [Board 49-26] cannot add Board Part xilinx.com:vpk120:part0:1.2 available at C:/AMDDesignTools/2025.2/data/xhub/boards\XilinxBoardStore\boards\Xilinx\vpk120\production\1.2\board.xml as part xcvp1202-vsva2785-2mp-e-s specified in board_part file is either invalid or not available
WARNING: [Board 49-26] cannot add Board Part xilinx.com:vpk180:part0:1.0 available at C:/AMDDesignTools/2025.2/data/xhub/boards\XilinxBoardStore\boards\Xilinx\vpk180\production\1.0\board.xml as part xcvp1802-lsvc4072-2mp-e-s specified in board_part file is either invalid or not available
WARNING: [Board 49-26] cannot add Board Part xilinx.com:vpk180:part0:1.1 available at C:/AMDDesignTools/2025.2/data/xhub/boards\XilinxBoardStore\boards\Xilinx\vpk180\production\1.1\board.xml as part xcvp1802-lsvc4072-2mp-e-s specified in board_part file is either invalid or not available
WARNING: [Board 49-26] cannot add Board Part xilinx.com:vpk180:part0:1.2 available at C:/AMDDesignTools/2025.2/data/xhub/boards\XilinxBoardStore\boards\Xilinx\vpk180\production\1.2\board.xml as part xcvp1802-lsvc4072-2mp-e-s specified in board_part file is either invalid or not available
WARNING: [Board 49-26] cannot add Board Part xilinx.com:vrk160:part0:1.0 available at C:/AMDDesignTools/2025.2/data/xhub/boards\XilinxBoardStore\boards\Xilinx\vrk160\1.0\board.xml as part xcvr1602-vsva2488-2mp-e-s-es1 specified in board_part file is either invalid or not available
WARNING: [Board 49-26] cannot add Board Part xilinx.com:vrk160:part0:1.1 available at C:/AMDDesignTools/2025.2/data/xhub/boards\XilinxBoardStore\boards\Xilinx\vrk160\1.1\board.xml as part xcvr1602-vsva2488-2mp-e-s-es1 specified in board_part file is either invalid or not available
WARNING: [Board 49-26] cannot add Board Part xilinx.com:zc706:part0:1.4 available at C:/AMDDesignTools/2025.2/data/xhub/boards\XilinxBoardStore\boards\Xilinx\zc706\1.4\board.xml as part xc7z045ffg900-2 specified in board_part file is either invalid or not available
WARNING: [Board 49-26] cannot add Board Part xilinx.com:zc706:part0:1.5 available at C:/AMDDesignTools/2025.2/data/xhub/boards\XilinxBoardStore\boards\Xilinx\zc706\1.5\board.xml as part xc7z045ffg900-2 specified in board_part file is either invalid or not available
WARNING: [Board 49-26] cannot add Board Part xilinx.com:zcu102:part0:3.3 available at C:/AMDDesignTools/2025.2/data/xhub/boards\XilinxBoardStore\boards\Xilinx\zcu102\3.3\board.xml as part xczu9eg-ffvb1156-2-e specified in board_part file is either invalid or not available
WARNING: [Board 49-26] cannot add Board Part xilinx.com:zcu102:part0:3.4 available at C:/AMDDesignTools/2025.2/data/xhub/boards\XilinxBoardStore\boards\Xilinx\zcu102\3.4\board.xml as part xczu9eg-ffvb1156-2-e specified in board_part file is either invalid or not available
WARNING: [Board 49-26] cannot add Board Part xilinx.com:zcu111:part0:1.2 available at C:/AMDDesignTools/2025.2/data/xhub/boards\XilinxBoardStore\boards\Xilinx\zcu111\1.2\board.xml as part xczu28dr-ffvg1517-2-e specified in board_part file is either invalid or not available
WARNING: [Board 49-26] cannot add Board Part xilinx.com:zcu111:part0:1.3 available at C:/AMDDesignTools/2025.2/data/xhub/boards\XilinxBoardStore\boards\Xilinx\zcu111\1.3\board.xml as part xczu28dr-ffvg1517-2-e specified in board_part file is either invalid or not available
WARNING: [Board 49-26] cannot add Board Part xilinx.com:zcu111:part0:1.4 available at C:/AMDDesignTools/2025.2/data/xhub/boards\XilinxBoardStore\boards\Xilinx\zcu111\1.4\board.xml as part xczu28dr-ffvg1517-2-e specified in board_part file is either invalid or not available
WARNING: [Board 49-26] cannot add Board Part xilinx.com:zcu1275:part0:1.0 available at C:/AMDDesignTools/2025.2/data/xhub/boards\XilinxBoardStore\boards\Xilinx\zcu1275\1.0\board.xml as part xczu29dr-ffvf1760-2-e specified in board_part file is either invalid or not available
WARNING: [Board 49-26] cannot add Board Part xilinx.com:zcu1285:part0:1.0 available at C:/AMDDesignTools/2025.2/data/xhub/boards\XilinxBoardStore\boards\Xilinx\zcu1285\1.0\board.xml as part xczu39dr-ffvf1760-2-i specified in board_part file is either invalid or not available
WARNING: [Board 49-26] cannot add Board Part xilinx.com:zcu208:part0:2.0 available at C:/AMDDesignTools/2025.2/data/xhub/boards\XilinxBoardStore\boards\Xilinx\zcu208\production\2.0\board.xml as part xczu48dr-fsvg1517-2-e specified in board_part file is either invalid or not available
WARNING: [Board 49-26] cannot add Board Part xilinx.com:zcu208ld:part0:2.0 available at C:/AMDDesignTools/2025.2/data/xhub/boards\XilinxBoardStore\boards\Xilinx\zcu208ld\production\2.0\board.xml as part xczu58dr-fsvg1517-2-i specified in board_part file is either invalid or not available
WARNING: [Board 49-26] cannot add Board Part xilinx.com:zcu216:part0:2.0 available at C:/AMDDesignTools/2025.2/data/xhub/boards\XilinxBoardStore\boards\Xilinx\zcu216\production\2.0\board.xml as part xczu49dr-ffvf1760-2-e specified in board_part file is either invalid or not available
WARNING: [Board 49-26] cannot add Board Part xilinx.com:zcu216ld:part0:2.0 available at C:/AMDDesignTools/2025.2/data/xhub/boards\XilinxBoardStore\boards\Xilinx\zcu216ld\production\2.0\board.xml as part xczu59dr-ffvf1760-2-i specified in board_part file is either invalid or not available
WARNING: [Board 49-26] cannot add Board Part xilinx.com:zcu670:part0:2.0 available at C:/AMDDesignTools/2025.2/data/xhub/boards\XilinxBoardStore\boards\Xilinx\zcu670\2.0\board.xml as part xczu67dr-fsve1156-2-i specified in board_part file is either invalid or not available
WARNING: [Board 49-26] cannot add Board Part xilinx.com:zcu670ld:part0:1.0 available at C:/AMDDesignTools/2025.2/data/xhub/boards\XilinxBoardStore\boards\Xilinx\zcu670ld\1.0\board.xml as part xczu57dr-fsve1156-2-i specified in board_part file is either invalid or not available
INFO: [IP_Flow 19-234] Refreshing IP repositories
INFO: [IP_Flow 19-1704] No user IP repositories specified
INFO: [IP_Flow 19-2313] Loaded Vivado IP repository 'C:/AMDDesignTools/2025.2/Vivado/data/ip'.
WARNING: [IP_Flow 19-12246] XCI file 'c:/Users/user/Desktop/project/BARN_AI_FPGA_PL/BARN_AI/BARN AI.srcs/sources_1/bd/image_block/ip/image_block_conv_b_0/image_block_conv_b_0.xci' contents have changed since it was last written.
INFO: [Project 1-5698] Found the below utility IPs instantiated in block design C:/Users/user/Desktop/project/BARN_AI_FPGA_PL/BARN_AI/BARN AI.srcs/sources_1/bd/image_block/image_block.bd which have equivalent inline hdl with improved performance and reduced diskspace.
It is recommended to migrate these utility IPs to inline hdl  using the command upgrade_project -migrate_to_inline_hdl.  The utility IPs may be deprecated in future releases.
More information on inline hdl is available in UG994.
Utility IP Component Instances:
 image_block_xlconst_status_0
image_block_xlconst_pat2_0
open_project: Time (s): cpu = 00:00:37 ; elapsed = 00:00:53 . Memory (MB): peak = 598.000 ; gain = 264.305
# foreach r [get_runs -filter {IS_SYNTHESIS}] {
#     if {[get_property PROGRESS $r] ne "100%"} {
#         puts "RESET stale run: $r ([get_property STATUS $r])"
#         reset_run $r
#     }
# }
# reset_run synth_1
INFO: [Project 1-1161] Replacing file C:/Users/user/Desktop/project/BARN_AI_FPGA_PL/BARN_AI/BARN AI.srcs/utils_1/imports/synth_1/image_block_wrapper.dcp with file C:/Users/user/Desktop/project/BARN_AI_FPGA_PL/BARN_AI/BARN AI.runs/synth_1/image_block_wrapper.dcp
reset_runs: Time (s): cpu = 00:00:00 ; elapsed = 00:00:05 . Memory (MB): peak = 606.051 ; gain = 8.051
# launch_runs impl_1 -to_step write_bitstream -jobs 8
INFO: [BD 41-1662] The design 'image_block.bd' is already validated. Therefore parameter propagation will not be re-run.
Verilog Output written to : c:/Users/user/Desktop/project/BARN_AI_FPGA_PL/BARN_AI/BARN AI.gen/sources_1/bd/image_block/synth/image_block.v
Verilog Output written to : c:/Users/user/Desktop/project/BARN_AI_FPGA_PL/BARN_AI/BARN AI.gen/sources_1/bd/image_block/sim/image_block.v
Verilog Output written to : c:/Users/user/Desktop/project/BARN_AI_FPGA_PL/BARN_AI/BARN AI.gen/sources_1/bd/image_block/hdl/image_block_wrapper.v
Exporting to file c:/Users/user/Desktop/project/BARN_AI_FPGA_PL/BARN_AI/BARN AI.gen/sources_1/bd/image_block/ip/image_block_axi_smc_0/bd_0/hw_handoff/image_block_axi_smc_0.hwh
Generated Hardware Definition File c:/Users/user/Desktop/project/BARN_AI_FPGA_PL/BARN_AI/BARN AI.gen/sources_1/bd/image_block/ip/image_block_axi_smc_0/bd_0/synth/image_block_axi_smc_0.hwdef
INFO: [BD 41-1029] Generation completed for the IP Integrator block axi_smc .
WARNING: [IP_Flow 19-4994] Overwriting existing constraint file 'c:/Users/user/Desktop/project/BARN_AI_FPGA_PL/BARN_AI/BARN AI.gen/sources_1/bd/image_block/ip/image_block_axi_mem_intercon_imp_auto_pc_0/image_block_axi_mem_intercon_imp_auto_pc_0_ooc.xdc'
INFO: [BD 41-1029] Generation completed for the IP Integrator block axi_mem_intercon/s00_couplers/auto_pc .
INFO: [BD 41-1029] Generation completed for the IP Integrator block axis_gaussian_0 .
INFO: [BD 41-1029] Generation completed for the IP Integrator block axis_wb_0 .
Exporting to file c:/Users/user/Desktop/project/BARN_AI_FPGA_PL/BARN_AI/BARN AI.gen/sources_1/bd/image_block/hw_handoff/image_block.hwh
Generated Hardware Definition File c:/Users/user/Desktop/project/BARN_AI_FPGA_PL/BARN_AI/BARN AI.gen/sources_1/bd/image_block/synth/image_block.hwdef
INFO: [BD 41-3262] Generated VHDL Instantiation Template file c:/Users/user/Desktop/project/BARN_AI_FPGA_PL/BARN_AI/BARN AI.gen/sources_1/bd/image_block/image_block.vho
INFO: [BD 41-3262] Generated Verilog Instantiation Template file c:/Users/user/Desktop/project/BARN_AI_FPGA_PL/BARN_AI/BARN AI.gen/sources_1/bd/image_block/image_block.veo
INFO: [BD 41-3262] Generated System Verilog Instantiation Template file c:/Users/user/Desktop/project/BARN_AI_FPGA_PL/BARN_AI/BARN AI.gen/sources_1/bd/image_block/image_block_sv.sveo
INFO: [IP_Flow 19-4993] Using cached IP synthesis design for IP image_block_axi_mem_intercon_imp_auto_pc_0, cache-ID = 6a143d8bf6554d33; cache size = 17.414 MB.
INFO: [IP_Flow 19-4993] Using cached IP synthesis design for IP image_block_axi_smc_0, cache-ID = 38da7203f691f184; cache size = 17.414 MB.
config_ip_cache: Time (s): cpu = 00:00:09 ; elapsed = 00:00:14 . Memory (MB): peak = 725.977 ; gain = 0.000

[Sun Jul 26 20:37:34 2026] Launched image_block_axis_gaussian_0_0_synth_1, image_block_axis_wb_0_0_synth_1, synth_1...
Run output will be captured here:
image_block_axis_gaussian_0_0_synth_1: C:/Users/user/Desktop/project/BARN_AI_FPGA_PL/BARN_AI/BARN AI.runs/image_block_axis_gaussian_0_0_synth_1/runme.log
image_block_axis_wb_0_0_synth_1: C:/Users/user/Desktop/project/BARN_AI_FPGA_PL/BARN_AI/BARN AI.runs/image_block_axis_wb_0_0_synth_1/runme.log
synth_1: C:/Users/user/Desktop/project/BARN_AI_FPGA_PL/BARN_AI/BARN AI.runs/synth_1/runme.log
[Sun Jul 26 20:37:35 2026] Launched impl_1...
Run output will be captured here: C:/Users/user/Desktop/project/BARN_AI_FPGA_PL/BARN_AI/BARN AI.runs/impl_1/runme.log
launch_runs: Time (s): cpu = 00:00:29 ; elapsed = 00:02:10 . Memory (MB): peak = 726.043 ; gain = 119.992
# wait_on_run impl_1
[Sun Jul 26 20:37:35 2026] Waiting for impl_1 to finish...

*** Running vivado
    with args -log image_block_wrapper.vdi -applog -m64 -product Vivado -messageDb vivado.pb -mode batch -source image_block_wrapper.tcl -notrace



****** Vivado v2025.2 (64-bit)
  **** SW Build 6299465 on Fri Nov 14 19:35:11 GMT 2025
  **** IP Build 6300035 on Fri Nov 14 10:48:45 MST 2025
  **** SharedData Build 6298862 on Thu Nov 13 04:50:51 MST 2025
  **** Start of session at: Sun Jul 26 20:49:35 2026
    ** Copyright 1986-2022 Xilinx, Inc. All Rights Reserved.
    ** Copyright 2022-2025 Advanced Micro Devices, Inc. All Rights Reserved.

source image_block_wrapper.tcl -notrace
create_project: Time (s): cpu = 00:00:22 ; elapsed = 00:00:22 . Memory (MB): peak = 558.613 ; gain = 224.762
INFO: [IP_Flow 19-234] Refreshing IP repositories
INFO: [IP_Flow 19-1704] No user IP repositories specified
INFO: [IP_Flow 19-2313] Loaded Vivado IP repository 'C:/AMDDesignTools/2025.2/Vivado/data/ip'.
WARNING: [IP_Flow 19-12246] XCI file 'c:/Users/user/Desktop/project/BARN_AI_FPGA_PL/BARN_AI/BARN AI.srcs/sources_1/bd/image_block/ip/image_block_conv_b_0/image_block_conv_b_0.xci' contents have changed since it was last written.
add_files: Time (s): cpu = 00:00:07 ; elapsed = 00:00:09 . Memory (MB): peak = 620.773 ; gain = 62.160
Command: link_design -top image_block_wrapper -part xc7z020clg400-1
Design is defaulting to srcset: sources_1
Design is defaulting to constrset: constrs_1
INFO: [Device 21-403] Loading part xc7z020clg400-1
INFO: [Project 1-5699] Read binary netlist with skipMacroContent - 1
INFO: [Project 1-454] Reading design checkpoint 'c:/Users/user/Desktop/project/BARN_AI_FPGA_PL/BARN_AI/BARN AI.gen/sources_1/bd/image_block/ip/image_block_axi_smc_0/image_block_axi_smc_0.dcp' for cell 'image_block_i/axi_smc'
INFO: [Project 1-454] Reading design checkpoint 'c:/Users/user/Desktop/project/BARN_AI_FPGA_PL/BARN_AI/BARN AI.gen/sources_1/bd/image_block/ip/image_block_axi_vdma_0_0/image_block_axi_vdma_0_0.dcp' for cell 'image_block_i/axi_vdma_0'
INFO: [Project 1-454] Reading design checkpoint 'c:/Users/user/Desktop/project/BARN_AI_FPGA_PL/BARN_AI/BARN AI.gen/sources_1/bd/image_block/ip/image_block_axil_regfile_0_0/image_block_axil_regfile_0_0.dcp' for cell 'image_block_i/axil_regfile_0'
INFO: [Project 1-454] Reading design checkpoint 'c:/Users/user/Desktop/project/BARN_AI_FPGA_PL/BARN_AI/BARN AI.gen/sources_1/bd/image_block/ip/image_block_axis_demosaic_0_0/image_block_axis_demosaic_0_0.dcp' for cell 'image_block_i/axis_demosaic_0'
INFO: [Project 1-454] Reading design checkpoint 'c:/Users/user/Desktop/project/BARN_AI_FPGA_PL/BARN_AI/BARN AI.gen/sources_1/bd/image_block/ip/image_block_axis_gamma_0_0/image_block_axis_gamma_0_0.dcp' for cell 'image_block_i/axis_gamma_0'
INFO: [Project 1-454] Reading design checkpoint 'c:/Users/user/Desktop/project/BARN_AI_FPGA_PL/BARN_AI/BARN AI.gen/sources_1/bd/image_block/ip/image_block_axis_gaussian_0_0/image_block_axis_gaussian_0_0.dcp' for cell 'image_block_i/axis_gaussian_0'
INFO: [Project 1-454] Reading design checkpoint 'c:/Users/user/Desktop/project/BARN_AI_FPGA_PL/BARN_AI/BARN AI.gen/sources_1/bd/image_block/ip/image_block_axis_tpg_0_0/image_block_axis_tpg_0_0.dcp' for cell 'image_block_i/axis_tpg_0'
INFO: [Project 1-454] Reading design checkpoint 'c:/Users/user/Desktop/project/BARN_AI_FPGA_PL/BARN_AI/BARN AI.gen/sources_1/bd/image_block/ip/image_block_axis_tpg_B_0/image_block_axis_tpg_B_0.dcp' for cell 'image_block_i/axis_tpg_B'
INFO: [Project 1-454] Reading design checkpoint 'c:/Users/user/Desktop/project/BARN_AI_FPGA_PL/BARN_AI/BARN AI.gen/sources_1/bd/image_block/ip/image_block_axis_vid_mux_0_0/image_block_axis_vid_mux_0_0.dcp' for cell 'image_block_i/axis_vid_mux_0'
INFO: [Project 1-454] Reading design checkpoint 'c:/Users/user/Desktop/project/BARN_AI_FPGA_PL/BARN_AI/BARN AI.gen/sources_1/bd/image_block/ip/image_block_axis_wb_0_0/image_block_axis_wb_0_0.dcp' for cell 'image_block_i/axis_wb_0'
INFO: [Project 1-454] Reading design checkpoint 'c:/Users/user/Desktop/project/BARN_AI_FPGA_PL/BARN_AI/BARN AI.gen/sources_1/bd/image_block/ip/image_block_conv_b_0/image_block_conv_b_0.dcp' for cell 'image_block_i/conv_b'
INFO: [Project 1-454] Reading design checkpoint 'c:/Users/user/Desktop/project/BARN_AI_FPGA_PL/BARN_AI/BARN AI.gen/sources_1/bd/image_block/ip/image_block_processing_system7_0_0/image_block_processing_system7_0_0.dcp' for cell 'image_block_i/processing_system7_0'
INFO: [Project 1-454] Reading design checkpoint 'c:/Users/user/Desktop/project/BARN_AI_FPGA_PL/BARN_AI/BARN AI.gen/sources_1/bd/image_block/ip/image_block_rst_ps7_0_100M_0/image_block_rst_ps7_0_100M_0.dcp' for cell 'image_block_i/rst_ps7_0_100M'
INFO: [Project 1-454] Reading design checkpoint 'c:/Users/user/Desktop/project/BARN_AI_FPGA_PL/BARN_AI/BARN AI.gen/sources_1/bd/image_block/ip/image_block_axi_mem_intercon_imp_auto_pc_0/image_block_axi_mem_intercon_imp_auto_pc_0.dcp' for cell 'image_block_i/axi_mem_intercon/s00_couplers/auto_pc'
Netlist sorting complete. Time (s): cpu = 00:00:01 ; elapsed = 00:00:00.463 . Memory (MB): peak = 922.594 ; gain = 0.000
INFO: [Netlist 29-17] Analyzing 263 Unisim elements for replacement
INFO: [Netlist 29-28] Unisim Transformation completed in 1 CPU seconds
INFO: [Project 1-479] Netlist was created with Vivado 2025.2
INFO: [Project 1-570] Preparing netlist for logic optimization
Parsing XDC File [c:/Users/user/Desktop/project/BARN_AI_FPGA_PL/BARN_AI/BARN AI.gen/sources_1/bd/image_block/ip/image_block_processing_system7_0_0/image_block_processing_system7_0_0.xdc] for cell 'image_block_i/processing_system7_0/inst'
Finished Parsing XDC File [c:/Users/user/Desktop/project/BARN_AI_FPGA_PL/BARN_AI/BARN AI.gen/sources_1/bd/image_block/ip/image_block_processing_system7_0_0/image_block_processing_system7_0_0.xdc] for cell 'image_block_i/processing_system7_0/inst'
Parsing XDC File [c:/Users/user/Desktop/project/BARN_AI_FPGA_PL/BARN_AI/BARN AI.gen/sources_1/bd/image_block/ip/image_block_axi_vdma_0_0/image_block_axi_vdma_0_0.xdc] for cell 'image_block_i/axi_vdma_0/U0'
Finished Parsing XDC File [c:/Users/user/Desktop/project/BARN_AI_FPGA_PL/BARN_AI/BARN AI.gen/sources_1/bd/image_block/ip/image_block_axi_vdma_0_0/image_block_axi_vdma_0_0.xdc] for cell 'image_block_i/axi_vdma_0/U0'
Parsing XDC File [c:/Users/user/Desktop/project/BARN_AI_FPGA_PL/BARN_AI/BARN AI.gen/sources_1/bd/image_block/ip/image_block_axi_smc_0/bd_0/ip/ip_1/bd_8deb_psr_aclk_0_board.xdc] for cell 'image_block_i/axi_smc/inst/clk_map/psr_aclk/U0'
Finished Parsing XDC File [c:/Users/user/Desktop/project/BARN_AI_FPGA_PL/BARN_AI/BARN AI.gen/sources_1/bd/image_block/ip/image_block_axi_smc_0/bd_0/ip/ip_1/bd_8deb_psr_aclk_0_board.xdc] for cell 'image_block_i/axi_smc/inst/clk_map/psr_aclk/U0'
Parsing XDC File [c:/Users/user/Desktop/project/BARN_AI_FPGA_PL/BARN_AI/BARN AI.gen/sources_1/bd/image_block/ip/image_block_axi_smc_0/smartconnect.xdc] for cell 'image_block_i/axi_smc/inst'
Finished Parsing XDC File [c:/Users/user/Desktop/project/BARN_AI_FPGA_PL/BARN_AI/BARN AI.gen/sources_1/bd/image_block/ip/image_block_axi_smc_0/smartconnect.xdc] for cell 'image_block_i/axi_smc/inst'
Parsing XDC File [c:/Users/user/Desktop/project/BARN_AI_FPGA_PL/BARN_AI/BARN AI.gen/sources_1/bd/image_block/ip/image_block_rst_ps7_0_100M_0/image_block_rst_ps7_0_100M_0_board.xdc] for cell 'image_block_i/rst_ps7_0_100M/U0'
Finished Parsing XDC File [c:/Users/user/Desktop/project/BARN_AI_FPGA_PL/BARN_AI/BARN AI.gen/sources_1/bd/image_block/ip/image_block_rst_ps7_0_100M_0/image_block_rst_ps7_0_100M_0_board.xdc] for cell 'image_block_i/rst_ps7_0_100M/U0'
Parsing XDC File [c:/Users/user/Desktop/project/BARN_AI_FPGA_PL/BARN_AI/BARN AI.gen/sources_1/bd/image_block/ip/image_block_axi_vdma_0_0/image_block_axi_vdma_0_0_clocks.xdc] for cell 'image_block_i/axi_vdma_0/U0'
Finished Parsing XDC File [c:/Users/user/Desktop/project/BARN_AI_FPGA_PL/BARN_AI/BARN AI.gen/sources_1/bd/image_block/ip/image_block_axi_vdma_0_0/image_block_axi_vdma_0_0_clocks.xdc] for cell 'image_block_i/axi_vdma_0/U0'
WARNING: [XPM_CDC_SINGLE: TCL-1000] The source and destination clocks are the same. 
     Instance: image_block_i/axi_vdma_0/U0/I_RST_MODULE/GEN_RESET_FOR_S2MM.RESET_I/GEN_RESET_FOR_ASYNC.AXIS_RESET_CDC_I 
  This will add unnecessary latency to the design. Please check the design for the following: 
 1) Manually instantiated XPM_CDC modules: AMD recommends that you remove these modules. 
 2) AMD IP that contains XPM_CDC modules: Verify the connections to the IP to determine whether you can safely ignore this message.
 [C:/AMDDesignTools/2025.2/Vivado/data/ip/xpm/xpm_cdc/tcl/xpm_cdc_single.tcl:5]
WARNING: [XPM_CDC_SINGLE: TCL-1000] The source and destination clocks are the same. 
     Instance: image_block_i/axi_vdma_0/U0/I_RST_MODULE/GEN_RESET_FOR_S2MM.RESET_I/GEN_MIN_FOR_ASYNC.LITE_IDLE_CDC_I 
  This will add unnecessary latency to the design. Please check the design for the following: 
 1) Manually instantiated XPM_CDC modules: AMD recommends that you remove these modules. 
 2) AMD IP that contains XPM_CDC modules: Verify the connections to the IP to determine whether you can safely ignore this message.
 [C:/AMDDesignTools/2025.2/Vivado/data/ip/xpm/xpm_cdc/tcl/xpm_cdc_single.tcl:5]
WARNING: [XPM_CDC_SINGLE: TCL-1000] The source and destination clocks are the same. 
     Instance: image_block_i/axi_vdma_0/U0/I_RST_MODULE/GEN_RESET_FOR_S2MM.RESET_I/GEN_MIN_FOR_ASYNC.LITE_MIN_CDC_I 
  This will add unnecessary latency to the design. Please check the design for the following: 
 1) Manually instantiated XPM_CDC modules: AMD recommends that you remove these modules. 
 2) AMD IP that contains XPM_CDC modules: Verify the connections to the IP to determine whether you can safely ignore this message.
 [C:/AMDDesignTools/2025.2/Vivado/data/ip/xpm/xpm_cdc/tcl/xpm_cdc_single.tcl:5]
WARNING: [XPM_CDC_SINGLE: TCL-1000] The source and destination clocks are the same. 
     Instance: image_block_i/axi_vdma_0/U0/I_RST_MODULE/GEN_RESET_FOR_S2MM.RESET_I/GEN_MIN_FOR_ASYNC.AXIS_IDLE_CDC_I 
  This will add unnecessary latency to the design. Please check the design for the following: 
 1) Manually instantiated XPM_CDC modules: AMD recommends that you remove these modules. 
 2) AMD IP that contains XPM_CDC modules: Verify the connections to the IP to determine whether you can safely ignore this message.
 [C:/AMDDesignTools/2025.2/Vivado/data/ip/xpm/xpm_cdc/tcl/xpm_cdc_single.tcl:5]
WARNING: [XPM_CDC_SINGLE: TCL-1000] The source and destination clocks are the same. 
     Instance: image_block_i/axi_vdma_0/U0/I_RST_MODULE/GEN_RESET_FOR_S2MM.RESET_I/GEN_MIN_FOR_ASYNC.AXIS_MIN_CDC_I 
  This will add unnecessary latency to the design. Please check the design for the following: 
 1) Manually instantiated XPM_CDC modules: AMD recommends that you remove these modules. 
 2) AMD IP that contains XPM_CDC modules: Verify the connections to the IP to determine whether you can safely ignore this message.
 [C:/AMDDesignTools/2025.2/Vivado/data/ip/xpm/xpm_cdc/tcl/xpm_cdc_single.tcl:5]
WARNING: [XPM_CDC_SINGLE: TCL-1000] The source and destination clocks are the same. 
     Instance: image_block_i/axi_vdma_0/U0/I_RST_MODULE/GEN_RESET_FOR_S2MM.RESET_I/GEN_RESET_FOR_ASYNC.HARD_RESET_CDC_I 
  This will add unnecessary latency to the design. Please check the design for the following: 
 1) Manually instantiated XPM_CDC modules: AMD recommends that you remove these modules. 
 2) AMD IP that contains XPM_CDC modules: Verify the connections to the IP to determine whether you can safely ignore this message.
 [C:/AMDDesignTools/2025.2/Vivado/data/ip/xpm/xpm_cdc/tcl/xpm_cdc_single.tcl:5]
WARNING: [XPM_CDC_SINGLE: TCL-1000] The source and destination clocks are the same. 
     Instance: image_block_i/axi_vdma_0/U0/AXI_LITE_REG_INTERFACE_I/GEN_S2MM_LITE_CROSSINGS.GEN_S2MM_CROSSINGS_ASYNC.S2MM_INTRPT_CROSSING_I 
  This will add unnecessary latency to the design. Please check the design for the following: 
 1) Manually instantiated XPM_CDC modules: AMD recommends that you remove these modules. 
 2) AMD IP that contains XPM_CDC modules: Verify the connections to the IP to determine whether you can safely ignore this message.
 [C:/AMDDesignTools/2025.2/Vivado/data/ip/xpm/xpm_cdc/tcl/xpm_cdc_single.tcl:5]
INFO: [Project 1-1714] 66 XPM XDC files have been applied to the design.
INFO: [Opt 31-138] Pushed 0 inverter(s) to 0 load pin(s).
Netlist sorting complete. Time (s): cpu = 00:00:00 ; elapsed = 00:00:00.007 . Memory (MB): peak = 1583.023 ; gain = 0.000
INFO: [Project 1-111] Unisim Transformation Summary:
  A total of 10 instances were transformed.
  RAM32M => RAM32M (RAMD32(x6), RAMS32(x2)): 4 instances
  RAM64M => RAM64M (RAMD64E(x4)): 6 instances

26 Infos, 8 Warnings, 0 Critical Warnings and 0 Errors encountered.
link_design completed successfully
link_design: Time (s): cpu = 00:00:30 ; elapsed = 00:00:39 . Memory (MB): peak = 1583.023 ; gain = 962.250
Command: opt_design
Attempting to get a license for feature 'Implementation' and/or device 'xc7z020'
INFO: [Common 17-349] Got license for feature 'Implementation' and/or device 'xc7z020'
Running DRC as a precondition to command opt_design

Starting DRC Task
INFO: [DRC 23-27] Running DRC with 2 threads
INFO: [Project 1-461] DRC finished with 0 Errors
INFO: [Project 1-462] Please refer to the DRC report (report_drc) for more information.

Time (s): cpu = 00:00:02 ; elapsed = 00:00:02 . Memory (MB): peak = 1583.023 ; gain = 0.000

Starting Cache Timing Information Task
INFO: [Timing 38-35] Done setting XDC timing constraints.
Ending Cache Timing Information Task | Checksum: 1485e0834

Time (s): cpu = 00:00:01 ; elapsed = 00:00:00.905 . Memory (MB): peak = 1583.023 ; gain = 0.000

Starting Logic Optimization Task

Phase 1 Initialization

Phase 1.1 Core Generation And Design Setup
Phase 1.1 Core Generation And Design Setup | Checksum: 1485e0834

Time (s): cpu = 00:00:00 ; elapsed = 00:00:00.047 . Memory (MB): peak = 2036.883 ; gain = 0.000

Phase 1.2 Setup Constraints And Sort Netlist
Phase 1.2 Setup Constraints And Sort Netlist | Checksum: 1485e0834

Time (s): cpu = 00:00:00 ; elapsed = 00:00:00.069 . Memory (MB): peak = 2036.883 ; gain = 0.000
Phase 1 Initialization | Checksum: 1485e0834

Time (s): cpu = 00:00:00 ; elapsed = 00:00:00.074 . Memory (MB): peak = 2036.883 ; gain = 0.000

Phase 2 Timer Update And Timing Data Collection

Phase 2.1 Detect if minReqCache needed
Phase 2.1 Detect if minReqCache needed | Checksum: 1485e0834

Time (s): cpu = 00:00:00 ; elapsed = 00:00:00.128 . Memory (MB): peak = 2036.898 ; gain = 0.016

Phase 2.2 Timer Update
Phase 2.2 Timer Update | Checksum: 1485e0834

Time (s): cpu = 00:00:01 ; elapsed = 00:00:00.367 . Memory (MB): peak = 2036.898 ; gain = 0.016

Phase 2.3 Timing Data Collection
Phase 2.3 Timing Data Collection | Checksum: 1485e0834

Time (s): cpu = 00:00:01 ; elapsed = 00:00:00.387 . Memory (MB): peak = 2036.898 ; gain = 0.016
Phase 2 Timer Update And Timing Data Collection | Checksum: 1485e0834

Time (s): cpu = 00:00:01 ; elapsed = 00:00:00.390 . Memory (MB): peak = 2036.898 ; gain = 0.016

Phase 3 Retarget
INFO: [Opt 31-1851] Number of loadless carry chains removed were: 0
INFO: [Opt 31-1834] Total Chains To Be Transformed Were: 0 AND Number of Transformed insts Created are: 0
INFO: [Opt 31-1566] Pulled 2 inverters resulting in an inversion of 22 pins
INFO: [Opt 31-138] Pushed 7 inverter(s) to 26 load pin(s).
INFO: [Opt 31-49] Retargeted 0 cell(s).
Phase 3 Retarget | Checksum: 1565d19d4

Time (s): cpu = 00:00:01 ; elapsed = 00:00:00.942 . Memory (MB): peak = 2036.898 ; gain = 0.016
Retarget | Checksum: 1565d19d4
INFO: [Opt 31-389] Phase Retarget created 60 cells and removed 318 cells
INFO: [Opt 31-1021] In phase Retarget, 98 netlist objects are constrained preventing optimization. Please run opt_design with -debug_log to get more detail. 

Phase 4 Constant propagation
INFO: [Opt 31-138] Pushed 0 inverter(s) to 0 load pin(s).
Phase 4 Constant propagation | Checksum: 1880d4a09

Time (s): cpu = 00:00:01 ; elapsed = 00:00:01 . Memory (MB): peak = 2036.898 ; gain = 0.016
Constant propagation | Checksum: 1880d4a09
INFO: [Opt 31-389] Phase Constant propagation created 49 cells and removed 197 cells
INFO: [Opt 31-1021] In phase Constant propagation, 98 netlist objects are constrained preventing optimization. Please run opt_design with -debug_log to get more detail. 

Phase 5 Sweep
INFO: [Constraints 18-11670] Building netlist checker database with flags, 0x8
Done building netlist checker database: Time (s): cpu = 00:00:00 ; elapsed = 00:00:00.011 . Memory (MB): peak = 2036.898 ; gain = 0.000
INFO: [Constraints 18-11670] Building netlist checker database with flags, 0x8
Done building netlist checker database: Time (s): cpu = 00:00:00 ; elapsed = 00:00:00.009 . Memory (MB): peak = 2036.898 ; gain = 0.000
Phase 5 Sweep | Checksum: 1bae0805f

Time (s): cpu = 00:00:03 ; elapsed = 00:00:03 . Memory (MB): peak = 2036.898 ; gain = 0.016
Sweep | Checksum: 1bae0805f
INFO: [Opt 31-389] Phase Sweep created 0 cells and removed 392 cells
INFO: [Opt 31-1021] In phase Sweep, 198 netlist objects are constrained preventing optimization. Please run opt_design with -debug_log to get more detail. 

Phase 6 BUFG optimization
Phase 6 BUFG optimization | Checksum: 1bae0805f

Time (s): cpu = 00:00:03 ; elapsed = 00:00:03 . Memory (MB): peak = 2036.898 ; gain = 0.016
BUFG optimization | Checksum: 1bae0805f
INFO: [Opt 31-662] Phase BUFG optimization created 0 cells of which 0 are BUFGs and removed 0 cells.

Phase 7 Shift Register Optimization
INFO: [Opt 31-1064] SRL Remap converted 0 SRLs to 0 registers and converted 0 registers of register chains to 0 SRLs
Phase 7 Shift Register Optimization | Checksum: 1bae0805f

Time (s): cpu = 00:00:03 ; elapsed = 00:00:03 . Memory (MB): peak = 2036.898 ; gain = 0.016
Shift Register Optimization | Checksum: 1bae0805f
INFO: [Opt 31-389] Phase Shift Register Optimization created 0 cells and removed 0 cells

Phase 8 Post Processing Netlist
Phase 8 Post Processing Netlist | Checksum: 183a771f9

Time (s): cpu = 00:00:03 ; elapsed = 00:00:03 . Memory (MB): peak = 2036.898 ; gain = 0.016
Post Processing Netlist | Checksum: 183a771f9
INFO: [Opt 31-389] Phase Post Processing Netlist created 0 cells and removed 0 cells
INFO: [Opt 31-1021] In phase Post Processing Netlist, 117 netlist objects are constrained preventing optimization. Please run opt_design with -debug_log to get more detail. 

Phase 9 Finalization

Phase 9.1 Finalizing Design Cores and Updating Shapes
Phase 9.1 Finalizing Design Cores and Updating Shapes | Checksum: d7f3e37d

Time (s): cpu = 00:00:03 ; elapsed = 00:00:03 . Memory (MB): peak = 2036.898 ; gain = 0.016

Phase 9.2 Verifying Netlist Connectivity

Starting Connectivity Check Task

Time (s): cpu = 00:00:00 ; elapsed = 00:00:00.046 . Memory (MB): peak = 2036.898 ; gain = 0.000
Phase 9.2 Verifying Netlist Connectivity | Checksum: d7f3e37d

Time (s): cpu = 00:00:03 ; elapsed = 00:00:03 . Memory (MB): peak = 2036.898 ; gain = 0.016
Phase 9 Finalization | Checksum: d7f3e37d

Time (s): cpu = 00:00:03 ; elapsed = 00:00:03 . Memory (MB): peak = 2036.898 ; gain = 0.016
Opt_design Change Summary
=========================


-------------------------------------------------------------------------------------------------------------------------
|  Phase                        |  #Cells created  |  #Cells Removed  |  #Constrained objects preventing optimizations  |
-------------------------------------------------------------------------------------------------------------------------
|  Retarget                     |              60  |             318  |                                             98  |
|  Constant propagation         |              49  |             197  |                                             98  |
|  Sweep                        |               0  |             392  |                                            198  |
|  BUFG optimization            |               0  |               0  |                                              0  |
|  Shift Register Optimization  |               0  |               0  |                                              0  |
|  Post Processing Netlist      |               0  |               0  |                                            117  |
-------------------------------------------------------------------------------------------------------------------------


Ending Logic Optimization Task | Checksum: d7f3e37d

Time (s): cpu = 00:00:03 ; elapsed = 00:00:03 . Memory (MB): peak = 2036.898 ; gain = 0.016

Starting Power Optimization Task
INFO: [Pwropt 34-132] Skipping clock gating for clocks with a period < 2.00 ns.
INFO: [Pwropt 34-9] Applying IDT optimizations ...
INFO: [Pwropt 34-10] Applying ODC optimizations ...
INFO: [Timing 38-35] Done setting XDC timing constraints.
Running Vector-less Activity Propagation...

Finished Running Vector-less Activity Propagation


Starting PowerOpt Patch Enables Task
INFO: [Pwropt 34-162] WRITE_MODE attribute of 0 BRAM(s) out of a total of 5 has been updated to save power. Run report_power_opt to get a complete listing of the BRAMs updated.
INFO: [Pwropt 34-201] Structural ODC has moved 1 WE to EN ports
Number of BRAM Ports augmented: 5 newly gated: 1 Total Ports: 10
Ending PowerOpt Patch Enables Task | Checksum: 126692de3

Time (s): cpu = 00:00:00 ; elapsed = 00:00:00.096 . Memory (MB): peak = 2058.863 ; gain = 0.000
Ending Power Optimization Task | Checksum: 126692de3

Time (s): cpu = 00:00:05 ; elapsed = 00:00:05 . Memory (MB): peak = 2058.863 ; gain = 21.965

Starting Final Cleanup Task
Ending Final Cleanup Task | Checksum: 126692de3

Time (s): cpu = 00:00:00 ; elapsed = 00:00:00.004 . Memory (MB): peak = 2058.863 ; gain = 0.000
Netlist sorting complete. Time (s): cpu = 00:00:00 ; elapsed = 00:00:00.028 . Memory (MB): peak = 2058.863 ; gain = 0.000
INFO: [Common 17-83] Releasing license: Implementation
57 Infos, 8 Warnings, 0 Critical Warnings and 0 Errors encountered.
opt_design completed successfully
opt_design: Time (s): cpu = 00:00:17 ; elapsed = 00:00:18 . Memory (MB): peak = 2058.863 ; gain = 475.840
INFO: [Vivado 12-24828] Executing command : report_drc -file image_block_wrapper_drc_opted.rpt -pb image_block_wrapper_drc_opted.pb -rpx image_block_wrapper_drc_opted.rpx
Command: report_drc -file image_block_wrapper_drc_opted.rpt -pb image_block_wrapper_drc_opted.pb -rpx image_block_wrapper_drc_opted.rpx
INFO: [IP_Flow 19-1839] IP Catalog is up to date.
INFO: [DRC 23-27] Running DRC with 2 threads
INFO: [Vivado_Tcl 2-168] The results of DRC are in file C:/Users/user/Desktop/project/BARN_AI_FPGA_PL/BARN_AI/BARN AI.runs/impl_1/image_block_wrapper_drc_opted.rpt.
report_drc completed successfully
report_drc: Time (s): cpu = 00:00:06 ; elapsed = 00:00:06 . Memory (MB): peak = 2058.863 ; gain = 0.000
generate_parallel_reports: Time (s): cpu = 00:00:06 ; elapsed = 00:00:06 . Memory (MB): peak = 2058.863 ; gain = 0.000
INFO: [Timing 38-480] Writing timing data to binary archive.
Wrote PlaceDB: Time (s): cpu = 00:00:00 ; elapsed = 00:00:00 . Memory (MB): peak = 2058.863 ; gain = 0.000
Wrote PulsedLatchDB: Time (s): cpu = 00:00:00 ; elapsed = 00:00:00.017 . Memory (MB): peak = 2058.863 ; gain = 0.000
Writing XDEF routing.
Write ShapeDB Complete: Time (s): cpu = 00:00:00 ; elapsed = 00:00:00.055 . Memory (MB): peak = 2058.863 ; gain = 0.000
Writing XDEF routing logical nets.
Writing XDEF routing special nets.
Wrote RouteStorage: Time (s): cpu = 00:00:00 ; elapsed = 00:00:00.103 . Memory (MB): peak = 2058.863 ; gain = 0.000
Wrote PlaceStorage: Time (s): cpu = 00:00:00 ; elapsed = 00:00:00.032 . Memory (MB): peak = 2058.863 ; gain = 0.000
Wrote Netlist Cache: Time (s): cpu = 00:00:00 ; elapsed = 00:00:00.004 . Memory (MB): peak = 2058.863 ; gain = 0.000
Wrote Device Cache: Time (s): cpu = 00:00:01 ; elapsed = 00:00:00.029 . Memory (MB): peak = 2058.863 ; gain = 0.000
Write Physdb Complete: Time (s): cpu = 00:00:01 ; elapsed = 00:00:00.222 . Memory (MB): peak = 2058.863 ; gain = 0.000
INFO: [Common 17-1381] The checkpoint 'C:/Users/user/Desktop/project/BARN_AI_FPGA_PL/BARN_AI/BARN AI.runs/impl_1/image_block_wrapper_opt.dcp' has been generated.
Command: place_design
Attempting to get a license for feature 'Implementation' and/or device 'xc7z020'
INFO: [Common 17-349] Got license for feature 'Implementation' and/or device 'xc7z020'
INFO: [Common 17-83] Releasing license: Implementation
INFO: [DRC 23-27] Running DRC with 2 threads
INFO: [Vivado_Tcl 4-198] DRC finished with 0 Errors
INFO: [Vivado_Tcl 4-199] Please refer to the DRC report (report_drc) for more information.
INFO: [Timing 38-35] Done setting XDC timing constraints.
Running DRC as a precondition to command place_design
INFO: [DRC 23-27] Running DRC with 2 threads
INFO: [Vivado_Tcl 4-198] DRC finished with 0 Errors
INFO: [Vivado_Tcl 4-199] Please refer to the DRC report (report_drc) for more information.
INFO: [Place 30-611] Multithreading enabled for place_design using a maximum of 2 CPUs

Starting Placer Task

Phase 1 Placer Initialization

Phase 1.1 Placer Initialization Netlist Sorting
Netlist sorting complete. Time (s): cpu = 00:00:00 ; elapsed = 00:00:00.010 . Memory (MB): peak = 2058.863 ; gain = 0.000
Phase 1.1 Placer Initialization Netlist Sorting | Checksum: 11a541868

Time (s): cpu = 00:00:00 ; elapsed = 00:00:00.022 . Memory (MB): peak = 2058.863 ; gain = 0.000
Netlist sorting complete. Time (s): cpu = 00:00:00 ; elapsed = 00:00:00.010 . Memory (MB): peak = 2058.863 ; gain = 0.000

Phase 1.2 IO Placement/ Clock Placement/ Build Placer Device
Phase 1.2 IO Placement/ Clock Placement/ Build Placer Device | Checksum: 7ac77adb

Time (s): cpu = 00:00:01 ; elapsed = 00:00:01 . Memory (MB): peak = 2058.863 ; gain = 0.000

Phase 1.3 Build Placer Netlist Model
Phase 1.3 Build Placer Netlist Model | Checksum: 12ea14a31

Time (s): cpu = 00:00:06 ; elapsed = 00:00:04 . Memory (MB): peak = 2058.863 ; gain = 0.000

Phase 1.4 Constrain Clocks/Macros
Phase 1.4 Constrain Clocks/Macros | Checksum: 12ea14a31

Time (s): cpu = 00:00:06 ; elapsed = 00:00:04 . Memory (MB): peak = 2058.863 ; gain = 0.000
Phase 1 Placer Initialization | Checksum: 12ea14a31

Time (s): cpu = 00:00:06 ; elapsed = 00:00:05 . Memory (MB): peak = 2058.863 ; gain = 0.000

Phase 2 Global Placement

Phase 2.1 Floorplanning
Phase 2.1 Floorplanning | Checksum: 1dc04fb5e

Time (s): cpu = 00:00:08 ; elapsed = 00:00:06 . Memory (MB): peak = 2058.863 ; gain = 0.000

Phase 2.2 Update Timing before SLR Path Opt
Phase 2.2 Update Timing before SLR Path Opt | Checksum: 114dfbd21

Time (s): cpu = 00:00:10 ; elapsed = 00:00:07 . Memory (MB): peak = 2058.863 ; gain = 0.000

Phase 2.3 Post-Processing in Floorplanning
Phase 2.3 Post-Processing in Floorplanning | Checksum: 114dfbd21

Time (s): cpu = 00:00:10 ; elapsed = 00:00:07 . Memory (MB): peak = 2058.863 ; gain = 0.000

Phase 2.4 Global Place Phase1
Phase 2.4 Global Place Phase1 | Checksum: 1cbbc5862

Time (s): cpu = 00:00:26 ; elapsed = 00:00:17 . Memory (MB): peak = 2058.863 ; gain = 0.000

Phase 2.5 Global Place Phase2

Phase 2.5.1 UpdateTiming Before Physical Synthesis
Phase 2.5.1 UpdateTiming Before Physical Synthesis | Checksum: 2199804c2

Time (s): cpu = 00:00:28 ; elapsed = 00:00:19 . Memory (MB): peak = 2058.863 ; gain = 0.000

Phase 2.5.2 Physical Synthesis In Placer
INFO: [Physopt 32-1035] Found 0 LUTNM shape to break, 301 LUT instances to create LUTNM shape
INFO: [Physopt 32-1044] Break lutnm for timing: one critical 0, two critical 0, total 0, new lutff created 0
INFO: [Physopt 32-1138] End 1 Pass. Optimized 107 nets or LUTs. Breaked 0 LUT, combined 107 existing LUTs and moved 0 existing LUT
INFO: [Physopt 32-65] No nets found for high-fanout optimization.
INFO: [Physopt 32-232] Optimized 0 net. Created 0 new instance.
INFO: [Physopt 32-775] End 1 Pass. Optimized 0 net or cell. Created 0 new cell, deleted 0 existing cell and moved 0 existing cell
INFO: [Physopt 32-670] No setup violation found.  DSP Register Optimization was not performed.
INFO: [Physopt 32-670] No setup violation found.  Shift Register to Pipeline Optimization was not performed.
INFO: [Physopt 32-670] No setup violation found.  Shift Register Optimization was not performed.
INFO: [Physopt 32-670] No setup violation found.  BRAM Register Optimization was not performed.
INFO: [Physopt 32-670] No setup violation found.  URAM Register Optimization was not performed.
INFO: [Physopt 32-949] No candidate nets found for dynamic/static region interface net replication
INFO: [Physopt 32-775] End 1 Pass. Optimized 0 net or cell. Created 0 new cell, deleted 0 existing cell and moved 0 existing cell
Netlist sorting complete. Time (s): cpu = 00:00:00 ; elapsed = 00:00:00.011 . Memory (MB): peak = 2058.863 ; gain = 0.000

Summary of Physical Synthesis Optimizations
============================================


-----------------------------------------------------------------------------------------------------------------------------------------------------------
|  Optimization                                     |  Added Cells  |  Removed Cells  |  Optimized Cells/Nets  |  Dont Touch  |  Iterations  |  Elapsed   |
-----------------------------------------------------------------------------------------------------------------------------------------------------------
|  LUT Combining                                    |            0  |            107  |                   107  |           0  |           1  |  00:00:01  |
|  Retime                                           |            0  |              0  |                     0  |           0  |           1  |  00:00:00  |
|  Very High Fanout                                 |            0  |              0  |                     0  |           0  |           1  |  00:00:00  |
|  DSP Register                                     |            0  |              0  |                     0  |           0  |           0  |  00:00:00  |
|  Shift Register to Pipeline                       |            0  |              0  |                     0  |           0  |           0  |  00:00:00  |
|  Shift Register                                   |            0  |              0  |                     0  |           0  |           0  |  00:00:00  |
|  BRAM Register                                    |            0  |              0  |                     0  |           0  |           0  |  00:00:00  |
|  URAM Register                                    |            0  |              0  |                     0  |           0  |           0  |  00:00:00  |
|  Dynamic/Static Region Interface Net Replication  |            0  |              0  |                     0  |           0  |           1  |  00:00:00  |
|  Total                                            |            0  |            107  |                   107  |           0  |           4  |  00:00:01  |
-----------------------------------------------------------------------------------------------------------------------------------------------------------


Phase 2.5.2 Physical Synthesis In Placer | Checksum: 151a5e3ef

Time (s): cpu = 00:00:31 ; elapsed = 00:00:21 . Memory (MB): peak = 2058.863 ; gain = 0.000
Phase 2.5 Global Place Phase2 | Checksum: 205e9385a

Time (s): cpu = 00:00:31 ; elapsed = 00:00:22 . Memory (MB): peak = 2058.863 ; gain = 0.000
Phase 2 Global Placement | Checksum: 205e9385a

Time (s): cpu = 00:00:31 ; elapsed = 00:00:22 . Memory (MB): peak = 2058.863 ; gain = 0.000

Phase 3 Detail Placement

Phase 3.1 Commit Multi Column Macros
Phase 3.1 Commit Multi Column Macros | Checksum: 1804e552c

Time (s): cpu = 00:00:33 ; elapsed = 00:00:23 . Memory (MB): peak = 2058.863 ; gain = 0.000

Phase 3.2 Commit Most Macros & LUTRAMs
Phase 3.2 Commit Most Macros & LUTRAMs | Checksum: f0aed5dd

Time (s): cpu = 00:00:37 ; elapsed = 00:00:25 . Memory (MB): peak = 2058.863 ; gain = 0.000

Phase 3.3 Area Swap Optimization
Phase 3.3 Area Swap Optimization | Checksum: 1d157c15a

Time (s): cpu = 00:00:38 ; elapsed = 00:00:26 . Memory (MB): peak = 2058.863 ; gain = 0.000

Phase 3.4 Pipeline Register Optimization
Phase 3.4 Pipeline Register Optimization | Checksum: 1c9ff65f1

Time (s): cpu = 00:00:38 ; elapsed = 00:00:26 . Memory (MB): peak = 2058.863 ; gain = 0.000

Phase 3.5 Small Shape Detail Placement
Phase 3.5 Small Shape Detail Placement | Checksum: 1458f5996

Time (s): cpu = 00:00:43 ; elapsed = 00:00:31 . Memory (MB): peak = 2058.863 ; gain = 0.000

Phase 3.6 Re-assign LUT pins
Phase 3.6 Re-assign LUT pins | Checksum: 170c01ef8

Time (s): cpu = 00:00:45 ; elapsed = 00:00:33 . Memory (MB): peak = 2058.863 ; gain = 0.000

Phase 3.7 Pipeline Register Optimization
Phase 3.7 Pipeline Register Optimization | Checksum: 116ee44c9

Time (s): cpu = 00:00:45 ; elapsed = 00:00:33 . Memory (MB): peak = 2058.863 ; gain = 0.000
Phase 3 Detail Placement | Checksum: 116ee44c9

Time (s): cpu = 00:00:45 ; elapsed = 00:00:33 . Memory (MB): peak = 2058.863 ; gain = 0.000

Phase 4 Post Placement Optimization and Clean-Up

Phase 4.1 Post Commit Optimization
INFO: [Timing 38-35] Done setting XDC timing constraints.

Phase 4.1.1 Post Placement Optimization
Post Placement Optimization Initialization | Checksum: 11e2ade52

Phase 4.1.1.1 BUFG Insertion

Starting Physical Synthesis Task

Phase 1 Physical Synthesis Initialization
INFO: [Physopt 32-721] Multithreading enabled for phys_opt_design using a maximum of 2 CPUs
INFO: [Physopt 32-619] Estimated Timing Summary | WNS=-0.236 | TNS=-1.487 |
Phase 1 Physical Synthesis Initialization | Checksum: 19655edf4

Time (s): cpu = 00:00:01 ; elapsed = 00:00:00.234 . Memory (MB): peak = 2058.863 ; gain = 0.000
INFO: [Place 46-56] BUFG insertion identified 0 candidate nets. Inserted BUFG: 0, Replicated BUFG Driver: 0, Skipped due to Placement/Routing Conflicts: 0, Skipped due to Timing Degradation: 0, Skipped due to netlist editing failed: 0.
Ending Physical Synthesis Task | Checksum: 12ffeb77b

Time (s): cpu = 00:00:01 ; elapsed = 00:00:00.302 . Memory (MB): peak = 2058.863 ; gain = 0.000
Phase 4.1.1.1 BUFG Insertion | Checksum: 11e2ade52

Time (s): cpu = 00:00:52 ; elapsed = 00:00:38 . Memory (MB): peak = 2058.863 ; gain = 0.000

Phase 4.1.1.2 Post Placement Timing Optimization
INFO: [Place 30-746] Post Placement Timing Summary WNS=0.881. For the most accurate timing information please run report_timing.
Phase 4.1.1.2 Post Placement Timing Optimization | Checksum: 111ef08a8

Time (s): cpu = 00:00:58 ; elapsed = 00:00:45 . Memory (MB): peak = 2058.863 ; gain = 0.000

Time (s): cpu = 00:00:58 ; elapsed = 00:00:45 . Memory (MB): peak = 2058.863 ; gain = 0.000
Phase 4.1 Post Commit Optimization | Checksum: 111ef08a8

Time (s): cpu = 00:00:58 ; elapsed = 00:00:45 . Memory (MB): peak = 2058.863 ; gain = 0.000

Phase 4.2 Post Placement Cleanup
Phase 4.2 Post Placement Cleanup | Checksum: 111ef08a8

Time (s): cpu = 00:00:58 ; elapsed = 00:00:45 . Memory (MB): peak = 2058.863 ; gain = 0.000

Phase 4.3 Placer Reporting

Phase 4.3.1 Print Estimated Congestion
INFO: [Place 30-612] Post-Placement Estimated Congestion 
 ____________________________________________________
|           | Global Congestion | Short Congestion  |
| Direction | Region Size       | Region Size       |
|___________|___________________|___________________|
|      North|                1x1|                1x1|
|___________|___________________|___________________|
|      South|                1x1|                1x1|
|___________|___________________|___________________|
|       East|                1x1|                1x1|
|___________|___________________|___________________|
|       West|                1x1|                1x1|
|___________|___________________|___________________|

Phase 4.3.1 Print Estimated Congestion | Checksum: 111ef08a8

Time (s): cpu = 00:00:59 ; elapsed = 00:00:45 . Memory (MB): peak = 2058.863 ; gain = 0.000
Phase 4.3 Placer Reporting | Checksum: 111ef08a8

Time (s): cpu = 00:00:59 ; elapsed = 00:00:45 . Memory (MB): peak = 2058.863 ; gain = 0.000

Phase 4.4 Final Placement Cleanup
Netlist sorting complete. Time (s): cpu = 00:00:00 ; elapsed = 00:00:00.013 . Memory (MB): peak = 2058.863 ; gain = 0.000

Time (s): cpu = 00:00:59 ; elapsed = 00:00:45 . Memory (MB): peak = 2058.863 ; gain = 0.000
Phase 4 Post Placement Optimization and Clean-Up | Checksum: 17c60e025

Time (s): cpu = 00:00:59 ; elapsed = 00:00:45 . Memory (MB): peak = 2058.863 ; gain = 0.000
Ending Placer Task | Checksum: 11719ba78

Time (s): cpu = 00:00:59 ; elapsed = 00:00:45 . Memory (MB): peak = 2058.863 ; gain = 0.000
92 Infos, 8 Warnings, 0 Critical Warnings and 0 Errors encountered.
place_design completed successfully
place_design: Time (s): cpu = 00:01:03 ; elapsed = 00:00:49 . Memory (MB): peak = 2058.863 ; gain = 0.000
INFO: [Vivado 12-24838] Running report commands "report_control_sets, report_io, report_utilization" in parallel.
Running report generation with 2 threads.
INFO: [Vivado 12-24828] Executing command : report_io -file image_block_wrapper_io_placed.rpt
report_io: Time (s): cpu = 00:00:01 ; elapsed = 00:00:00.411 . Memory (MB): peak = 2058.863 ; gain = 0.000
INFO: [Vivado 12-24828] Executing command : report_utilization -file image_block_wrapper_utilization_placed.rpt -pb image_block_wrapper_utilization_placed.pb
INFO: [Vivado 12-24828] Executing command : report_control_sets -verbose -file image_block_wrapper_control_sets_placed.rpt
report_control_sets: Time (s): cpu = 00:00:00 ; elapsed = 00:00:00.146 . Memory (MB): peak = 2058.863 ; gain = 0.000
Wrote PlaceDB: Time (s): cpu = 00:00:00 ; elapsed = 00:00:00 . Memory (MB): peak = 2058.863 ; gain = 0.000
INFO: [Timing 38-480] Writing timing data to binary archive.
Wrote PulsedLatchDB: Time (s): cpu = 00:00:00 ; elapsed = 00:00:00 . Memory (MB): peak = 2058.863 ; gain = 0.000
Writing XDEF routing.
Writing XDEF routing logical nets.
Write ShapeDB Complete: Time (s): cpu = 00:00:01 ; elapsed = 00:00:00.182 . Memory (MB): peak = 2058.863 ; gain = 0.000
Writing XDEF routing special nets.
Wrote RouteStorage: Time (s): cpu = 00:00:01 ; elapsed = 00:00:00.178 . Memory (MB): peak = 2058.863 ; gain = 0.000
Wrote PlaceStorage: Time (s): cpu = 00:00:06 ; elapsed = 00:00:02 . Memory (MB): peak = 2058.863 ; gain = 0.000
Wrote Netlist Cache: Time (s): cpu = 00:00:00 ; elapsed = 00:00:00.095 . Memory (MB): peak = 2058.863 ; gain = 0.000
Wrote Device Cache: Time (s): cpu = 00:00:00 ; elapsed = 00:00:00.073 . Memory (MB): peak = 2058.863 ; gain = 0.000
Write Physdb Complete: Time (s): cpu = 00:00:07 ; elapsed = 00:00:02 . Memory (MB): peak = 2058.863 ; gain = 0.000
INFO: [Common 17-1381] The checkpoint 'C:/Users/user/Desktop/project/BARN_AI_FPGA_PL/BARN_AI/BARN AI.runs/impl_1/image_block_wrapper_placed.dcp' has been generated.
write_checkpoint: Time (s): cpu = 00:00:09 ; elapsed = 00:00:06 . Memory (MB): peak = 2058.863 ; gain = 0.000
Command: phys_opt_design
Attempting to get a license for feature 'Implementation' and/or device 'xc7z020'
INFO: [Common 17-349] Got license for feature 'Implementation' and/or device 'xc7z020'

Starting Initial Update Timing Task

Time (s): cpu = 00:00:08 ; elapsed = 00:00:05 . Memory (MB): peak = 2058.863 ; gain = 0.000
INFO: [Vivado_Tcl 4-2279] Estimated Timing Summary | WNS= 0.881 | TNS= 0.000 | 
INFO: [Vivado_Tcl 4-383] Design worst setup slack (WNS) is greater than or equal to 0.000 ns. All physical synthesis setup optimizations will be skipped.
INFO: [Vivado_Tcl 4-232] No setup violation found. The netlist was not modified.
INFO: [Common 17-83] Releasing license: Implementation
103 Infos, 8 Warnings, 0 Critical Warnings and 0 Errors encountered.
phys_opt_design completed successfully
phys_opt_design: Time (s): cpu = 00:00:08 ; elapsed = 00:00:05 . Memory (MB): peak = 2058.863 ; gain = 0.000
Wrote PlaceDB: Time (s): cpu = 00:00:00 ; elapsed = 00:00:00 . Memory (MB): peak = 2058.863 ; gain = 0.000
INFO: [Timing 38-480] Writing timing data to binary archive.
Wrote PulsedLatchDB: Time (s): cpu = 00:00:00 ; elapsed = 00:00:00 . Memory (MB): peak = 2058.863 ; gain = 0.000
Writing XDEF routing.
Writing XDEF routing logical nets.
Write ShapeDB Complete: Time (s): cpu = 00:00:01 ; elapsed = 00:00:00.152 . Memory (MB): peak = 2058.863 ; gain = 0.000
Writing XDEF routing special nets.
Wrote RouteStorage: Time (s): cpu = 00:00:01 ; elapsed = 00:00:00.136 . Memory (MB): peak = 2058.863 ; gain = 0.000
Wrote PlaceStorage: Time (s): cpu = 00:00:05 ; elapsed = 00:00:02 . Memory (MB): peak = 2058.863 ; gain = 0.000
Wrote Netlist Cache: Time (s): cpu = 00:00:00 ; elapsed = 00:00:00.058 . Memory (MB): peak = 2058.863 ; gain = 0.000
Wrote Device Cache: Time (s): cpu = 00:00:00 ; elapsed = 00:00:00.060 . Memory (MB): peak = 2058.863 ; gain = 0.000
Write Physdb Complete: Time (s): cpu = 00:00:06 ; elapsed = 00:00:02 . Memory (MB): peak = 2058.863 ; gain = 0.000
INFO: [Common 17-1381] The checkpoint 'C:/Users/user/Desktop/project/BARN_AI_FPGA_PL/BARN_AI/BARN AI.runs/impl_1/image_block_wrapper_physopt.dcp' has been generated.
write_checkpoint: Time (s): cpu = 00:00:08 ; elapsed = 00:00:05 . Memory (MB): peak = 2058.863 ; gain = 0.000
Command: route_design
Attempting to get a license for feature 'Implementation' and/or device 'xc7z020'
INFO: [Common 17-349] Got license for feature 'Implementation' and/or device 'xc7z020'


Starting Routing Task
INFO: [Route 35-254] Multithreading enabled for route_design using a maximum of 2 CPUs

Phase 1 Build RT Design
Checksum: PlaceDB: a1776670 ConstDB: 0 ShapeSum: 5fa8e118 RouteDB: 15f972f0
Post Restoration Checksum: NetGraph: 5ed0b9bc | NumContArr: e38976a | Constraints: c2a8fa9d | Timing: c2a8fa9d
Phase 1 Build RT Design | Checksum: 1f25b4660

Time (s): cpu = 00:01:37 ; elapsed = 00:01:27 . Memory (MB): peak = 2058.863 ; gain = 0.000

Phase 2 Router Initialization

Phase 2.1 Fix Topology Constraints
Phase 2.1 Fix Topology Constraints | Checksum: 1f25b4660

Time (s): cpu = 00:01:38 ; elapsed = 00:01:27 . Memory (MB): peak = 2058.863 ; gain = 0.000

Phase 2.2 Pre Route Cleanup
Phase 2.2 Pre Route Cleanup | Checksum: 1f25b4660

Time (s): cpu = 00:01:38 ; elapsed = 00:01:27 . Memory (MB): peak = 2058.863 ; gain = 0.000
 Number of Nodes with overlaps = 0

Phase 2.3 Update Timing
Phase 2.3 Update Timing | Checksum: 2120452ed

Time (s): cpu = 00:01:49 ; elapsed = 00:01:35 . Memory (MB): peak = 2058.863 ; gain = 0.000
INFO: [Route 35-416] Intermediate Timing Summary | WNS=0.916  | TNS=0.000  | WHS=-0.324 | THS=-141.321|


Phase 2.4 Soft Constraint Pins - Fast Budgeting
Phase 2.4 Soft Constraint Pins - Fast Budgeting | Checksum: 282b900dd

Time (s): cpu = 00:01:52 ; elapsed = 00:01:37 . Memory (MB): peak = 2066.969 ; gain = 8.105

Router Utilization Summary
  Global Vertical Routing Utilization    = 0 %
  Global Horizontal Routing Utilization  = 0 %
  Routable Net Status*
  *Does not include unroutable nets such as driverless and loadless.
  Run report_route_status for detailed report.
  Number of Failed Nets               = 7084
    (Failed Nets is the sum of unrouted and partially routed nets)
  Number of Unrouted Nets             = 7084
  Number of Partially Routed Nets     = 0
  Number of Node Overlaps             = 0

Phase 2 Router Initialization | Checksum: 1e43ef0e5

Time (s): cpu = 00:01:53 ; elapsed = 00:01:37 . Memory (MB): peak = 2066.969 ; gain = 8.105

Phase 3 Global Routing
Phase 3 Global Routing | Checksum: 1e43ef0e5

Time (s): cpu = 00:01:53 ; elapsed = 00:01:37 . Memory (MB): peak = 2066.969 ; gain = 8.105

Phase 4 Initial Routing

Phase 4.1 Initial Net Routing Pass
Phase 4.1 Initial Net Routing Pass | Checksum: 2942bd111

Time (s): cpu = 00:01:58 ; elapsed = 00:01:40 . Memory (MB): peak = 2066.969 ; gain = 8.105
Phase 4 Initial Routing | Checksum: 2942bd111

Time (s): cpu = 00:01:58 ; elapsed = 00:01:40 . Memory (MB): peak = 2066.969 ; gain = 8.105

Phase 5 Rip-up And Reroute

Phase 5.1 Global Iteration 0
 Number of Nodes with overlaps = 510
 Number of Nodes with overlaps = 85
 Number of Nodes with overlaps = 26
 Number of Nodes with overlaps = 12
 Number of Nodes with overlaps = 7
 Number of Nodes with overlaps = 4
 Number of Nodes with overlaps = 0
INFO: [Route 35-416] Intermediate Timing Summary | WNS=0.597  | TNS=0.000  | WHS=N/A    | THS=N/A    |

Phase 5.1 Global Iteration 0 | Checksum: 2d2b2e913

Time (s): cpu = 00:02:14 ; elapsed = 00:01:53 . Memory (MB): peak = 2066.969 ; gain = 8.105

Phase 5.2 Global Iteration 1
 Number of Nodes with overlaps = 12
 Number of Nodes with overlaps = 4
 Number of Nodes with overlaps = 2
 Number of Nodes with overlaps = 1
 Number of Nodes with overlaps = 0
INFO: [Route 35-416] Intermediate Timing Summary | WNS=0.559  | TNS=0.000  | WHS=N/A    | THS=N/A    |

Phase 5.2 Global Iteration 1 | Checksum: 16afe0239

Time (s): cpu = 00:02:16 ; elapsed = 00:01:56 . Memory (MB): peak = 2066.969 ; gain = 8.105
Phase 5 Rip-up And Reroute | Checksum: 16afe0239

Time (s): cpu = 00:02:16 ; elapsed = 00:01:56 . Memory (MB): peak = 2066.969 ; gain = 8.105

Phase 6 Delay and Skew Optimization

Phase 6.1 Delay CleanUp
Phase 6.1 Delay CleanUp | Checksum: 16afe0239

Time (s): cpu = 00:02:16 ; elapsed = 00:01:56 . Memory (MB): peak = 2066.969 ; gain = 8.105

Phase 6.2 Clock Skew Optimization
Phase 6.2 Clock Skew Optimization | Checksum: 16afe0239

Time (s): cpu = 00:02:16 ; elapsed = 00:01:56 . Memory (MB): peak = 2066.969 ; gain = 8.105
Phase 6 Delay and Skew Optimization | Checksum: 16afe0239

Time (s): cpu = 00:02:17 ; elapsed = 00:01:56 . Memory (MB): peak = 2066.969 ; gain = 8.105

Phase 7 Post Hold Fix

Phase 7.1 Hold Fix Iter
INFO: [Route 35-416] Intermediate Timing Summary | WNS=0.711  | TNS=0.000  | WHS=0.007  | THS=0.000  |

Phase 7.1 Hold Fix Iter | Checksum: 1812d3490

Time (s): cpu = 00:02:18 ; elapsed = 00:01:57 . Memory (MB): peak = 2066.969 ; gain = 8.105
Phase 7 Post Hold Fix | Checksum: 1812d3490

Time (s): cpu = 00:02:18 ; elapsed = 00:01:57 . Memory (MB): peak = 2066.969 ; gain = 8.105

Phase 8 Route finalize

Router Utilization Summary
  Global Vertical Routing Utilization    = 0.96909 %
  Global Horizontal Routing Utilization  = 1.30764 %
  Routable Net Status*
  *Does not include unroutable nets such as driverless and loadless.
  Run report_route_status for detailed report.
  Number of Failed Nets               = 0
    (Failed Nets is the sum of unrouted and partially routed nets)
  Number of Unrouted Nets             = 0
  Number of Partially Routed Nets     = 0
  Number of Node Overlaps             = 0

Phase 8 Route finalize | Checksum: 1812d3490

Time (s): cpu = 00:02:19 ; elapsed = 00:01:57 . Memory (MB): peak = 2066.969 ; gain = 8.105

Phase 9 Verifying routed nets

 Verification completed successfully
Phase 9 Verifying routed nets | Checksum: 1812d3490

Time (s): cpu = 00:02:19 ; elapsed = 00:01:57 . Memory (MB): peak = 2066.969 ; gain = 8.105

Phase 10 Depositing Routes
Phase 10 Depositing Routes | Checksum: 1cc6ed631

Time (s): cpu = 00:02:23 ; elapsed = 00:02:01 . Memory (MB): peak = 2066.969 ; gain = 8.105

Phase 11 Post Process Routing
Phase 11 Post Process Routing | Checksum: 1cc6ed631

Time (s): cpu = 00:02:23 ; elapsed = 00:02:01 . Memory (MB): peak = 2066.969 ; gain = 8.105

Phase 12 Post Router Timing
INFO: [Route 35-57] Estimated Timing Summary | WNS=0.711  | TNS=0.000  | WHS=0.007  | THS=0.000  |

INFO: [Route 35-327] The final timing numbers are based on the router estimated timing analysis. For a complete and accurate timing signoff, please run report_timing_summary.
Phase 12 Post Router Timing | Checksum: 1cc6ed631

Time (s): cpu = 00:02:23 ; elapsed = 00:02:01 . Memory (MB): peak = 2066.969 ; gain = 8.105
Total Elapsed time in route_design: 120.879 secs

Phase 13 Post-Route Event Processing
Phase 13 Post-Route Event Processing | Checksum: 10bd48e75

Time (s): cpu = 00:02:23 ; elapsed = 00:02:01 . Memory (MB): peak = 2066.969 ; gain = 8.105
INFO: [Route 35-16] Router Completed Successfully
Ending Routing Task | Checksum: 10bd48e75

Time (s): cpu = 00:02:23 ; elapsed = 00:02:01 . Memory (MB): peak = 2066.969 ; gain = 8.105

Routing Is Done.
INFO: [Common 17-83] Releasing license: Implementation
115 Infos, 8 Warnings, 0 Critical Warnings and 0 Errors encountered.
route_design completed successfully
route_design: Time (s): cpu = 00:02:23 ; elapsed = 00:02:01 . Memory (MB): peak = 2066.969 ; gain = 8.105
INFO: [Vivado 12-24828] Executing command : report_drc -file image_block_wrapper_drc_routed.rpt -pb image_block_wrapper_drc_routed.pb -rpx image_block_wrapper_drc_routed.rpx
Command: report_drc -file image_block_wrapper_drc_routed.rpt -pb image_block_wrapper_drc_routed.pb -rpx image_block_wrapper_drc_routed.rpx
INFO: [IP_Flow 19-1839] IP Catalog is up to date.
INFO: [DRC 23-27] Running DRC with 2 threads
INFO: [Vivado_Tcl 2-168] The results of DRC are in file C:/Users/user/Desktop/project/BARN_AI_FPGA_PL/BARN_AI/BARN AI.runs/impl_1/image_block_wrapper_drc_routed.rpt.
report_drc completed successfully
report_drc: Time (s): cpu = 00:00:13 ; elapsed = 00:00:10 . Memory (MB): peak = 2066.969 ; gain = 0.000
INFO: [Vivado 12-24828] Executing command : report_methodology -file image_block_wrapper_methodology_drc_routed.rpt -pb image_block_wrapper_methodology_drc_routed.pb -rpx image_block_wrapper_methodology_drc_routed.rpx
Command: report_methodology -file image_block_wrapper_methodology_drc_routed.rpt -pb image_block_wrapper_methodology_drc_routed.pb -rpx image_block_wrapper_methodology_drc_routed.rpx
INFO: [Timing 38-35] Done setting XDC timing constraints.
INFO: [DRC 23-133] Running Methodology with 2 threads
INFO: [Vivado_Tcl 2-1520] The results of Report Methodology are in file C:/Users/user/Desktop/project/BARN_AI_FPGA_PL/BARN_AI/BARN AI.runs/impl_1/image_block_wrapper_methodology_drc_routed.rpt.
report_methodology completed successfully
report_methodology: Time (s): cpu = 00:00:18 ; elapsed = 00:00:10 . Memory (MB): peak = 2066.969 ; gain = 0.000
INFO: [Vivado 12-24828] Executing command : report_timing_summary -max_paths 10 -routable_nets -report_unconstrained -file image_block_wrapper_timing_summary_routed.rpt -pb image_block_wrapper_timing_summary_routed.pb -rpx image_block_wrapper_timing_summary_routed.rpx -warn_on_violation 
INFO: [Timing 38-35] Done setting XDC timing constraints.
INFO: [Timing 38-91] UpdateTimingParams: Speed grade: -1, Delay Type: min_max.
INFO: [Timing 38-191] Multithreading enabled for timing update using a maximum of 2 CPUs
INFO: [Vivado 12-24838] Running report commands "report_incremental_reuse, report_route_status" in parallel.
Running report generation with 2 threads.
INFO: [Vivado 12-24828] Executing command : report_incremental_reuse -file image_block_wrapper_incremental_reuse_routed.rpt
INFO: [Vivado_Tcl 4-1062] Incremental flow is disabled. No incremental reuse Info to report.
INFO: [Vivado 12-24828] Executing command : report_route_status -file image_block_wrapper_route_status.rpt -pb image_block_wrapper_route_status.pb
INFO: [Vivado 12-24828] Executing command : report_power -file image_block_wrapper_power_routed.rpt -pb image_block_wrapper_power_summary_routed.pb -rpx image_block_wrapper_power_routed.rpx
Command: report_power -file image_block_wrapper_power_routed.rpt -pb image_block_wrapper_power_summary_routed.pb -rpx image_block_wrapper_power_routed.rpx
Running Vector-less Activity Propagation...

Finished Running Vector-less Activity Propagation
WARNING: [Power 33-332] Found switching activity that implies high-fanout reset nets being asserted for excessive periods of time which may result in inaccurate power analysis.
Resolution: To review and fix problems, please run Power Constraints Advisor in the GUI from Tools > Power Constraints Advisor or run report_power with the -advisory option to generate a text report.
132 Infos, 9 Warnings, 0 Critical Warnings and 0 Errors encountered.
report_power completed successfully
report_power: Time (s): cpu = 00:00:08 ; elapsed = 00:00:06 . Memory (MB): peak = 2066.969 ; gain = 0.000
INFO: [Vivado 12-24828] Executing command : report_clock_utilization -file image_block_wrapper_clock_utilization_routed.rpt
INFO: [Vivado 12-24828] Executing command : report_bus_skew -warn_on_violation -file image_block_wrapper_bus_skew_routed.rpt -pb image_block_wrapper_bus_skew_routed.pb -rpx image_block_wrapper_bus_skew_routed.rpx
INFO: [Timing 38-91] UpdateTimingParams: Speed grade: -1, Delay Type: min_max.
INFO: [Timing 38-191] Multithreading enabled for timing update using a maximum of 2 CPUs
generate_parallel_reports: Time (s): cpu = 00:00:45 ; elapsed = 00:00:32 . Memory (MB): peak = 2066.969 ; gain = 0.000
INFO: [Timing 38-480] Writing timing data to binary archive.
Wrote PlaceDB: Time (s): cpu = 00:00:00 ; elapsed = 00:00:00 . Memory (MB): peak = 2066.969 ; gain = 0.000
Wrote PulsedLatchDB: Time (s): cpu = 00:00:00 ; elapsed = 00:00:00 . Memory (MB): peak = 2066.969 ; gain = 0.000
Writing XDEF routing.
Write ShapeDB Complete: Time (s): cpu = 00:00:01 ; elapsed = 00:00:00.178 . Memory (MB): peak = 2066.969 ; gain = 0.000
Writing XDEF routing logical nets.
Writing XDEF routing special nets.
Wrote RouteStorage: Time (s): cpu = 00:00:02 ; elapsed = 00:00:00.471 . Memory (MB): peak = 2066.969 ; gain = 0.000
Wrote PlaceStorage: Time (s): cpu = 00:00:06 ; elapsed = 00:00:02 . Memory (MB): peak = 2066.969 ; gain = 0.000
Wrote Netlist Cache: Time (s): cpu = 00:00:00 ; elapsed = 00:00:00.059 . Memory (MB): peak = 2066.969 ; gain = 0.000
Wrote Device Cache: Time (s): cpu = 00:00:00 ; elapsed = 00:00:00.052 . Memory (MB): peak = 2066.969 ; gain = 0.000
Write Physdb Complete: Time (s): cpu = 00:00:08 ; elapsed = 00:00:03 . Memory (MB): peak = 2066.969 ; gain = 0.000
INFO: [Common 17-1381] The checkpoint 'C:/Users/user/Desktop/project/BARN_AI_FPGA_PL/BARN_AI/BARN AI.runs/impl_1/image_block_wrapper_routed.dcp' has been generated.
write_checkpoint: Time (s): cpu = 00:00:09 ; elapsed = 00:00:06 . Memory (MB): peak = 2066.969 ; gain = 0.000
INFO: [Memdata 28-167] Found XPM memory block image_block_i/axi_vdma_0/U0/I_PRMRY_DATAMOVER/GEN_S2MM_FULL.I_S2MM_FULL_WRAPPER/GEN_ENABLE_INDET_BTT_SF.I_INDET_BTT/I_XD_FIFO/NON_BLK_MEM.I_SYNC_FIFOGEN_FIFO/xpm_fifo_base_inst/gen_sdpram.xpm_memory_base_inst with a P_MEMORY_PRIMITIVE property set to auto. A value of block is required. You will not be able to use the updatemem program to update the bitstream with new data for the image_block_i/axi_vdma_0/U0/I_PRMRY_DATAMOVER/GEN_S2MM_FULL.I_S2MM_FULL_WRAPPER/GEN_ENABLE_INDET_BTT_SF.I_INDET_BTT/I_XD_FIFO/NON_BLK_MEM.I_SYNC_FIFOGEN_FIFO/xpm_fifo_base_inst/gen_sdpram.xpm_memory_base_inst block.
INFO: [Memdata 28-208] The XPM instance: <image_block_i/axi_vdma_0/U0/I_PRMRY_DATAMOVER/GEN_S2MM_FULL.I_S2MM_FULL_WRAPPER/GEN_ENABLE_INDET_BTT_SF.I_INDET_BTT/I_DATA_FIFO/BLK_MEM.I_SYNC_FIFOGEN_FIFO/xpm_fifo_base_inst/gen_sdpram.xpm_memory_base_inst> is part of IP: <image_block_i/axi_vdma_0>. This XPM instance will be excluded from the .mmi because updatemem is prohibited from making changes to an XPM that is part of an IP.
INFO: [Memdata 28-208] The XPM instance: <image_block_i/axi_vdma_0/U0/GEN_SPRT_FOR_S2MM.S2MM_LINEBUFFER_I/GEN_S2MM_FLUSH_SOF_LOGIC.GEN_LINEBUFFER_FLUSH_SOF.GEN_SYNC_FIFO_FLUSH_SOF.I_LINEBUFFER_FIFO/xpm_fifo_sync_inst/xpm_fifo_base_inst/gen_sdpram.xpm_memory_base_inst> is part of IP: <image_block_i/axi_vdma_0>. This XPM instance will be excluded from the .mmi because updatemem is prohibited from making changes to an XPM that is part of an IP.
Command: write_bitstream -force image_block_wrapper.bit
Attempting to get a license for feature 'Implementation' and/or device 'xc7z020'
INFO: [Common 17-349] Got license for feature 'Implementation' and/or device 'xc7z020'
Running DRC as a precondition to command write_bitstream
INFO: [IP_Flow 19-1839] IP Catalog is up to date.
INFO: [DRC 23-27] Running DRC with 2 threads
INFO: [Vivado 12-3199] DRC finished with 0 Errors
INFO: [Vivado 12-3200] Please refer to the DRC report (report_drc) for more information.
Integrating Hard IP ELF/MEM with the PDI.
INFO: [Designutils 20-2272] Running write_bitstream with 2 threads.
Loading data files...
Loading site data...
Loading route data...
Processing options...
Creating bitmap...
Creating bitstream...
Writing bitstream ./image_block_wrapper.bit...
INFO: [Vivado 12-1842] Bitgen Completed Successfully.
INFO: [Common 17-83] Releasing license: Implementation
149 Infos, 9 Warnings, 0 Critical Warnings and 0 Errors encountered.
write_bitstream completed successfully
write_bitstream: Time (s): cpu = 00:00:56 ; elapsed = 00:00:50 . Memory (MB): peak = 2379.113 ; gain = 312.145
INFO: [Common 17-206] Exiting Vivado at Sun Jul 26 20:56:08 2026...
[Sun Jul 26 20:56:11 2026] impl_1 finished
wait_on_runs: Time (s): cpu = 00:00:15 ; elapsed = 00:18:37 . Memory (MB): peak = 726.043 ; gain = 0.000
# set status   [get_property STATUS   [get_runs impl_1]]
# set progress [get_property PROGRESS [get_runs impl_1]]
# puts "impl_1: $status ($progress)"
impl_1: write_bitstream Complete! (100%)
# if {$progress ne "100%"} { error "BUILD FAILED: impl_1 = $status" }
# open_run impl_1
INFO: [Device 21-403] Loading part xc7z020clg400-1
Netlist sorting complete. Time (s): cpu = 00:00:00 ; elapsed = 00:00:00.767 . Memory (MB): peak = 979.594 ; gain = 0.000
INFO: [Netlist 29-17] Analyzing 255 Unisim elements for replacement
INFO: [Netlist 29-28] Unisim Transformation completed in 1 CPU seconds
INFO: [Project 1-479] Netlist was created with Vivado 2025.2
INFO: [Project 1-570] Preparing netlist for logic optimization
Read ShapeDB Complete: Time (s): cpu = 00:00:00 ; elapsed = 00:00:00.088 . Memory (MB): peak = 1089.141 ; gain = 1.758
INFO: [Timing 38-478] Restoring timing data from binary archive.
INFO: [Timing 38-479] Binary timing data restore complete.
INFO: [Project 1-856] Restoring constraints from binary archive.
INFO: [Project 1-853] Binary constraint restore complete.
INFO: [Designutils 20-5722] Start Reading Physical Databases.
Reading placement.
Read Netlist Cache: Time (s): cpu = 00:00:00 ; elapsed = 00:00:00.029 . Memory (MB): peak = 1648.574 ; gain = 0.000
Reading placer database...
Read Device Cache: Time (s): cpu = 00:00:00 ; elapsed = 00:00:00.047 . Memory (MB): peak = 1648.574 ; gain = 0.000
Read PlaceDB: Time (s): cpu = 00:00:00 ; elapsed = 00:00:00 . Memory (MB): peak = 1648.574 ; gain = 0.000
Read placeStorage: Time (s): cpu = 00:00:01 ; elapsed = 00:00:00.763 . Memory (MB): peak = 1648.574 ; gain = 0.000
Read PulsedLatchDB: Time (s): cpu = 00:00:00 ; elapsed = 00:00:00.001 . Memory (MB): peak = 1648.574 ; gain = 0.000
Reading routing.
Read RouteStorage: Time (s): cpu = 00:00:00 ; elapsed = 00:00:00.262 . Memory (MB): peak = 1648.574 ; gain = 0.000
Read Physdb Files: Time (s): cpu = 00:00:01 ; elapsed = 00:00:01 . Memory (MB): peak = 1648.574 ; gain = 0.000
Restored from archive | CPU: 2.000000 secs | Memory: 0.000000 MB |
Finished XDEF File Restore: Time (s): cpu = 00:00:01 ; elapsed = 00:00:01 . Memory (MB): peak = 1648.574 ; gain = 0.000
Netlist sorting complete. Time (s): cpu = 00:00:00 ; elapsed = 00:00:00.015 . Memory (MB): peak = 1648.574 ; gain = 0.000
INFO: [Project 1-111] Unisim Transformation Summary:
  A total of 10 instances were transformed.
  RAM32M => RAM32M (RAMD32(x6), RAMS32(x2)): 4 instances
  RAM64M => RAM64M (RAMD64E(x4)): 6 instances

open_run: Time (s): cpu = 00:00:37 ; elapsed = 00:00:43 . Memory (MB): peak = 1648.574 ; gain = 922.531
get_timing_paths: Time (s): cpu = 00:00:12 ; elapsed = 00:00:08 . Memory (MB): peak = 1670.547 ; gain = 21.973
# set wns [get_property SLACK [get_timing_paths -max_paths 1 -nworst 1 -setup]]
# set whs [get_property SLACK [get_timing_paths -max_paths 1 -nworst 1 -hold]]
# puts "TIMING: WNS=${wns}ns WHS=${whs}ns (?�� ?�� ?��?��?��?�� met)"
TIMING: WNS=0.715ns WHS=0.007ns (?�� ?�� ?��?��?��?�� met)
# write_hw_platform -fixed -include_bit -force $XSA
INFO: [Projectvivado 1-1918] Creating Hardware Platform: C:/Users/user/Desktop/project/BARN_AI_FPGA_PL/BARN_AI/image_block_wrapper.xsa ...
WARNING: [Projectvivado 1-645] Board images not set in Hardware Platform.
INFO: [Projectvivado 1-1943] The Hardware Platform can be used for Hardware
INFO: [Projectvivado 1-1941] Successfully created Hardware Platform: C:/Users/user/Desktop/project/BARN_AI_FPGA_PL/BARN_AI/image_block_wrapper.xsa
INFO: [Hsi 55-2053] elapsed time for repository (C:/AMDDesignTools/2025.2/Vivado/data/embeddedsw) loading 11 seconds
write_hw_platform: Time (s): cpu = 00:00:10 ; elapsed = 00:00:43 . Memory (MB): peak = 1901.285 ; gain = 230.738
# puts "== XSA EXPORTED: $XSA =="
== XSA EXPORTED: C:/Users/user/Desktop/project/BARN_AI_FPGA_PL/BARN_AI/image_block_wrapper.xsa ==
# close_project
# exit
INFO: [Common 17-206] Exiting Vivado at Sun Jul 26 20:57:49 2026...
