
****** Vivado v2025.2 (64-bit)
  **** SW Build 6299465 on Fri Nov 14 19:35:11 GMT 2025
  **** IP Build 6300035 on Fri Nov 14 10:48:45 MST 2025
  **** SharedData Build 6298862 on Thu Nov 13 04:50:51 MST 2025
  **** Start of session at: Fri Jul 24 20:37:02 2026
    ** Copyright 1986-2022 Xilinx, Inc. All Rights Reserved.
    ** Copyright 2022-2025 Advanced Micro Devices, Inc. All Rights Reserved.

source rebuild_bd_step5.tcl
# set ROOT "C:/Users/user/Desktop/project"
# set PROJ "$ROOT/BARN_AI_FPGA_PL/BARN_AI/BARN AI.xpr"
# set RTL  "$ROOT/FPGA_practice/rtl"
# set DUMP3 "$ROOT/BARN_AI_FPGA_PL/scripts/bd_after_regfile.tcl"
# set DUMP5 "$ROOT/BARN_AI_FPGA_PL/scripts/bd_after_step5.tcl"
# open_project $PROJ
CRITICAL WARNING: [Project 1-19] Could not find the file 'C:/Users/user/Desktop/project/BARN_AI_FPGA_PL/BARN_AI/BARN AI.srcs/sources_1/bd/image_block/image_block.bd'.
Scanning sources...
Finished scanning sources
WARNING: [Board 49-26] cannot add Board Part xilinx.com:emb-plus-vpr-4616:part0:1.0 available at C:/AMDDesignTools/2025.2/data/xhub/boards\XilinxBoardStore\boards\Xilinx\emb-plus-vpr-4616\1.0\board.xml as part xcve2302-sfva784-2mp-e-s specified in board_part file is either invalid or not available
WARNING: [Board 49-26] cannot add Board Part xilinx.com:emb-plus-vpr-4616:part0:1.1 available at C:/AMDDesignTools/2025.2/data/xhub/boards\XilinxBoardStore\boards\Xilinx\emb-plus-vpr-4616\1.1\board.xml as part xcve2302-sfva784-2mp-e-s specified in board_part file is either invalid or not available
WARNING: [Board 49-26] cannot add Board Part xilinx.com:kc705:part0:1.6 available at C:/AMDDesignTools/2025.2/data/xhub/boards\XilinxBoardStore\boards\Xilinx\kc705\1.6\board.xml as part xc7k325tffg900-2 specified in board_part file is either invalid or not available
WARNING: [Board 49-26] cannot add Board Part xilinx.com:kc705:part0:1.7 available at C:/AMDDesignTools/2025.2/data/xhub/boards\XilinxBoardStore\boards\Xilinx\kc705\1.7\board.xml as part xc7k325tffg900-2 specified in board_part file is either invalid or not available
WARNING: [Board 49-26] cannot add Board Part xilinx.com:kcu105:part0:1.6 available at C:/AMDDesignTools/2025.2/data/xhub/boards\XilinxBoardStore\boards\Xilinx\kcu105\1.6\board.xml as part xcku040-ffva1156-2-e specified in board_part file is either invalid or not available
WARNING: [Board 49-26] cannot add Board Part xilinx.com:kcu105:part0:1.7 available at C:/AMDDesignTools/2025.2/data/xhub/boards\XilinxBoardStore\boards\Xilinx\kcu105\1.7\board.xml as part xcku040-ffva1156-2-e specified in board_part file is either invalid or not available
WARNING: [Board 49-26] cannot add Board Part xilinx.com:kcu1500:part0:1.2 available at C:/AMDDesignTools/2025.2/data/xhub/boards\XilinxBoardStore\boards\Xilinx\kcu1500\1.2\board.xml as part xcku115-flvb2104-2-e specified in board_part file is either invalid or not available
WARNING: [Board 49-26] cannot add Board Part xilinx.com:v80:part0:1.0 available at C:/AMDDesignTools/2025.2/data/xhub/boards\XilinxBoardStore\boards\Xilinx\v80\1.0\board.xml as part xcv80-lsva4737-2mhp-e-s specified in board_part file is either invalid or not available
WARNING: [Board 49-26] cannot add Board Part xilinx.com:vc707:part0:1.4 available at C:/AMDDesignTools/2025.2/data/xhub/boards\XilinxBoardStore\boards\Xilinx\vc707\1.4\board.xml as part xc7vx485tffg1761-2 specified in board_part file is either invalid or not available
WARNING: [Board 49-26] cannot add Board Part xilinx.com:vc707:part0:1.5 available at C:/AMDDesignTools/2025.2/data/xhub/boards\XilinxBoardStore\boards\Xilinx\vc707\1.5\board.xml as part xc7vx485tffg1761-2 specified in board_part file is either invalid or not available
WARNING: [Board 49-26] cannot add Board Part xilinx.com:vc709:part0:1.8 available at C:/AMDDesignTools/2025.2/data/xhub/boards\XilinxBoardStore\boards\Xilinx\vc709\1.8\board.xml as part xc7vx690tffg1761-2 specified in board_part file is either invalid or not available
WARNING: [Board 49-26] cannot add Board Part xilinx.com:vck190:part0:2.2 available at C:/AMDDesignTools/2025.2/data/xhub/boards\XilinxBoardStore\boards\Xilinx\vck190\production\2.2\board.xml as part xcvc1902-vsva2197-2mp-e-s specified in board_part file is either invalid or not available
WARNING: [Board 49-26] cannot add Board Part xilinx.com:vck190:part0:3.0 available at C:/AMDDesignTools/2025.2/data/xhub/boards\XilinxBoardStore\boards\Xilinx\vck190\production\3.0\board.xml as part xcvc1902-vsva2197-2mp-e-s specified in board_part file is either invalid or not available
WARNING: [Board 49-26] cannot add Board Part xilinx.com:vck190:part0:3.1 available at C:/AMDDesignTools/2025.2/data/xhub/boards\XilinxBoardStore\boards\Xilinx\vck190\production\3.1\board.xml as part xcvc1902-vsva2197-2mp-e-s specified in board_part file is either invalid or not available
WARNING: [Board 49-26] cannot add Board Part xilinx.com:vck190:part0:3.2 available at C:/AMDDesignTools/2025.2/data/xhub/boards\XilinxBoardStore\boards\Xilinx\vck190\production\3.2\board.xml as part xcvc1902-vsva2197-2mp-e-s specified in board_part file is either invalid or not available
WARNING: [Board 49-26] cannot add Board Part xilinx.com:vck190:part0:3.3 available at C:/AMDDesignTools/2025.2/data/xhub/boards\XilinxBoardStore\boards\Xilinx\vck190\production\3.3\board.xml as part xcvc1902-vsva2197-2mp-e-s specified in board_part file is either invalid or not available
WARNING: [Board 49-26] cannot add Board Part xilinx.com:vck190:part0:3.4 available at C:/AMDDesignTools/2025.2/data/xhub/boards\XilinxBoardStore\boards\Xilinx\vck190\production\3.4\board.xml as part xcvc1902-vsva2197-2mp-e-s specified in board_part file is either invalid or not available
WARNING: [Board 49-26] cannot add Board Part xilinx.com:vck190_newl:part0:1.0 available at C:/AMDDesignTools/2025.2/data/xhub/boards\XilinxBoardStore\boards\Xilinx\vck190_newl\production\1.0\board.xml as part xcvc1902-vsva2197-2mp-e-s specified in board_part file is either invalid or not available
WARNING: [Board 49-26] cannot add Board Part xilinx.com:vck190_newl:part0:1.1 available at C:/AMDDesignTools/2025.2/data/xhub/boards\XilinxBoardStore\boards\Xilinx\vck190_newl\production\1.1\board.xml as part xcvc1902-vsva2197-2mp-e-s specified in board_part file is either invalid or not available
WARNING: [Board 49-26] cannot add Board Part xilinx.com:vck190_newl:part0:1.2 available at C:/AMDDesignTools/2025.2/data/xhub/boards\XilinxBoardStore\boards\Xilinx\vck190_newl\production\1.2\board.xml as part xcvc1902-vsva2197-2mp-e-s specified in board_part file is either invalid or not available
WARNING: [Board 49-26] cannot add Board Part xilinx.com:vck190_newl:part0:1.3 available at C:/AMDDesignTools/2025.2/data/xhub/boards\XilinxBoardStore\boards\Xilinx\vck190_newl\production\1.3\board.xml as part xcvc1902-vsva2197-2mp-e-s specified in board_part file is either invalid or not available
WARNING: [Board 49-26] cannot add Board Part xilinx.com:vcu108:part0:1.6 available at C:/AMDDesignTools/2025.2/data/xhub/boards\XilinxBoardStore\boards\Xilinx\vcu108\1.6\board.xml as part xcvu095-ffva2104-2-e specified in board_part file is either invalid or not available
WARNING: [Board 49-26] cannot add Board Part xilinx.com:vcu108:part0:1.7 available at C:/AMDDesignTools/2025.2/data/xhub/boards\XilinxBoardStore\boards\Xilinx\vcu108\1.7\board.xml as part xcvu095-ffva2104-2-e specified in board_part file is either invalid or not available
WARNING: [Board 49-26] cannot add Board Part xilinx.com:vcu110:part0:1.4 available at C:/AMDDesignTools/2025.2/data/xhub/boards\XilinxBoardStore\boards\Xilinx\vcu110\1.4\board.xml as part xcvu190-flgc2104-2-e specified in board_part file is either invalid or not available
WARNING: [Board 49-26] cannot add Board Part xilinx.com:vcu118:part0:2.0 available at C:/AMDDesignTools/2025.2/data/xhub/boards\XilinxBoardStore\boards\Xilinx\vcu118\2.0\board.xml as part xcvu9p-flga2104-2l-e specified in board_part file is either invalid or not available
WARNING: [Board 49-26] cannot add Board Part xilinx.com:vcu118:part0:2.3 available at C:/AMDDesignTools/2025.2/data/xhub/boards\XilinxBoardStore\boards\Xilinx\vcu118\2.3\board.xml as part xcvu9p-flga2104-2l-e specified in board_part file is either invalid or not available
WARNING: [Board 49-26] cannot add Board Part xilinx.com:vcu118:part0:2.4 available at C:/AMDDesignTools/2025.2/data/xhub/boards\XilinxBoardStore\boards\Xilinx\vcu118\2.4\board.xml as part xcvu9p-flga2104-2l-e specified in board_part file is either invalid or not available
WARNING: [Board 49-26] cannot add Board Part xilinx.com:vcu128:part0:1.0 available at C:/AMDDesignTools/2025.2/data/xhub/boards\XilinxBoardStore\boards\Xilinx\vcu128\production\1.0\board.xml as part xcvu37p-fsvh2892-2l-e specified in board_part file is either invalid or not available
WARNING: [Board 49-26] cannot add Board Part xilinx.com:vcu129:part0:1.0 available at C:/AMDDesignTools/2025.2/data/xhub/boards\XilinxBoardStore\boards\Xilinx\vcu129\production\1.0\board.xml as part xcvu29p-fsga2577-2l-e specified in board_part file is either invalid or not available
WARNING: [Board 49-26] cannot add Board Part xilinx.com:vcu1525:part0:1.3 available at C:/AMDDesignTools/2025.2/data/xhub/boards\XilinxBoardStore\boards\Xilinx\vcu1525\1.3\board.xml as part xcvu9p-fsgd2104-2l-e specified in board_part file is either invalid or not available
WARNING: [Board 49-26] cannot add Board Part xilinx.com:vek280:part0:1.0 available at C:/AMDDesignTools/2025.2/data/xhub/boards\XilinxBoardStore\boards\Xilinx\vek280\production\1.0\board.xml as part xcve2802-vsvh1760-2mp-e-s specified in board_part file is either invalid or not available
WARNING: [Board 49-26] cannot add Board Part xilinx.com:vek280:part0:1.1 available at C:/AMDDesignTools/2025.2/data/xhub/boards\XilinxBoardStore\boards\Xilinx\vek280\production\1.1\board.xml as part xcve2802-vsvh1760-2mp-e-s specified in board_part file is either invalid or not available
WARNING: [Board 49-26] cannot add Board Part xilinx.com:vek280:part0:1.2 available at C:/AMDDesignTools/2025.2/data/xhub/boards\XilinxBoardStore\boards\Xilinx\vek280\production\1.2\board.xml as part xcve2802-vsvh1760-2mp-e-s specified in board_part file is either invalid or not available
WARNING: [Board 49-26] cannot add Board Part xilinx.com:vek385:part0:1.0 available at C:/AMDDesignTools/2025.2/data/xhub/boards\XilinxBoardStore\boards\Xilinx\vek385\1.0\board.xml as part xc2ve3858-ssva2112-2mp-e-s specified in board_part file is either invalid or not available
WARNING: [Board 49-26] cannot add Board Part xilinx.com:vek385:part0:1.1 available at C:/AMDDesignTools/2025.2/data/xhub/boards\XilinxBoardStore\boards\Xilinx\vek385\1.1\board.xml as part xc2ve3858-ssva2112-2mp-e-s specified in board_part file is either invalid or not available
WARNING: [Board 49-26] cannot add Board Part xilinx.com:vek385_1:part0:1.0 available at C:/AMDDesignTools/2025.2/data/xhub/boards\XilinxBoardStore\boards\Xilinx\vek385_2\1.0\board.xml as part xc2ve3858-ssva2112-2mp-e-s specified in board_part file is either invalid or not available
WARNING: [Board 49-26] cannot add Board Part xilinx.com:vermeo_t1_mpsoc:part0:1.0 available at C:/AMDDesignTools/2025.2/data/xhub/boards\XilinxBoardStore\boards\Xilinx\vermeo_t1_mpsoc\1.0\board.xml as part xczu19eg-ffvd1760-2l-e specified in board_part file is either invalid or not available
WARNING: [Board 49-26] cannot add Board Part xilinx.com:vermeo_t1_rfsoc:part0:1.0 available at C:/AMDDesignTools/2025.2/data/xhub/boards\XilinxBoardStore\boards\Xilinx\vermeo_t1_rfsoc\1.0\board.xml as part xczu21dr-ffvd1156-2l-e specified in board_part file is either invalid or not available
WARNING: [Board 49-26] cannot add Board Part xilinx.com:vhk158:part0:1.0 available at C:/AMDDesignTools/2025.2/data/xhub/boards\XilinxBoardStore\boards\Xilinx\vhk158\production\1.0\board.xml as part xcvh1582-vsva3697-2mp-e-s specified in board_part file is either invalid or not available
WARNING: [Board 49-26] cannot add Board Part xilinx.com:vhk158:part0:1.1 available at C:/AMDDesignTools/2025.2/data/xhub/boards\XilinxBoardStore\boards\Xilinx\vhk158\production\1.1\board.xml as part xcvh1582-vsva3697-2mp-e-s specified in board_part file is either invalid or not available
WARNING: [Board 49-26] cannot add Board Part xilinx.com:vhk158:part0:1.2 available at C:/AMDDesignTools/2025.2/data/xhub/boards\XilinxBoardStore\boards\Xilinx\vhk158\production\1.2\board.xml as part xcvh1582-vsva3697-2mp-e-s specified in board_part file is either invalid or not available
WARNING: [Board 49-26] cannot add Board Part xilinx.com:vmk180:part0:2.2 available at C:/AMDDesignTools/2025.2/data/xhub/boards\XilinxBoardStore\boards\Xilinx\vmk180\production\2.2\board.xml as part xcvm1802-vsva2197-2mp-e-s specified in board_part file is either invalid or not available
WARNING: [Board 49-26] cannot add Board Part xilinx.com:vmk180:part0:3.0 available at C:/AMDDesignTools/2025.2/data/xhub/boards\XilinxBoardStore\boards\Xilinx\vmk180\production\3.0\board.xml as part xcvm1802-vsva2197-2mp-e-s specified in board_part file is either invalid or not available
WARNING: [Board 49-26] cannot add Board Part xilinx.com:vmk180:part0:3.1 available at C:/AMDDesignTools/2025.2/data/xhub/boards\XilinxBoardStore\boards\Xilinx\vmk180\production\3.1\board.xml as part xcvm1802-vsva2197-2mp-e-s specified in board_part file is either invalid or not available
WARNING: [Board 49-26] cannot add Board Part xilinx.com:vmk180:part0:3.2 available at C:/AMDDesignTools/2025.2/data/xhub/boards\XilinxBoardStore\boards\Xilinx\vmk180\production\3.2\board.xml as part xcvm1802-vsva2197-2mp-e-s specified in board_part file is either invalid or not available
WARNING: [Board 49-26] cannot add Board Part xilinx.com:vmk180:part0:3.3 available at C:/AMDDesignTools/2025.2/data/xhub/boards\XilinxBoardStore\boards\Xilinx\vmk180\production\3.3\board.xml as part xcvm1802-vsva2197-2mp-e-s specified in board_part file is either invalid or not available
WARNING: [Board 49-26] cannot add Board Part xilinx.com:vmk180_newl:part0:1.0 available at C:/AMDDesignTools/2025.2/data/xhub/boards\XilinxBoardStore\boards\Xilinx\vmk180_newl\production\1.0\board.xml as part xcvm1802-vsva2197-2mp-e-s specified in board_part file is either invalid or not available
WARNING: [Board 49-26] cannot add Board Part xilinx.com:vmk180_newl:part0:1.1 available at C:/AMDDesignTools/2025.2/data/xhub/boards\XilinxBoardStore\boards\Xilinx\vmk180_newl\production\1.1\board.xml as part xcvm1802-vsva2197-2mp-e-s specified in board_part file is either invalid or not available
WARNING: [Board 49-26] cannot add Board Part xilinx.com:vpk120:part0:1.0 available at C:/AMDDesignTools/2025.2/data/xhub/boards\XilinxBoardStore\boards\Xilinx\vpk120\production\1.0\board.xml as part xcvp1202-vsva2785-2mp-e-s specified in board_part file is either invalid or not available
WARNING: [Board 49-26] cannot add Board Part xilinx.com:vpk120:part0:1.1 available at C:/AMDDesignTools/2025.2/data/xhub/boards\XilinxBoardStore\boards\Xilinx\vpk120\production\1.1\board.xml as part xcvp1202-vsva2785-2mp-e-s specified in board_part file is either invalid or not available
WARNING: [Board 49-26] cannot add Board Part xilinx.com:vpk120:part0:1.2 available at C:/AMDDesignTools/2025.2/data/xhub/boards\XilinxBoardStore\boards\Xilinx\vpk120\production\1.2\board.xml as part xcvp1202-vsva2785-2mp-e-s specified in board_part file is either invalid or not available
WARNING: [Board 49-26] cannot add Board Part xilinx.com:vpk180:part0:1.0 available at C:/AMDDesignTools/2025.2/data/xhub/boards\XilinxBoardStore\boards\Xilinx\vpk180\production\1.0\board.xml as part xcvp1802-lsvc4072-2mp-e-s specified in board_part file is either invalid or not available
WARNING: [Board 49-26] cannot add Board Part xilinx.com:vpk180:part0:1.1 available at C:/AMDDesignTools/2025.2/data/xhub/boards\XilinxBoardStore\boards\Xilinx\vpk180\production\1.1\board.xml as part xcvp1802-lsvc4072-2mp-e-s specified in board_part file is either invalid or not available
WARNING: [Board 49-26] cannot add Board Part xilinx.com:vpk180:part0:1.2 available at C:/AMDDesignTools/2025.2/data/xhub/boards\XilinxBoardStore\boards\Xilinx\vpk180\production\1.2\board.xml as part xcvp1802-lsvc4072-2mp-e-s specified in board_part file is either invalid or not available
WARNING: [Board 49-26] cannot add Board Part xilinx.com:vrk160:part0:1.0 available at C:/AMDDesignTools/2025.2/data/xhub/boards\XilinxBoardStore\boards\Xilinx\vrk160\1.0\board.xml as part xcvr1602-vsva2488-2mp-e-s-es1 specified in board_part file is either invalid or not available
WARNING: [Board 49-26] cannot add Board Part xilinx.com:vrk160:part0:1.1 available at C:/AMDDesignTools/2025.2/data/xhub/boards\XilinxBoardStore\boards\Xilinx\vrk160\1.1\board.xml as part xcvr1602-vsva2488-2mp-e-s-es1 specified in board_part file is either invalid or not available
WARNING: [Board 49-26] cannot add Board Part xilinx.com:zc706:part0:1.4 available at C:/AMDDesignTools/2025.2/data/xhub/boards\XilinxBoardStore\boards\Xilinx\zc706\1.4\board.xml as part xc7z045ffg900-2 specified in board_part file is either invalid or not available
WARNING: [Board 49-26] cannot add Board Part xilinx.com:zc706:part0:1.5 available at C:/AMDDesignTools/2025.2/data/xhub/boards\XilinxBoardStore\boards\Xilinx\zc706\1.5\board.xml as part xc7z045ffg900-2 specified in board_part file is either invalid or not available
WARNING: [Board 49-26] cannot add Board Part xilinx.com:zcu102:part0:3.3 available at C:/AMDDesignTools/2025.2/data/xhub/boards\XilinxBoardStore\boards\Xilinx\zcu102\3.3\board.xml as part xczu9eg-ffvb1156-2-e specified in board_part file is either invalid or not available
WARNING: [Board 49-26] cannot add Board Part xilinx.com:zcu102:part0:3.4 available at C:/AMDDesignTools/2025.2/data/xhub/boards\XilinxBoardStore\boards\Xilinx\zcu102\3.4\board.xml as part xczu9eg-ffvb1156-2-e specified in board_part file is either invalid or not available
WARNING: [Board 49-26] cannot add Board Part xilinx.com:zcu111:part0:1.2 available at C:/AMDDesignTools/2025.2/data/xhub/boards\XilinxBoardStore\boards\Xilinx\zcu111\1.2\board.xml as part xczu28dr-ffvg1517-2-e specified in board_part file is either invalid or not available
WARNING: [Board 49-26] cannot add Board Part xilinx.com:zcu111:part0:1.3 available at C:/AMDDesignTools/2025.2/data/xhub/boards\XilinxBoardStore\boards\Xilinx\zcu111\1.3\board.xml as part xczu28dr-ffvg1517-2-e specified in board_part file is either invalid or not available
WARNING: [Board 49-26] cannot add Board Part xilinx.com:zcu111:part0:1.4 available at C:/AMDDesignTools/2025.2/data/xhub/boards\XilinxBoardStore\boards\Xilinx\zcu111\1.4\board.xml as part xczu28dr-ffvg1517-2-e specified in board_part file is either invalid or not available
WARNING: [Board 49-26] cannot add Board Part xilinx.com:zcu1275:part0:1.0 available at C:/AMDDesignTools/2025.2/data/xhub/boards\XilinxBoardStore\boards\Xilinx\zcu1275\1.0\board.xml as part xczu29dr-ffvf1760-2-e specified in board_part file is either invalid or not available
WARNING: [Board 49-26] cannot add Board Part xilinx.com:zcu1285:part0:1.0 available at C:/AMDDesignTools/2025.2/data/xhub/boards\XilinxBoardStore\boards\Xilinx\zcu1285\1.0\board.xml as part xczu39dr-ffvf1760-2-i specified in board_part file is either invalid or not available
WARNING: [Board 49-26] cannot add Board Part xilinx.com:zcu208:part0:2.0 available at C:/AMDDesignTools/2025.2/data/xhub/boards\XilinxBoardStore\boards\Xilinx\zcu208\production\2.0\board.xml as part xczu48dr-fsvg1517-2-e specified in board_part file is either invalid or not available
WARNING: [Board 49-26] cannot add Board Part xilinx.com:zcu208ld:part0:2.0 available at C:/AMDDesignTools/2025.2/data/xhub/boards\XilinxBoardStore\boards\Xilinx\zcu208ld\production\2.0\board.xml as part xczu58dr-fsvg1517-2-i specified in board_part file is either invalid or not available
WARNING: [Board 49-26] cannot add Board Part xilinx.com:zcu216:part0:2.0 available at C:/AMDDesignTools/2025.2/data/xhub/boards\XilinxBoardStore\boards\Xilinx\zcu216\production\2.0\board.xml as part xczu49dr-ffvf1760-2-e specified in board_part file is either invalid or not available
WARNING: [Board 49-26] cannot add Board Part xilinx.com:zcu216ld:part0:2.0 available at C:/AMDDesignTools/2025.2/data/xhub/boards\XilinxBoardStore\boards\Xilinx\zcu216ld\production\2.0\board.xml as part xczu59dr-ffvf1760-2-i specified in board_part file is either invalid or not available
WARNING: [Board 49-26] cannot add Board Part xilinx.com:zcu670:part0:2.0 available at C:/AMDDesignTools/2025.2/data/xhub/boards\XilinxBoardStore\boards\Xilinx\zcu670\2.0\board.xml as part xczu67dr-fsve1156-2-i specified in board_part file is either invalid or not available
WARNING: [Board 49-26] cannot add Board Part xilinx.com:zcu670ld:part0:1.0 available at C:/AMDDesignTools/2025.2/data/xhub/boards\XilinxBoardStore\boards\Xilinx\zcu670ld\1.0\board.xml as part xczu57dr-fsve1156-2-i specified in board_part file is either invalid or not available
WARNING: [Project 1-533] File 'C:/Users/user/Desktop/project/BARN_AI_FPGA_PL/BARN_AI/BARN AI.srcs/sources_1/bd/image_block/ip\image_block_axi_smc_0\image_block_axi_smc_0.xci' could not be found in the subdesign 'C:/Users/user/Desktop/project/BARN_AI_FPGA_PL/BARN_AI/BARN AI.srcs/sources_1/bd/image_block/image_block.bd', but fileset 'image_block_axi_smc_0' still exists. The fileset and corresponding run(s) will be deleted the next time top-level synthesis is run.
WARNING: [Project 1-533] File 'C:/Users/user/Desktop/project/BARN_AI_FPGA_PL/BARN_AI/BARN AI.srcs/sources_1/bd/image_block/ip\image_block_axi_vdma_0_0\image_block_axi_vdma_0_0.xci' could not be found in the subdesign 'C:/Users/user/Desktop/project/BARN_AI_FPGA_PL/BARN_AI/BARN AI.srcs/sources_1/bd/image_block/image_block.bd', but fileset 'image_block_axi_vdma_0_0' still exists. The fileset and corresponding run(s) will be deleted the next time top-level synthesis is run.
WARNING: [Project 1-533] File 'C:/Users/user/Desktop/project/BARN_AI_FPGA_PL/BARN_AI/BARN AI.srcs/sources_1/bd/image_block/ip\image_block_processing_system7_0_0\image_block_processing_system7_0_0.xci' could not be found in the subdesign 'C:/Users/user/Desktop/project/BARN_AI_FPGA_PL/BARN_AI/BARN AI.srcs/sources_1/bd/image_block/image_block.bd', but fileset 'image_block_processing_system7_0_0' still exists. The fileset and corresponding run(s) will be deleted the next time top-level synthesis is run.
WARNING: [Project 1-533] File 'C:/Users/user/Desktop/project/BARN_AI_FPGA_PL/BARN_AI/BARN AI.srcs/sources_1/bd/image_block/ip\image_block_rst_ps7_0_100M_0\image_block_rst_ps7_0_100M_0.xci' could not be found in the subdesign 'C:/Users/user/Desktop/project/BARN_AI_FPGA_PL/BARN_AI/BARN AI.srcs/sources_1/bd/image_block/image_block.bd', but fileset 'image_block_rst_ps7_0_100M_0' still exists. The fileset and corresponding run(s) will be deleted the next time top-level synthesis is run.
open_project: Time (s): cpu = 00:00:36 ; elapsed = 00:01:17 . Memory (MB): peak = 572.852 ; gain = 241.246
# foreach f {axis_demosaic.v axis_gamma.v axis_vid_mux.v} {
#     if {[get_files -quiet $f] eq ""} { add_files -norecurse "$RTL/$f" }
# }
# update_compile_order -fileset sources_1
# set oldbd [get_files -quiet image_block.bd]
# if {$oldbd ne ""} { remove_files $oldbd }
# source $DUMP3
## namespace eval _tcl {
## proc get_script_folder {} {
##    set script_path [file normalize [info script]]
##    set script_folder [file dirname $script_path]
##    return $script_folder
## }
## }
## variable script_folder
## set script_folder [_tcl::get_script_folder]
## set scripts_vivado_version 2025.2
## set current_vivado_version [version -short]
## if { [string first $scripts_vivado_version $current_vivado_version] == -1 } {
##    puts ""
##    if { [string compare $scripts_vivado_version $current_vivado_version] > 0 } {
##       catch {common::send_gid_msg -ssname BD::TCL -id 2042 -severity "ERROR" " This script was generated using Vivado <$scripts_vivado_version> and is being run in <$current_vivado_version> of Vivado. Sourcing the script failed since it was created with a future version of Vivado."}
## 
##    } else {
##      catch {common::send_gid_msg -ssname BD::TCL -id 2041 -severity "ERROR" "This script was generated using Vivado <$scripts_vivado_version> and is being run in <$current_vivado_version> of Vivado. Please run the script in Vivado <$scripts_vivado_version> then open the design in Vivado <$current_vivado_version>. Upgrade the design by running \"Tools => Report => Report IP Status...\", then run write_bd_tcl to create an updated script."}
## 
##    }
## 
##    return 1
## }
## set list_projs [get_projects -quiet]
## if { $list_projs eq "" } {
##    create_project project_1 myproj -part xc7z020clg400-1
##    set_property BOARD_PART digilentinc.com:zybo-z7-20:part0:1.2 [current_project]
## }
## variable design_name
## set design_name image_block
## set errMsg ""
## set nRet 0
## set cur_design [current_bd_design -quiet]
## set list_cells [get_bd_cells -quiet]
## if { ${design_name} eq "" } {
##    # USE CASES:
##    #    1) Design_name not set
## 
##    set errMsg "Please set the variable <design_name> to a non-empty value."
##    set nRet 1
## 
## } elseif { ${cur_design} ne "" && ${list_cells} eq "" } {
##    # USE CASES:
##    #    2): Current design opened AND is empty AND names same.
##    #    3): Current design opened AND is empty AND names diff; design_name NOT in project.
##    #    4): Current design opened AND is empty AND names diff; design_name exists in project.
## 
##    if { $cur_design ne $design_name } {
##       common::send_gid_msg -ssname BD::TCL -id 2001 -severity "INFO" "Changing value of <design_name> from <$design_name> to <$cur_design> since current design is empty."
##       set design_name [get_property NAME $cur_design]
##    }
##    common::send_gid_msg -ssname BD::TCL -id 2002 -severity "INFO" "Constructing design in IPI design <$cur_design>..."
## 
## } elseif { ${cur_design} ne "" && $list_cells ne "" && $cur_design eq $design_name } {
##    # USE CASES:
##    #    5) Current design opened AND has components AND same names.
## 
##    set errMsg "Design <$design_name> already exists in your project, please set the variable <design_name> to another value."
##    set nRet 1
## } elseif { [get_files -quiet ${design_name}.bd] ne "" } {
##    # USE CASES: 
##    #    6) Current opened design, has components, but diff names, design_name exists in project.
##    #    7) No opened design, design_name exists in project.
## 
##    set errMsg "Design <$design_name> already exists in your project, please set the variable <design_name> to another value."
##    set nRet 2
## 
## } else {
##    # USE CASES:
##    #    8) No opened design, design_name not in project.
##    #    9) Current opened design, has components, but diff names, design_name not in project.
## 
##    common::send_gid_msg -ssname BD::TCL -id 2003 -severity "INFO" "Currently there is no design <$design_name> in project, so creating one..."
## 
##    create_bd_design $design_name
## 
##    common::send_gid_msg -ssname BD::TCL -id 2004 -severity "INFO" "Making design <$design_name> as current_bd_design."
##    current_bd_design $design_name
## 
## }
INFO: [BD::TCL 103-2003] Currently there is no design <image_block> in project, so creating one...
Wrote  : <C:\Users\user\Desktop\project\BARN_AI_FPGA_PL\BARN_AI\BARN AI.srcs\sources_1\bd\image_block\image_block.bd> 
create_bd_design: Time (s): cpu = 00:00:03 ; elapsed = 00:00:13 . Memory (MB): peak = 606.133 ; gain = 24.805
INFO: [BD::TCL 103-2004] Making design <image_block> as current_bd_design.
## common::send_gid_msg -ssname BD::TCL -id 2005 -severity "INFO" "Currently the variable <design_name> is equal to \"$design_name\"."
INFO: [BD::TCL 103-2005] Currently the variable <design_name> is equal to "image_block".
## if { $nRet != 0 } {
##    catch {common::send_gid_msg -ssname BD::TCL -id 2006 -severity "ERROR" $errMsg}
##    return $nRet
## }
## set bCheckIPsPassed 1
## set bCheckIPs 1
## if { $bCheckIPs == 1 } {
##    set list_check_ips "\ 
## xilinx.com:ip:processing_system7:5.5\
## xilinx.com:ip:axi_vdma:6.3\
## xilinx.com:ip:smartconnect:1.0\
## xilinx.com:ip:proc_sys_reset:5.0\
## xilinx.com:ip:xlconstant:1.1\
## "
## 
##    set list_ips_missing ""
##    common::send_gid_msg -ssname BD::TCL -id 2011 -severity "INFO" "Checking if the following IPs exist in the project's IP catalog: $list_check_ips ."
## 
##    foreach ip_vlnv $list_check_ips {
##       set ip_obj [get_ipdefs -all $ip_vlnv]
##       if { $ip_obj eq "" } {
##          lappend list_ips_missing $ip_vlnv
##       }
##    }
## 
##    if { $list_ips_missing ne "" } {
##       catch {common::send_gid_msg -ssname BD::TCL -id 2012 -severity "ERROR" "The following IPs are not found in the IP Catalog:\n  $list_ips_missing\n\nResolution: Please add the repository containing the IP(s) to the project." }
##       set bCheckIPsPassed 0
##    }
## 
## }
INFO: [BD::TCL 103-2011] Checking if the following IPs exist in the project's IP catalog:  
xilinx.com:ip:processing_system7:5.5 xilinx.com:ip:axi_vdma:6.3 xilinx.com:ip:smartconnect:1.0 xilinx.com:ip:proc_sys_reset:5.0 xilinx.com:ip:xlconstant:1.1  .
## set bCheckModules 1
## if { $bCheckModules == 1 } {
##    set list_check_mods "\ 
## axis_tpg\
## axil_regfile\
## "
## 
##    set list_mods_missing ""
##    common::send_gid_msg -ssname BD::TCL -id 2020 -severity "INFO" "Checking if the following modules exist in the project's sources: $list_check_mods ."
## 
##    foreach mod_vlnv $list_check_mods {
##       if { [can_resolve_reference $mod_vlnv] == 0 } {
##          lappend list_mods_missing $mod_vlnv
##       }
##    }
## 
##    if { $list_mods_missing ne "" } {
##       catch {common::send_gid_msg -ssname BD::TCL -id 2021 -severity "ERROR" "The following module(s) are not found in the project: $list_mods_missing" }
##       common::send_gid_msg -ssname BD::TCL -id 2022 -severity "INFO" "Please add source files for the missing module(s) above."
##       set bCheckIPsPassed 0
##    }
## }
INFO: [BD::TCL 103-2020] Checking if the following modules exist in the project's sources:  
axis_tpg axil_regfile  .
## if { $bCheckIPsPassed != 1 } {
##   common::send_gid_msg -ssname BD::TCL -id 2023 -severity "WARNING" "Will not continue with creation of design due to the error(s) above."
##   return 3
## }
## proc create_root_design { parentCell } {
## 
##   variable script_folder
##   variable design_name
## 
##   if { $parentCell eq "" } {
##      set parentCell [get_bd_cells /]
##   }
## 
##   # Get object for parentCell
##   set parentObj [get_bd_cells $parentCell]
##   if { $parentObj == "" } {
##      catch {common::send_gid_msg -ssname BD::TCL -id 2090 -severity "ERROR" "Unable to find parent cell <$parentCell>!"}
##      return
##   }
## 
##   # Make sure parentObj is hier blk
##   set parentType [get_property TYPE $parentObj]
##   if { $parentType ne "hier" } {
##      catch {common::send_gid_msg -ssname BD::TCL -id 2091 -severity "ERROR" "Parent <$parentObj> has TYPE = <$parentType>. Expected to be <hier>."}
##      return
##   }
## 
##   # Save current instance; Restore later
##   set oldCurInst [current_bd_instance .]
## 
##   # Set parent object as current
##   current_bd_instance $parentObj
## 
## 
##   # Create interface ports
##   set DDR [ create_bd_intf_port -mode Master -vlnv xilinx.com:interface:ddrx_rtl:1.0 DDR ]
## 
##   set FIXED_IO [ create_bd_intf_port -mode Master -vlnv xilinx.com:display_processing_system7:fixedio_rtl:1.0 FIXED_IO ]
## 
## 
##   # Create ports
## 
##   # Create instance: processing_system7_0, and set properties
##   set processing_system7_0 [ create_bd_cell -type ip -vlnv xilinx.com:ip:processing_system7:5.5 processing_system7_0 ]
##   set_property -dict [list \
##     CONFIG.PCW_ACT_APU_PERIPHERAL_FREQMHZ {666.666687} \
##     CONFIG.PCW_ACT_CAN_PERIPHERAL_FREQMHZ {10.000000} \
##     CONFIG.PCW_ACT_DCI_PERIPHERAL_FREQMHZ {10.158730} \
##     CONFIG.PCW_ACT_ENET0_PERIPHERAL_FREQMHZ {125.000000} \
##     CONFIG.PCW_ACT_ENET1_PERIPHERAL_FREQMHZ {10.000000} \
##     CONFIG.PCW_ACT_FPGA0_PERIPHERAL_FREQMHZ {100.000000} \
##     CONFIG.PCW_ACT_FPGA1_PERIPHERAL_FREQMHZ {10.000000} \
##     CONFIG.PCW_ACT_FPGA2_PERIPHERAL_FREQMHZ {10.000000} \
##     CONFIG.PCW_ACT_FPGA3_PERIPHERAL_FREQMHZ {10.000000} \
##     CONFIG.PCW_ACT_PCAP_PERIPHERAL_FREQMHZ {200.000000} \
##     CONFIG.PCW_ACT_QSPI_PERIPHERAL_FREQMHZ {200.000000} \
##     CONFIG.PCW_ACT_SDIO_PERIPHERAL_FREQMHZ {50.000000} \
##     CONFIG.PCW_ACT_SMC_PERIPHERAL_FREQMHZ {10.000000} \
##     CONFIG.PCW_ACT_SPI_PERIPHERAL_FREQMHZ {10.000000} \
##     CONFIG.PCW_ACT_TPIU_PERIPHERAL_FREQMHZ {200.000000} \
##     CONFIG.PCW_ACT_TTC0_CLK0_PERIPHERAL_FREQMHZ {111.111115} \
##     CONFIG.PCW_ACT_TTC0_CLK1_PERIPHERAL_FREQMHZ {111.111115} \
##     CONFIG.PCW_ACT_TTC0_CLK2_PERIPHERAL_FREQMHZ {111.111115} \
##     CONFIG.PCW_ACT_TTC1_CLK0_PERIPHERAL_FREQMHZ {111.111115} \
##     CONFIG.PCW_ACT_TTC1_CLK1_PERIPHERAL_FREQMHZ {111.111115} \
##     CONFIG.PCW_ACT_TTC1_CLK2_PERIPHERAL_FREQMHZ {111.111115} \
##     CONFIG.PCW_ACT_UART_PERIPHERAL_FREQMHZ {100.000000} \
##     CONFIG.PCW_ACT_WDT_PERIPHERAL_FREQMHZ {111.111115} \
##     CONFIG.PCW_APU_CLK_RATIO_ENABLE {6:2:1} \
##     CONFIG.PCW_APU_PERIPHERAL_FREQMHZ {666.666666} \
##     CONFIG.PCW_CLK0_FREQ {100000000} \
##     CONFIG.PCW_CLK1_FREQ {10000000} \
##     CONFIG.PCW_CLK2_FREQ {10000000} \
##     CONFIG.PCW_CLK3_FREQ {10000000} \
##     CONFIG.PCW_CPU_CPU_6X4X_MAX_RANGE {667} \
##     CONFIG.PCW_CPU_PERIPHERAL_CLKSRC {ARM PLL} \
##     CONFIG.PCW_CRYSTAL_PERIPHERAL_FREQMHZ {33.333333} \
##     CONFIG.PCW_DCI_PERIPHERAL_CLKSRC {DDR PLL} \
##     CONFIG.PCW_DCI_PERIPHERAL_FREQMHZ {10.159} \
##     CONFIG.PCW_DDR_PERIPHERAL_CLKSRC {DDR PLL} \
##     CONFIG.PCW_DDR_RAM_HIGHADDR {0x3FFFFFFF} \
##     CONFIG.PCW_ENET0_ENET0_IO {MIO 16 .. 27} \
##     CONFIG.PCW_ENET0_GRP_MDIO_ENABLE {1} \
##     CONFIG.PCW_ENET0_GRP_MDIO_IO {MIO 52 .. 53} \
##     CONFIG.PCW_ENET0_PERIPHERAL_CLKSRC {IO PLL} \
##     CONFIG.PCW_ENET0_PERIPHERAL_ENABLE {1} \
##     CONFIG.PCW_ENET0_PERIPHERAL_FREQMHZ {1000 Mbps} \
##     CONFIG.PCW_ENET0_RESET_ENABLE {0} \
##     CONFIG.PCW_ENET1_PERIPHERAL_CLKSRC {IO PLL} \
##     CONFIG.PCW_ENET1_PERIPHERAL_ENABLE {0} \
##     CONFIG.PCW_ENET_RESET_ENABLE {1} \
##     CONFIG.PCW_ENET_RESET_POLARITY {Active Low} \
##     CONFIG.PCW_ENET_RESET_SELECT {Share reset pin} \
##     CONFIG.PCW_EN_4K_TIMER {0} \
##     CONFIG.PCW_EN_ENET0 {1} \
##     CONFIG.PCW_EN_GPIO {1} \
##     CONFIG.PCW_EN_QSPI {1} \
##     CONFIG.PCW_EN_SDIO0 {1} \
##     CONFIG.PCW_EN_UART1 {1} \
##     CONFIG.PCW_EN_USB0 {1} \
##     CONFIG.PCW_FPGA0_PERIPHERAL_FREQMHZ {100} \
##     CONFIG.PCW_FPGA_FCLK0_ENABLE {1} \
##     CONFIG.PCW_GPIO_MIO_GPIO_ENABLE {1} \
##     CONFIG.PCW_GPIO_MIO_GPIO_IO {MIO} \
##     CONFIG.PCW_GPIO_PERIPHERAL_ENABLE {0} \
##     CONFIG.PCW_I2C_RESET_ENABLE {1} \
##     CONFIG.PCW_IRQ_F2P_MODE {DIRECT} \
##     CONFIG.PCW_MIO_0_IOTYPE {LVCMOS 3.3V} \
##     CONFIG.PCW_MIO_0_PULLUP {enabled} \
##     CONFIG.PCW_MIO_0_SLEW {slow} \
##     CONFIG.PCW_MIO_10_IOTYPE {LVCMOS 3.3V} \
##     CONFIG.PCW_MIO_10_PULLUP {enabled} \
##     CONFIG.PCW_MIO_10_SLEW {slow} \
##     CONFIG.PCW_MIO_11_IOTYPE {LVCMOS 3.3V} \
##     CONFIG.PCW_MIO_11_PULLUP {enabled} \
##     CONFIG.PCW_MIO_11_SLEW {slow} \
##     CONFIG.PCW_MIO_12_IOTYPE {LVCMOS 3.3V} \
##     CONFIG.PCW_MIO_12_PULLUP {enabled} \
##     CONFIG.PCW_MIO_12_SLEW {slow} \
##     CONFIG.PCW_MIO_13_IOTYPE {LVCMOS 3.3V} \
##     CONFIG.PCW_MIO_13_PULLUP {enabled} \
##     CONFIG.PCW_MIO_13_SLEW {slow} \
##     CONFIG.PCW_MIO_14_IOTYPE {LVCMOS 3.3V} \
##     CONFIG.PCW_MIO_14_PULLUP {enabled} \
##     CONFIG.PCW_MIO_14_SLEW {slow} \
##     CONFIG.PCW_MIO_15_IOTYPE {LVCMOS 3.3V} \
##     CONFIG.PCW_MIO_15_PULLUP {enabled} \
##     CONFIG.PCW_MIO_15_SLEW {slow} \
##     CONFIG.PCW_MIO_16_IOTYPE {LVCMOS 1.8V} \
##     CONFIG.PCW_MIO_16_PULLUP {enabled} \
##     CONFIG.PCW_MIO_16_SLEW {fast} \
##     CONFIG.PCW_MIO_17_IOTYPE {LVCMOS 1.8V} \
##     CONFIG.PCW_MIO_17_PULLUP {enabled} \
##     CONFIG.PCW_MIO_17_SLEW {fast} \
##     CONFIG.PCW_MIO_18_IOTYPE {LVCMOS 1.8V} \
##     CONFIG.PCW_MIO_18_PULLUP {enabled} \
##     CONFIG.PCW_MIO_18_SLEW {fast} \
##     CONFIG.PCW_MIO_19_IOTYPE {LVCMOS 1.8V} \
##     CONFIG.PCW_MIO_19_PULLUP {enabled} \
##     CONFIG.PCW_MIO_19_SLEW {fast} \
##     CONFIG.PCW_MIO_1_IOTYPE {LVCMOS 3.3V} \
##     CONFIG.PCW_MIO_1_PULLUP {enabled} \
##     CONFIG.PCW_MIO_1_SLEW {slow} \
##     CONFIG.PCW_MIO_20_IOTYPE {LVCMOS 1.8V} \
##     CONFIG.PCW_MIO_20_PULLUP {enabled} \
##     CONFIG.PCW_MIO_20_SLEW {fast} \
##     CONFIG.PCW_MIO_21_IOTYPE {LVCMOS 1.8V} \
##     CONFIG.PCW_MIO_21_PULLUP {enabled} \
##     CONFIG.PCW_MIO_21_SLEW {fast} \
##     CONFIG.PCW_MIO_22_IOTYPE {LVCMOS 1.8V} \
##     CONFIG.PCW_MIO_22_PULLUP {enabled} \
##     CONFIG.PCW_MIO_22_SLEW {fast} \
##     CONFIG.PCW_MIO_23_IOTYPE {LVCMOS 1.8V} \
##     CONFIG.PCW_MIO_23_PULLUP {enabled} \
##     CONFIG.PCW_MIO_23_SLEW {fast} \
##     CONFIG.PCW_MIO_24_IOTYPE {LVCMOS 1.8V} \
##     CONFIG.PCW_MIO_24_PULLUP {enabled} \
##     CONFIG.PCW_MIO_24_SLEW {fast} \
##     CONFIG.PCW_MIO_25_IOTYPE {LVCMOS 1.8V} \
##     CONFIG.PCW_MIO_25_PULLUP {enabled} \
##     CONFIG.PCW_MIO_25_SLEW {fast} \
##     CONFIG.PCW_MIO_26_IOTYPE {LVCMOS 1.8V} \
##     CONFIG.PCW_MIO_26_PULLUP {enabled} \
##     CONFIG.PCW_MIO_26_SLEW {fast} \
##     CONFIG.PCW_MIO_27_IOTYPE {LVCMOS 1.8V} \
##     CONFIG.PCW_MIO_27_PULLUP {enabled} \
##     CONFIG.PCW_MIO_27_SLEW {fast} \
##     CONFIG.PCW_MIO_28_IOTYPE {LVCMOS 1.8V} \
##     CONFIG.PCW_MIO_28_PULLUP {enabled} \
##     CONFIG.PCW_MIO_28_SLEW {fast} \
##     CONFIG.PCW_MIO_29_IOTYPE {LVCMOS 1.8V} \
##     CONFIG.PCW_MIO_29_PULLUP {enabled} \
##     CONFIG.PCW_MIO_29_SLEW {fast} \
##     CONFIG.PCW_MIO_2_IOTYPE {LVCMOS 3.3V} \
##     CONFIG.PCW_MIO_2_SLEW {slow} \
##     CONFIG.PCW_MIO_30_IOTYPE {LVCMOS 1.8V} \
##     CONFIG.PCW_MIO_30_PULLUP {enabled} \
##     CONFIG.PCW_MIO_30_SLEW {fast} \
##     CONFIG.PCW_MIO_31_IOTYPE {LVCMOS 1.8V} \
##     CONFIG.PCW_MIO_31_PULLUP {enabled} \
##     CONFIG.PCW_MIO_31_SLEW {fast} \
##     CONFIG.PCW_MIO_32_IOTYPE {LVCMOS 1.8V} \
##     CONFIG.PCW_MIO_32_PULLUP {enabled} \
##     CONFIG.PCW_MIO_32_SLEW {fast} \
##     CONFIG.PCW_MIO_33_IOTYPE {LVCMOS 1.8V} \
##     CONFIG.PCW_MIO_33_PULLUP {enabled} \
##     CONFIG.PCW_MIO_33_SLEW {fast} \
##     CONFIG.PCW_MIO_34_IOTYPE {LVCMOS 1.8V} \
##     CONFIG.PCW_MIO_34_PULLUP {enabled} \
##     CONFIG.PCW_MIO_34_SLEW {fast} \
##     CONFIG.PCW_MIO_35_IOTYPE {LVCMOS 1.8V} \
##     CONFIG.PCW_MIO_35_PULLUP {enabled} \
##     CONFIG.PCW_MIO_35_SLEW {fast} \
##     CONFIG.PCW_MIO_36_IOTYPE {LVCMOS 1.8V} \
##     CONFIG.PCW_MIO_36_PULLUP {enabled} \
##     CONFIG.PCW_MIO_36_SLEW {fast} \
##     CONFIG.PCW_MIO_37_IOTYPE {LVCMOS 1.8V} \
##     CONFIG.PCW_MIO_37_PULLUP {enabled} \
##     CONFIG.PCW_MIO_37_SLEW {fast} \
##     CONFIG.PCW_MIO_38_IOTYPE {LVCMOS 1.8V} \
##     CONFIG.PCW_MIO_38_PULLUP {enabled} \
##     CONFIG.PCW_MIO_38_SLEW {fast} \
##     CONFIG.PCW_MIO_39_IOTYPE {LVCMOS 1.8V} \
##     CONFIG.PCW_MIO_39_PULLUP {enabled} \
##     CONFIG.PCW_MIO_39_SLEW {fast} \
##     CONFIG.PCW_MIO_3_IOTYPE {LVCMOS 3.3V} \
##     CONFIG.PCW_MIO_3_SLEW {slow} \
##     CONFIG.PCW_MIO_40_IOTYPE {LVCMOS 1.8V} \
##     CONFIG.PCW_MIO_40_PULLUP {enabled} \
##     CONFIG.PCW_MIO_40_SLEW {slow} \
##     CONFIG.PCW_MIO_41_IOTYPE {LVCMOS 1.8V} \
##     CONFIG.PCW_MIO_41_PULLUP {enabled} \
##     CONFIG.PCW_MIO_41_SLEW {slow} \
##     CONFIG.PCW_MIO_42_IOTYPE {LVCMOS 1.8V} \
##     CONFIG.PCW_MIO_42_PULLUP {enabled} \
##     CONFIG.PCW_MIO_42_SLEW {slow} \
##     CONFIG.PCW_MIO_43_IOTYPE {LVCMOS 1.8V} \
##     CONFIG.PCW_MIO_43_PULLUP {enabled} \
##     CONFIG.PCW_MIO_43_SLEW {slow} \
##     CONFIG.PCW_MIO_44_IOTYPE {LVCMOS 1.8V} \
##     CONFIG.PCW_MIO_44_PULLUP {enabled} \
##     CONFIG.PCW_MIO_44_SLEW {slow} \
##     CONFIG.PCW_MIO_45_IOTYPE {LVCMOS 1.8V} \
##     CONFIG.PCW_MIO_45_PULLUP {enabled} \
##     CONFIG.PCW_MIO_45_SLEW {slow} \
##     CONFIG.PCW_MIO_46_IOTYPE {LVCMOS 1.8V} \
##     CONFIG.PCW_MIO_46_PULLUP {enabled} \
##     CONFIG.PCW_MIO_46_SLEW {slow} \
##     CONFIG.PCW_MIO_47_IOTYPE {LVCMOS 1.8V} \
##     CONFIG.PCW_MIO_47_PULLUP {enabled} \
##     CONFIG.PCW_MIO_47_SLEW {slow} \
##     CONFIG.PCW_MIO_48_IOTYPE {LVCMOS 1.8V} \
##     CONFIG.PCW_MIO_48_PULLUP {enabled} \
##     CONFIG.PCW_MIO_48_SLEW {slow} \
##     CONFIG.PCW_MIO_49_IOTYPE {LVCMOS 1.8V} \
##     CONFIG.PCW_MIO_49_PULLUP {enabled} \
##     CONFIG.PCW_MIO_49_SLEW {slow} \
##     CONFIG.PCW_MIO_4_IOTYPE {LVCMOS 3.3V} \
##     CONFIG.PCW_MIO_4_SLEW {slow} \
##     CONFIG.PCW_MIO_50_IOTYPE {LVCMOS 1.8V} \
##     CONFIG.PCW_MIO_50_PULLUP {enabled} \
##     CONFIG.PCW_MIO_50_SLEW {slow} \
##     CONFIG.PCW_MIO_51_IOTYPE {LVCMOS 1.8V} \
##     CONFIG.PCW_MIO_51_PULLUP {enabled} \
##     CONFIG.PCW_MIO_51_SLEW {slow} \
##     CONFIG.PCW_MIO_52_IOTYPE {LVCMOS 1.8V} \
##     CONFIG.PCW_MIO_52_PULLUP {enabled} \
##     CONFIG.PCW_MIO_52_SLEW {slow} \
##     CONFIG.PCW_MIO_53_IOTYPE {LVCMOS 1.8V} \
##     CONFIG.PCW_MIO_53_PULLUP {enabled} \
##     CONFIG.PCW_MIO_53_SLEW {slow} \
##     CONFIG.PCW_MIO_5_IOTYPE {LVCMOS 3.3V} \
##     CONFIG.PCW_MIO_5_SLEW {slow} \
##     CONFIG.PCW_MIO_6_IOTYPE {LVCMOS 3.3V} \
##     CONFIG.PCW_MIO_6_SLEW {slow} \
##     CONFIG.PCW_MIO_7_IOTYPE {LVCMOS 3.3V} \
##     CONFIG.PCW_MIO_7_SLEW {slow} \
##     CONFIG.PCW_MIO_8_IOTYPE {LVCMOS 3.3V} \
##     CONFIG.PCW_MIO_8_SLEW {slow} \
##     CONFIG.PCW_MIO_9_IOTYPE {LVCMOS 3.3V} \
##     CONFIG.PCW_MIO_9_PULLUP {enabled} \
##     CONFIG.PCW_MIO_9_SLEW {slow} \
##     CONFIG.PCW_MIO_TREE_PERIPHERALS {GPIO#Quad SPI Flash#Quad SPI Flash#Quad SPI Flash#Quad SPI Flash#Quad SPI Flash#Quad SPI Flash#GPIO#Quad SPI Flash#GPIO#GPIO#GPIO#GPIO#GPIO#GPIO#GPIO#Enet 0#Enet 0#Enet\
## 0#Enet 0#Enet 0#Enet 0#Enet 0#Enet 0#Enet 0#Enet 0#Enet 0#Enet 0#USB 0#USB 0#USB 0#USB 0#USB 0#USB 0#USB 0#USB 0#USB 0#USB 0#USB 0#USB 0#SD 0#SD 0#SD 0#SD 0#SD 0#SD 0#USB Reset#SD 0#UART 1#UART 1#GPIO#GPIO#Enet\
## 0#Enet 0} \
##     CONFIG.PCW_MIO_TREE_SIGNALS {gpio[0]#qspi0_ss_b#qspi0_io[0]#qspi0_io[1]#qspi0_io[2]#qspi0_io[3]/HOLD_B#qspi0_sclk#gpio[7]#qspi_fbclk#gpio[9]#gpio[10]#gpio[11]#gpio[12]#gpio[13]#gpio[14]#gpio[15]#tx_clk#txd[0]#txd[1]#txd[2]#txd[3]#tx_ctl#rx_clk#rxd[0]#rxd[1]#rxd[2]#rxd[3]#rx_ctl#data[4]#dir#stp#nxt#data[0]#data[1]#data[2]#data[3]#clk#data[5]#data[6]#data[7]#clk#cmd#data[0]#data[1]#data[2]#data[3]#reset#cd#tx#rx#gpio[50]#gpio[51]#mdc#mdio}\
## \
##     CONFIG.PCW_OVERRIDE_BASIC_CLOCK {0} \
##     CONFIG.PCW_PACKAGE_DDR_BOARD_DELAY0 {0.221} \
##     CONFIG.PCW_PACKAGE_DDR_BOARD_DELAY1 {0.222} \
##     CONFIG.PCW_PACKAGE_DDR_BOARD_DELAY2 {0.217} \
##     CONFIG.PCW_PACKAGE_DDR_BOARD_DELAY3 {0.244} \
##     CONFIG.PCW_PACKAGE_DDR_DQS_TO_CLK_DELAY_0 {-0.050} \
##     CONFIG.PCW_PACKAGE_DDR_DQS_TO_CLK_DELAY_1 {-0.044} \
##     CONFIG.PCW_PACKAGE_DDR_DQS_TO_CLK_DELAY_2 {-0.035} \
##     CONFIG.PCW_PACKAGE_DDR_DQS_TO_CLK_DELAY_3 {-0.100} \
##     CONFIG.PCW_PCAP_PERIPHERAL_CLKSRC {IO PLL} \
##     CONFIG.PCW_PCAP_PERIPHERAL_FREQMHZ {200} \
##     CONFIG.PCW_PJTAG_PERIPHERAL_ENABLE {0} \
##     CONFIG.PCW_PLL_BYPASSMODE_ENABLE {0} \
##     CONFIG.PCW_PRESET_BANK0_VOLTAGE {LVCMOS 3.3V} \
##     CONFIG.PCW_PRESET_BANK1_VOLTAGE {LVCMOS 1.8V} \
##     CONFIG.PCW_QSPI_GRP_FBCLK_ENABLE {1} \
##     CONFIG.PCW_QSPI_GRP_FBCLK_IO {MIO 8} \
##     CONFIG.PCW_QSPI_GRP_IO1_ENABLE {0} \
##     CONFIG.PCW_QSPI_GRP_SINGLE_SS_ENABLE {1} \
##     CONFIG.PCW_QSPI_GRP_SINGLE_SS_IO {MIO 1 .. 6} \
##     CONFIG.PCW_QSPI_GRP_SS1_ENABLE {0} \
##     CONFIG.PCW_QSPI_INTERNAL_HIGHADDRESS {0xFCFFFFFF} \
##     CONFIG.PCW_QSPI_PERIPHERAL_CLKSRC {IO PLL} \
##     CONFIG.PCW_QSPI_PERIPHERAL_ENABLE {1} \
##     CONFIG.PCW_QSPI_PERIPHERAL_FREQMHZ {200} \
##     CONFIG.PCW_QSPI_QSPI_IO {MIO 1 .. 6} \
##     CONFIG.PCW_SD0_GRP_CD_ENABLE {1} \
##     CONFIG.PCW_SD0_GRP_CD_IO {MIO 47} \
##     CONFIG.PCW_SD0_GRP_POW_ENABLE {0} \
##     CONFIG.PCW_SD0_GRP_WP_ENABLE {0} \
##     CONFIG.PCW_SD0_PERIPHERAL_ENABLE {1} \
##     CONFIG.PCW_SD0_SD0_IO {MIO 40 .. 45} \
##     CONFIG.PCW_SDIO_PERIPHERAL_CLKSRC {IO PLL} \
##     CONFIG.PCW_SDIO_PERIPHERAL_FREQMHZ {50} \
##     CONFIG.PCW_SDIO_PERIPHERAL_VALID {1} \
##     CONFIG.PCW_SINGLE_QSPI_DATA_MODE {x4} \
##     CONFIG.PCW_SMC_PERIPHERAL_CLKSRC {IO PLL} \
##     CONFIG.PCW_TPIU_PERIPHERAL_CLKSRC {External} \
##     CONFIG.PCW_UART0_PERIPHERAL_ENABLE {0} \
##     CONFIG.PCW_UART1_BAUD_RATE {115200} \
##     CONFIG.PCW_UART1_GRP_FULL_ENABLE {0} \
##     CONFIG.PCW_UART1_PERIPHERAL_ENABLE {1} \
##     CONFIG.PCW_UART1_UART1_IO {MIO 48 .. 49} \
##     CONFIG.PCW_UART_PERIPHERAL_CLKSRC {IO PLL} \
##     CONFIG.PCW_UART_PERIPHERAL_FREQMHZ {100} \
##     CONFIG.PCW_UART_PERIPHERAL_VALID {1} \
##     CONFIG.PCW_UIPARAM_ACT_DDR_FREQ_MHZ {533.333374} \
##     CONFIG.PCW_UIPARAM_DDR_ADV_ENABLE {0} \
##     CONFIG.PCW_UIPARAM_DDR_AL {0} \
##     CONFIG.PCW_UIPARAM_DDR_BL {8} \
##     CONFIG.PCW_UIPARAM_DDR_BOARD_DELAY0 {0.221} \
##     CONFIG.PCW_UIPARAM_DDR_BOARD_DELAY1 {0.222} \
##     CONFIG.PCW_UIPARAM_DDR_BOARD_DELAY2 {0.217} \
##     CONFIG.PCW_UIPARAM_DDR_BOARD_DELAY3 {0.244} \
##     CONFIG.PCW_UIPARAM_DDR_BUS_WIDTH {32 Bit} \
##     CONFIG.PCW_UIPARAM_DDR_CLOCK_0_LENGTH_MM {18.8} \
##     CONFIG.PCW_UIPARAM_DDR_CLOCK_0_PACKAGE_LENGTH {80.4535} \
##     CONFIG.PCW_UIPARAM_DDR_CLOCK_0_PROPOGATION_DELAY {160} \
##     CONFIG.PCW_UIPARAM_DDR_CLOCK_1_LENGTH_MM {18.8} \
##     CONFIG.PCW_UIPARAM_DDR_CLOCK_1_PACKAGE_LENGTH {80.4535} \
##     CONFIG.PCW_UIPARAM_DDR_CLOCK_1_PROPOGATION_DELAY {160} \
##     CONFIG.PCW_UIPARAM_DDR_CLOCK_2_LENGTH_MM {18.8} \
##     CONFIG.PCW_UIPARAM_DDR_CLOCK_2_PACKAGE_LENGTH {80.4535} \
##     CONFIG.PCW_UIPARAM_DDR_CLOCK_2_PROPOGATION_DELAY {160} \
##     CONFIG.PCW_UIPARAM_DDR_CLOCK_3_LENGTH_MM {18.8} \
##     CONFIG.PCW_UIPARAM_DDR_CLOCK_3_PACKAGE_LENGTH {80.4535} \
##     CONFIG.PCW_UIPARAM_DDR_CLOCK_3_PROPOGATION_DELAY {160} \
##     CONFIG.PCW_UIPARAM_DDR_CLOCK_STOP_EN {0} \
##     CONFIG.PCW_UIPARAM_DDR_DQS_0_LENGTH_MM {22.8} \
##     CONFIG.PCW_UIPARAM_DDR_DQS_0_PACKAGE_LENGTH {105.056} \
##     CONFIG.PCW_UIPARAM_DDR_DQS_0_PROPOGATION_DELAY {160} \
##     CONFIG.PCW_UIPARAM_DDR_DQS_1_LENGTH_MM {27.9} \
##     CONFIG.PCW_UIPARAM_DDR_DQS_1_PACKAGE_LENGTH {66.904} \
##     CONFIG.PCW_UIPARAM_DDR_DQS_1_PROPOGATION_DELAY {160} \
##     CONFIG.PCW_UIPARAM_DDR_DQS_2_LENGTH_MM {22.9} \
##     CONFIG.PCW_UIPARAM_DDR_DQS_2_PACKAGE_LENGTH {89.1715} \
##     CONFIG.PCW_UIPARAM_DDR_DQS_2_PROPOGATION_DELAY {160} \
##     CONFIG.PCW_UIPARAM_DDR_DQS_3_LENGTH_MM {29.4} \
##     CONFIG.PCW_UIPARAM_DDR_DQS_3_PACKAGE_LENGTH {113.63} \
##     CONFIG.PCW_UIPARAM_DDR_DQS_3_PROPOGATION_DELAY {160} \
##     CONFIG.PCW_UIPARAM_DDR_DQS_TO_CLK_DELAY_0 {-0.050} \
##     CONFIG.PCW_UIPARAM_DDR_DQS_TO_CLK_DELAY_1 {-0.044} \
##     CONFIG.PCW_UIPARAM_DDR_DQS_TO_CLK_DELAY_2 {-0.035} \
##     CONFIG.PCW_UIPARAM_DDR_DQS_TO_CLK_DELAY_3 {-0.100} \
##     CONFIG.PCW_UIPARAM_DDR_DQ_0_LENGTH_MM {22.8} \
##     CONFIG.PCW_UIPARAM_DDR_DQ_0_PACKAGE_LENGTH {98.503} \
##     CONFIG.PCW_UIPARAM_DDR_DQ_0_PROPOGATION_DELAY {160} \
##     CONFIG.PCW_UIPARAM_DDR_DQ_1_LENGTH_MM {27.9} \
##     CONFIG.PCW_UIPARAM_DDR_DQ_1_PACKAGE_LENGTH {68.5855} \
##     CONFIG.PCW_UIPARAM_DDR_DQ_1_PROPOGATION_DELAY {160} \
##     CONFIG.PCW_UIPARAM_DDR_DQ_2_LENGTH_MM {22.9} \
##     CONFIG.PCW_UIPARAM_DDR_DQ_2_PACKAGE_LENGTH {90.295} \
##     CONFIG.PCW_UIPARAM_DDR_DQ_2_PROPOGATION_DELAY {160} \
##     CONFIG.PCW_UIPARAM_DDR_DQ_3_LENGTH_MM {29.4} \
##     CONFIG.PCW_UIPARAM_DDR_DQ_3_PACKAGE_LENGTH {103.977} \
##     CONFIG.PCW_UIPARAM_DDR_DQ_3_PROPOGATION_DELAY {160} \
##     CONFIG.PCW_UIPARAM_DDR_ENABLE {1} \
##     CONFIG.PCW_UIPARAM_DDR_FREQ_MHZ {533.333333} \
##     CONFIG.PCW_UIPARAM_DDR_HIGH_TEMP {Normal (0-85)} \
##     CONFIG.PCW_UIPARAM_DDR_MEMORY_TYPE {DDR 3 (Low Voltage)} \
##     CONFIG.PCW_UIPARAM_DDR_PARTNO {MT41K256M16 RE-125} \
##     CONFIG.PCW_UIPARAM_DDR_TRAIN_DATA_EYE {1} \
##     CONFIG.PCW_UIPARAM_DDR_TRAIN_READ_GATE {1} \
##     CONFIG.PCW_UIPARAM_DDR_TRAIN_WRITE_LEVEL {1} \
##     CONFIG.PCW_UIPARAM_DDR_USE_INTERNAL_VREF {0} \
##     CONFIG.PCW_USB0_PERIPHERAL_ENABLE {1} \
##     CONFIG.PCW_USB0_RESET_ENABLE {1} \
##     CONFIG.PCW_USB0_RESET_IO {MIO 46} \
##     CONFIG.PCW_USB0_USB0_IO {MIO 28 .. 39} \
##     CONFIG.PCW_USB_RESET_ENABLE {1} \
##     CONFIG.PCW_USB_RESET_POLARITY {Active Low} \
##     CONFIG.PCW_USB_RESET_SELECT {Share reset pin} \
##     CONFIG.PCW_USE_AXI_NONSECURE {0} \
##     CONFIG.PCW_USE_CROSS_TRIGGER {0} \
##     CONFIG.PCW_USE_M_AXI_GP0 {1} \
##     CONFIG.PCW_USE_S_AXI_HP0 {1} \
##   ] $processing_system7_0
## 
## 
##   # Create instance: axis_tpg_0, and set properties
##   set block_name axis_tpg
##   set block_cell_name axis_tpg_0
##   if { [catch {set axis_tpg_0 [create_bd_cell -type module -reference $block_name $block_cell_name] } errmsg] } {
##      catch {common::send_gid_msg -ssname BD::TCL -id 2095 -severity "ERROR" "Unable to add referenced block <$block_name>. Please add the files for ${block_name}'s definition into the project."}
##      return 1
##    } elseif { $axis_tpg_0 eq "" } {
##      catch {common::send_gid_msg -ssname BD::TCL -id 2096 -severity "ERROR" "Unable to referenced block <$block_name>. Please add the files for ${block_name}'s definition into the project."}
##      return 1
##    }
##     set_property -dict [list \
##     CONFIG.H_ACTIVE {64} \
##     CONFIG.V_ACTIVE {48} \
##   ] $axis_tpg_0
## 
## 
##   # Create instance: axi_vdma_0, and set properties
##   set axi_vdma_0 [ create_bd_cell -type ip -vlnv xilinx.com:ip:axi_vdma:6.3 axi_vdma_0 ]
##   set_property -dict [list \
##     CONFIG.c_addr_width {32} \
##     CONFIG.c_include_mm2s {0} \
##     CONFIG.c_include_s2mm {1} \
##     CONFIG.c_m_axi_s2mm_data_width {64} \
##   ] $axi_vdma_0
## 
## 
##   # Create instance: axi_smc, and set properties
##   set axi_smc [ create_bd_cell -type ip -vlnv xilinx.com:ip:smartconnect:1.0 axi_smc ]
##   set_property -dict [list \
##     CONFIG.NUM_MI {2} \
##     CONFIG.NUM_SI {1} \
##   ] $axi_smc
## 
## 
##   # Create instance: rst_ps7_0_100M, and set properties
##   set rst_ps7_0_100M [ create_bd_cell -type ip -vlnv xilinx.com:ip:proc_sys_reset:5.0 rst_ps7_0_100M ]
## 
##   # Create instance: axi_mem_intercon, and set properties
##   set axi_mem_intercon [ create_bd_cell -type ip -vlnv xilinx.com:ip:axi_interconnect:2.1 axi_mem_intercon ]
##   set_property CONFIG.NUM_MI {1} $axi_mem_intercon
## 
## 
##   # Create instance: axil_regfile_0, and set properties
##   set block_name axil_regfile
##   set block_cell_name axil_regfile_0
##   if { [catch {set axil_regfile_0 [create_bd_cell -type module -reference $block_name $block_cell_name] } errmsg] } {
##      catch {common::send_gid_msg -ssname BD::TCL -id 2095 -severity "ERROR" "Unable to add referenced block <$block_name>. Please add the files for ${block_name}'s definition into the project."}
##      return 1
##    } elseif { $axil_regfile_0 eq "" } {
##      catch {common::send_gid_msg -ssname BD::TCL -id 2096 -severity "ERROR" "Unable to referenced block <$block_name>. Please add the files for ${block_name}'s definition into the project."}
##      return 1
##    }
##     set_property CONFIG.ADDR_WIDTH {12} $axil_regfile_0
## 
## 
##   # Create instance: xlconst_status, and set properties
##   set xlconst_status [ create_bd_cell -type ip -vlnv xilinx.com:ip:xlconstant:1.1 xlconst_status ]
##   set_property -dict [list \
##     CONFIG.CONST_VAL {0} \
##     CONFIG.CONST_WIDTH {32} \
##   ] $xlconst_status
## 
## 
##   # Create interface connections
##   connect_bd_intf_net -intf_net axi_mem_intercon_M00_AXI [get_bd_intf_pins axi_mem_intercon/M00_AXI] [get_bd_intf_pins processing_system7_0/S_AXI_HP0]
##   connect_bd_intf_net -intf_net axi_smc_M00_AXI [get_bd_intf_pins axi_smc/M00_AXI] [get_bd_intf_pins axi_vdma_0/S_AXI_LITE]
##   connect_bd_intf_net -intf_net axi_smc_M01_AXI [get_bd_intf_pins axi_smc/M01_AXI] [get_bd_intf_pins axil_regfile_0/s_axil]
##   connect_bd_intf_net -intf_net axi_vdma_0_M_AXI_S2MM [get_bd_intf_pins axi_vdma_0/M_AXI_S2MM] [get_bd_intf_pins axi_mem_intercon/S00_AXI]
##   connect_bd_intf_net -intf_net axis_tpg_0_m_axis [get_bd_intf_pins axis_tpg_0/m_axis] [get_bd_intf_pins axi_vdma_0/S_AXIS_S2MM]
##   connect_bd_intf_net -intf_net processing_system7_0_DDR [get_bd_intf_ports DDR] [get_bd_intf_pins processing_system7_0/DDR]
##   connect_bd_intf_net -intf_net processing_system7_0_FIXED_IO [get_bd_intf_ports FIXED_IO] [get_bd_intf_pins processing_system7_0/FIXED_IO]
##   connect_bd_intf_net -intf_net processing_system7_0_M_AXI_GP0 [get_bd_intf_pins processing_system7_0/M_AXI_GP0] [get_bd_intf_pins axi_smc/S00_AXI]
## 
##   # Create port connections
##   connect_bd_net -net processing_system7_0_FCLK_CLK0  [get_bd_pins processing_system7_0/FCLK_CLK0] \
##   [get_bd_pins processing_system7_0/M_AXI_GP0_ACLK] \
##   [get_bd_pins axi_smc/aclk] \
##   [get_bd_pins axi_vdma_0/s_axi_lite_aclk] \
##   [get_bd_pins rst_ps7_0_100M/slowest_sync_clk] \
##   [get_bd_pins axi_vdma_0/m_axi_s2mm_aclk] \
##   [get_bd_pins axi_mem_intercon/S00_ACLK] \
##   [get_bd_pins processing_system7_0/S_AXI_HP0_ACLK] \
##   [get_bd_pins axi_mem_intercon/M00_ACLK] \
##   [get_bd_pins axi_mem_intercon/ACLK] \
##   [get_bd_pins axis_tpg_0/aclk] \
##   [get_bd_pins axi_vdma_0/s_axis_s2mm_aclk] \
##   [get_bd_pins axil_regfile_0/aclk]
##   connect_bd_net -net processing_system7_0_FCLK_RESET0_N  [get_bd_pins processing_system7_0/FCLK_RESET0_N] \
##   [get_bd_pins rst_ps7_0_100M/ext_reset_in]
##   connect_bd_net -net rst_ps7_0_100M_peripheral_aresetn  [get_bd_pins rst_ps7_0_100M/peripheral_aresetn] \
##   [get_bd_pins axi_vdma_0/axi_resetn] \
##   [get_bd_pins axi_smc/aresetn] \
##   [get_bd_pins axi_mem_intercon/S00_ARESETN] \
##   [get_bd_pins axi_mem_intercon/M00_ARESETN] \
##   [get_bd_pins axi_mem_intercon/ARESETN] \
##   [get_bd_pins axis_tpg_0/aresetn] \
##   [get_bd_pins axil_regfile_0/aresetn]
##   connect_bd_net -net xlconst_status_dout  [get_bd_pins xlconst_status/dout] \
##   [get_bd_pins axil_regfile_0/status_in]
##   connect_bd_net -net xlconstant_0_dout  [get_bd_pins axil_regfile_0/tpg_enable] \
##   [get_bd_pins axis_tpg_0/enable]
##   connect_bd_net -net xlconstant_1_dout  [get_bd_pins axil_regfile_0/pattern_sel] \
##   [get_bd_pins axis_tpg_0/pattern_sel]
## 
##   # Create address segments
##   assign_bd_address -offset 0x43000000 -range 0x00010000 -target_address_space [get_bd_addr_spaces processing_system7_0/Data] [get_bd_addr_segs axi_vdma_0/S_AXI_LITE/Reg] -force
##   assign_bd_address -offset 0x43C00000 -range 0x00001000 -target_address_space [get_bd_addr_spaces processing_system7_0/Data] [get_bd_addr_segs axil_regfile_0/s_axil/reg0] -force
##   assign_bd_address -offset 0x00000000 -range 0x40000000 -target_address_space [get_bd_addr_spaces axi_vdma_0/Data_S2MM] [get_bd_addr_segs processing_system7_0/S_AXI_HP0/HP0_DDR_LOWOCM] -force
## 
## 
##   # Restore current instance
##   current_bd_instance $oldCurInst
## 
##   validate_bd_design
##   save_bd_design
## }
## create_root_design ""
create_bd_cell: Time (s): cpu = 00:00:07 ; elapsed = 00:00:20 . Memory (MB): peak = 676.918 ; gain = 70.785
CRITICAL WARNING: [PSU-1]  Parameter : PCW_UIPARAM_DDR_DQS_TO_CLK_DELAY_0 has negative value -0.050 . PS DDR interfaces might fail when entering negative DQS skew values. 
CRITICAL WARNING: [PSU-2]  Parameter : PCW_UIPARAM_DDR_DQS_TO_CLK_DELAY_1 has negative value -0.044 . PS DDR interfaces might fail when entering negative DQS skew values. 
CRITICAL WARNING: [PSU-3]  Parameter : PCW_UIPARAM_DDR_DQS_TO_CLK_DELAY_2 has negative value -0.035 . PS DDR interfaces might fail when entering negative DQS skew values. 
CRITICAL WARNING: [PSU-4]  Parameter : PCW_UIPARAM_DDR_DQS_TO_CLK_DELAY_3 has negative value -0.100 . PS DDR interfaces might fail when entering negative DQS skew values. 
CRITICAL WARNING: [PSU-1]  Parameter : PCW_UIPARAM_DDR_DQS_TO_CLK_DELAY_0 has negative value -0.050 . PS DDR interfaces might fail when entering negative DQS skew values. 
CRITICAL WARNING: [PSU-2]  Parameter : PCW_UIPARAM_DDR_DQS_TO_CLK_DELAY_1 has negative value -0.044 . PS DDR interfaces might fail when entering negative DQS skew values. 
CRITICAL WARNING: [PSU-3]  Parameter : PCW_UIPARAM_DDR_DQS_TO_CLK_DELAY_2 has negative value -0.035 . PS DDR interfaces might fail when entering negative DQS skew values. 
CRITICAL WARNING: [PSU-4]  Parameter : PCW_UIPARAM_DDR_DQS_TO_CLK_DELAY_3 has negative value -0.100 . PS DDR interfaces might fail when entering negative DQS skew values. 
INFO: [Ipptcl 7-1463] No Compatible Board Interface found. Board Tab not created in customize GUI
create_bd_cell: Time (s): cpu = 00:00:04 ; elapsed = 00:00:08 . Memory (MB): peak = 702.488 ; gain = 14.367
INFO: [BD 5-1043] It is recommended to use inline hdl version xilinx.com:inline_hdl:ilconstant:1.0 for the IP type xilinx.com:ip:xlconstant:1.1 for improved performance and reduced disk space. IPs with VLNV xilinx.com:ip:xlconstant:1.1 will not be supported from release 2025.2. More information on inline hdl IP is available in UG994 
Slave segment '/axi_vdma_0/S_AXI_LITE/Reg' is being assigned into address space '/processing_system7_0/Data' at <0x4300_0000 [ 64K ]>.
Slave segment '/axil_regfile_0/s_axil/reg0' is being assigned into address space '/processing_system7_0/Data' at <0x43C0_0000 [ 4K ]>.
Slave segment '/processing_system7_0/S_AXI_HP0/HP0_DDR_LOWOCM' is being assigned into address space '/axi_vdma_0/Data_S2MM' at <0x0000_0000 [ 1G ]>.
CRITICAL WARNING: [PSU-1]  Parameter : PCW_UIPARAM_DDR_DQS_TO_CLK_DELAY_0 has negative value -0.050 . PS DDR interfaces might fail when entering negative DQS skew values. 
CRITICAL WARNING: [PSU-2]  Parameter : PCW_UIPARAM_DDR_DQS_TO_CLK_DELAY_1 has negative value -0.044 . PS DDR interfaces might fail when entering negative DQS skew values. 
CRITICAL WARNING: [PSU-3]  Parameter : PCW_UIPARAM_DDR_DQS_TO_CLK_DELAY_2 has negative value -0.035 . PS DDR interfaces might fail when entering negative DQS skew values. 
CRITICAL WARNING: [PSU-4]  Parameter : PCW_UIPARAM_DDR_DQS_TO_CLK_DELAY_3 has negative value -0.100 . PS DDR interfaces might fail when entering negative DQS skew values. 
INFO: [BD 5-943] Reserving offset range <0x4300_0000 [ 64K ]> from slave interface '/axi_smc/S00_AXI' to master interface '/axi_smc/M00_AXI'. This will be used by smartconnect on path for routing.
INFO: [BD 5-943] Reserving offset range <0x43C0_0000 [ 4K ]> from slave interface '/axi_smc/S00_AXI' to master interface '/axi_smc/M01_AXI'. This will be used by smartconnect on path for routing.
INFO: [xilinx.com:ip:smartconnect:1.0-1] image_block_axi_smc_0: SmartConnect image_block_axi_smc_0 is in Low-Area Mode.
INFO: [Ipptcl 7-1463] No Compatible Board Interface found. Board Tab not created in customize GUI
create_bd_cell: Time (s): cpu = 00:00:03 ; elapsed = 00:00:05 . Memory (MB): peak = 758.656 ; gain = 8.219
xit::source_ipfile: Time (s): cpu = 00:00:09 ; elapsed = 00:00:23 . Memory (MB): peak = 787.891 ; gain = 52.668
xit::source_ipfile: Time (s): cpu = 00:00:09 ; elapsed = 00:00:16 . Memory (MB): peak = 794.977 ; gain = 7.086
validate_bd_design: Time (s): cpu = 00:00:22 ; elapsed = 00:00:49 . Memory (MB): peak = 800.953 ; gain = 75.340
Wrote  : <C:\Users\user\Desktop\project\BARN_AI_FPGA_PL\BARN_AI\BARN AI.srcs\sources_1\bd\image_block\image_block.bd> 
save_bd_design: Time (s): cpu = 00:00:03 ; elapsed = 00:00:11 . Memory (MB): peak = 800.953 ; gain = 0.000
# current_bd_design [get_bd_designs image_block]
# puts "DIAG regfile pins = [lsort [get_bd_pins -of_objects [get_bd_cells axil_regfile_0]]]"
DIAG regfile pins = /axil_regfile_0/aclk /axil_regfile_0/aresetn /axil_regfile_0/pattern_sel /axil_regfile_0/s_axil_araddr /axil_regfile_0/s_axil_arready /axil_regfile_0/s_axil_arvalid /axil_regfile_0/s_axil_awaddr /axil_regfile_0/s_axil_awready /axil_regfile_0/s_axil_awvalid /axil_regfile_0/s_axil_bready /axil_regfile_0/s_axil_bresp /axil_regfile_0/s_axil_bvalid /axil_regfile_0/s_axil_rdata /axil_regfile_0/s_axil_rready /axil_regfile_0/s_axil_rresp /axil_regfile_0/s_axil_rvalid /axil_regfile_0/s_axil_wdata /axil_regfile_0/s_axil_wready /axil_regfile_0/s_axil_wstrb /axil_regfile_0/s_axil_wvalid /axil_regfile_0/status_in /axil_regfile_0/tpg_enable
# delete_bd_objs [get_bd_intf_nets -of_objects [get_bd_intf_pins axis_tpg_0/m_axis]]
# create_bd_cell -type module -reference axis_tpg      axis_tpg_B
# create_bd_cell -type module -reference axis_demosaic axis_demosaic_0
# create_bd_cell -type module -reference axis_vid_mux  axis_vid_mux_0
# create_bd_cell -type module -reference axis_gamma    axis_gamma_0
# set_property -dict [list CONFIG.H_ACTIVE {64} CONFIG.V_ACTIVE {48}] [get_bd_cells axis_tpg_B]
# set_property -dict [list CONFIG.H_ACTIVE {64} CONFIG.V_ACTIVE {48}] [get_bd_cells axis_demosaic_0]
# set_property CONFIG.LUT_FILE "$RTL/gamma_lut.mem" [get_bd_cells axis_gamma_0]
# create_bd_cell -type ip -vlnv xilinx.com:ip:xlconstant:1.1 xlconst_pat2
INFO: [BD 5-1043] It is recommended to use inline hdl version xilinx.com:inline_hdl:ilconstant:1.0 for the IP type xilinx.com:ip:xlconstant:1.1 for improved performance and reduced disk space. IPs with VLNV xilinx.com:ip:xlconstant:1.1 will not be supported from release 2025.2. More information on inline hdl IP is available in UG994 
# set_property -dict [list CONFIG.CONST_WIDTH {2} CONFIG.CONST_VAL {2}] [get_bd_cells xlconst_pat2]
# create_bd_cell -type ip -vlnv xilinx.com:ip:axis_subset_converter:1.1 conv_b
# set_property -dict [list CONFIG.S_TDATA_NUM_BYTES {3} CONFIG.M_TDATA_NUM_BYTES {1} \
#     CONFIG.TDATA_REMAP {tdata[7:0]}] [get_bd_cells conv_b]
# set clk_pins [get_bd_pins processing_system7_0/FCLK_CLK0]
# set rst_pins [get_bd_pins rst_ps7_0_100M/peripheral_aresetn]
# foreach c {axis_tpg_B axis_demosaic_0 axis_vid_mux_0 axis_gamma_0 conv_b} {
#     set cp [get_bd_pins -quiet $c/aclk]
#     set rp [get_bd_pins -quiet $c/aresetn]
#     if {$cp ne ""} { lappend clk_pins $cp }
#     if {$rp ne ""} { lappend rst_pins $rp }
# }
# connect_bd_net $clk_pins
# connect_bd_net $rst_pins
WARNING: [BD 5-235] No pins matched 'get_bd_pins axil_regfile_0/mux_sel'
# connect_bd_net [get_bd_pins axil_regfile_0/mux_sel]    [get_bd_pins axis_vid_mux_0/sel]
vivado.bat : ERROR: [BD 41-701] connect_bd_net requires at least two pins/ports, or one pin/port and a net
At line:1 char:372
+ ... L\scripts"; & "C:\AMDDesignTools\2025.2\Vivado\bin\vivado.bat" -mode  ...
+                 ~~~~~~~~~~~~~~~~~~~~~~~~~~~~~~~~~~~~~~~~~~~~~~~~~~~~~~~~~
    + CategoryInfo          : NotSpecified: (ERROR: [BD 41-7.../port and a net:String) [], RemoteException
    + FullyQualifiedErrorId : NativeCommandError
 
ERROR: [BD 5-4] Error: running connect_bd_net.
ERROR: [Common 17-39] 'connect_bd_net' failed due to earlier errors.

    while executing
"connect_bd_net [get_bd_pins axil_regfile_0/mux_sel]    [get_bd_pins axis_vid_mux_0/sel]"
    (file "rebuild_bd_step5.tcl" line 63)
INFO: [Common 17-206] Exiting Vivado at Fri Jul 24 20:40:58 2026...
